******************************************************************************
                  MSP430 Linker PC v4.1.2                      
******************************************************************************
>> Linked Fri Feb 22 14:02:59 2013

OUTPUT FILE NAME:   <ADS1118_LaunchPad.out>
ENTRY POINT SYMBOL: "_c_int00"  address: 0000d6c4


MEMORY CONFIGURATION

         name            origin    length      used     unused   attr    fill
----------------------  --------  ---------  --------  --------  ----  --------
  SFR                   00000000   00000010  00000000  00000010  RWIX
  PERIPHERALS_8BIT      00000010   000000f0  00000000  000000f0  RWIX
  PERIPHERALS_16BIT     00000100   00000100  00000000  00000100  RWIX
  RAM                   00000200   00000200  00000056  000001aa  RWIX
  INFOD                 00001000   00000040  00000000  00000040  RWIX
  INFOC                 00001040   00000040  00000000  00000040  RWIX
  INFOB                 00001080   00000040  00000000  00000040  RWIX
  INFOA                 000010c0   00000040  00000000  00000040  RWIX
  FLASH                 0000c000   00003fe0  000018c2  0000271e  RWIX
  INT00                 0000ffe0   00000002  00000000  00000002  RWIX
  INT01                 0000ffe2   00000002  00000000  00000002  RWIX
  INT02                 0000ffe4   00000002  00000002  00000000  RWIX
  INT03                 0000ffe6   00000002  00000002  00000000  RWIX
  INT04                 0000ffe8   00000002  00000000  00000002  RWIX
  INT05                 0000ffea   00000002  00000000  00000002  RWIX
  INT06                 0000ffec   00000002  00000000  00000002  RWIX
  INT07                 0000ffee   00000002  00000000  00000002  RWIX
  INT08                 0000fff0   00000002  00000000  00000002  RWIX
  INT09                 0000fff2   00000002  00000002  00000000  RWIX
  INT10                 0000fff4   00000002  00000000  00000002  RWIX
  INT11                 0000fff6   00000002  00000000  00000002  RWIX
  INT12                 0000fff8   00000002  00000000  00000002  RWIX
  INT13                 0000fffa   00000002  00000002  00000000  RWIX
  INT14                 0000fffc   00000002  00000002  00000000  RWIX
  RESET                 0000fffe   00000002  00000002  00000000  RWIX


SECTION ALLOCATION MAP

 output                                  attributes/
section   page    origin      length       input sections
--------  ----  ----------  ----------   ----------------
xdc.meta   0    00000000    000000e6     COPY SECTION
                  00000000    000000e6     main_pe430.oe430 (xdc.meta)

.init_array 
*          0    0000c000    00000000     UNINITIALIZED

.bss       0    00000200    00000010     UNINITIALIZED
                  00000200    00000010     main.obj (.bss)

.TI.noinit 
*          0    00000200    00000000     UNINITIALIZED

.data      0    00000210    00000006     
                  00000210    00000006     main.obj (.data)

.TI.persistent 
*          0    00000210    00000000     UNINITIALIZED

.stack     0    000003c0    00000040     UNINITIALIZED
                  000003c0    00000002     ti.targets.msp430.rts430.ae430 : boot.oe430 (.stack)
                  000003c2    0000003e     --HOLE--

.text      0    0000c000    00001890     
                  0000c000    00000498     ADS1118.obj (.text:ADC_code2temp)
                  0000c498    00000310     ADS1118.obj (.text:local_compensation)
                  0000c7a8    00000186     main.obj (.text:half_second)
                  0000c92e    00000130     rts430_eabi.lib : fs_add.obj (.text)
                  0000ca5e    0000010e     main.obj (.text:main)
                  0000cb6c    00000108     LCD_driver.obj (.text:LCD_display_time)
                  0000cc74    000000c2     rts430_eabi.lib : fs_mpy.obj (.text)
                  0000cd36    000000be     LCD_driver.obj (.text:LCD_display_temp)
                  0000cdf4    000000b8     main.obj (.text:set_Time)
                  0000ceac    000000a8     LCD_driver.obj (.text:LCD_display_number)
                  0000cf54    000000a0     ADS1118.obj (.text:WriteSPI)
                  0000cff4    0000009a     rts430_eabi.lib : fs_div.obj (.text)
                  0000d08e    00000096     main.obj (.text:ADC_display)
                  0000d124    00000086     main.obj (.text:set_Thrtemp)
                  0000d1aa    00000082     main.obj (.text:System_Initial)
                  0000d22c    00000074     LCD_driver.obj (.text:LCD_init)
                  0000d2a0    0000006a     ti.targets.msp430.rts430.ae430 : autoinit.oe430 (.text:_auto_init)
                  0000d30a    00000068     rts430_eabi.lib : fs_toi.obj (.text)
                  0000d372    0000005e     grace.lib : GPIO_init.obj (.text:GPIO_graceInit)
                  0000d3d0    0000005e     rts430_eabi.lib : copy_decompress_rle.obj (.text:__TI_decompress_rle_core)
                  0000d42e    00000058                     : div32u.obj (.text)
                  0000d486    0000004a                     : fs_cmp.obj (.text)
                  0000d4d0    0000004a     main.obj (.text:time_display)
                  0000d51a    00000036     ADS1118.obj (.text:ADS_Config)
                  0000d550    00000036     ADS1118.obj (.text:ADS_Read)
                  0000d586    00000036     rts430_eabi.lib : fs_itof.obj (.text)
                  0000d5bc    00000030     LCD_driver.obj (.text:LCD_display_string)
                  0000d5ec    0000002c     grace.lib : Grace_init.obj (.text:Grace_init)
                  0000d618    0000002c     LCD_driver.obj (.text:LCD_display_char)
                  0000d644    0000002c     grace.lib : InterruptVectors_init.obj (.text:PORT2_ISR_HOOK)
                  0000d670    0000002c     rts430_eabi.lib : div16s.obj (.text)
                  0000d69c    00000028     grace.lib : BCSplus_init.obj (.text:BCSplus_graceInit)
                  0000d6c4    00000026     ti.targets.msp430.rts430.ae430 : boot.oe430 (.text:_c_int00_noexit)
                  0000d6ea    00000024     LCD_driver.obj (.text:LCD_writecom)
                  0000d70e    00000024     LCD_driver.obj (.text:LCD_writedata)
                  0000d732    0000001c     grace.lib : USCI_B0_init.obj (.text:USCI_B0_graceInit)
                  0000d74e    0000001a     LCD_driver.obj (.text:LCD_clear)
                  0000d768    0000001a     grace.lib : InterruptVectors_init.obj (.text:TIMER0_A0_ISR_HOOK)
                  0000d782    00000018     LCD_driver.obj (.text:LCD_delay_Nms)
                  0000d79a    00000016     grace.lib : USCI_A0_init.obj (.text:USCI_A0_graceInit)
                  0000d7b0    00000016     rts430_eabi.lib : div16u.obj (.text)
                  0000d7c6    00000014     grace.lib : Timer0_A3_init.obj (.text:Timer0_A3_graceInit)
                  0000d7da    00000014               : Timer1_A3_init.obj (.text:Timer1_A3_graceInit)
                  0000d7ee    00000014     rts430_eabi.lib : copy_zero_init.obj (.text:decompress:ZI:__TI_zero_init)
                  0000d802    00000014                     : mult16.obj (.text)
                  0000d816    00000012                     : copy_decompress_none.obj (.text:decompress:none:__TI_decompress_none)
                  0000d828    00000012                     : memcpy.obj (.text:memcpy)
                  0000d83a    00000010     main.obj (.text:delay)
                  0000d84a    00000010     rts430_eabi.lib : epilog.obj (.text)
                  0000d85a    0000000e     grace.lib : InterruptVectors_init.obj (.text:TIMER1_A0_ISR_HOOK)
                  0000d868    0000000a               : InterruptVectors_init.obj (.text:PORT1_ISR_HOOK)
                  0000d872    00000008               : WDTplus_init.obj (.text:WDTplus_graceInit)
                  0000d87a    00000006     rts430_eabi.lib : copy_decompress_rle.obj (.text:decompress:rle24:__TI_decompress_rle24)
                  0000d880    00000004     grace.lib : System_init.obj (.text:System_graceInit)
                  0000d884    00000004     ti.targets.msp430.rts430.ae430 : pre_init.oe430 (.text:_system_pre_init)
                  0000d888    00000004     rts430_eabi.lib : exit.obj (.text:abort)
                  0000d88c    00000002     grace.lib : InterruptVectors_init.obj (.text:InterruptVectors_graceInit)
                  0000d88e    00000002               : InterruptVectors_init.obj (.text:NMI_ISR_HOOK)

.const     0    0000d890    00000016     
                  0000d890    00000016     main.obj (.const:.string)

.cinit     0    0000d8a6    0000001c     
                  0000d8a6    00000009     (.cinit..data.load) [load image, compression = rle]
                  0000d8af    00000001     --HOLE-- [fill = 0]
                  0000d8b0    00000006     (__TI_handler_table)
                  0000d8b6    00000004     (.cinit..bss.load) [load image, compression = zero_init]
                  0000d8ba    00000008     (__TI_cinit_table)

PORT1      0    0000ffe4    00000002     
                  0000ffe4    00000002     grace.lib : InterruptVectors_init.obj (.int02)

PORT2      0    0000ffe6    00000002     
                  0000ffe6    00000002     grace.lib : InterruptVectors_init.obj (.int03)

TIMER0_A0 
*          0    0000fff2    00000002     
                  0000fff2    00000002     grace.lib : InterruptVectors_init.obj (.int09)

TIMER1_A0 
*          0    0000fffa    00000002     
                  0000fffa    00000002     grace.lib : InterruptVectors_init.obj (.int13)

NMI        0    0000fffc    00000002     
                  0000fffc    00000002     grace.lib : InterruptVectors_init.obj (.int14)

.reset     0    0000fffe    00000002     
                  0000fffe    00000002     ti.targets.msp430.rts430.ae430 : boot.oe430 (.reset)


LINKER GENERATED COPY TABLES

__TI_cinit_table @ 0000d8ba records: 2, size/record: 4, table size: 8
	.data: load addr=0000d8a6, load size=00000009 bytes, run addr=00000210, run size=00000006 bytes, compression=rle
	.bss: load addr=0000d8b6, load size=00000004 bytes, run addr=00000200, run size=00000010 bytes, compression=zero_init


LINKER GENERATED HANDLER TABLE

__TI_handler_table @ 0000d8b0 records: 3, size/record: 2, table size: 6
	index: 0, handler: __TI_zero_init
	index: 1, handler: __TI_decompress_rle24
	index: 2, handler: __TI_decompress_none


GLOBAL SYMBOLS: SORTED ALPHABETICALLY BY Name 

address    name
--------   ----
0000004a   ADC10AE0
000001b0   ADC10CTL0
000001b2   ADC10CTL1
00000048   ADC10DTC0
00000049   ADC10DTC1
000001b4   ADC10MEM
000001bc   ADC10SA
0000c000   ADC_code2temp
0000d08e   ADC_display
0000d51a   ADS_Config
0000d550   ADS_Read
0000020a   Act_temp
00000057   BCSCTL1
00000058   BCSCTL2
00000053   BCSCTL3
0000d69c   BCSplus_graceInit
0000d888   C$$EXIT
00000059   CACTL1
0000005a   CACTL2
000010fb   CALBC1_12MHZ
000010f9   CALBC1_16MHZ
000010ff   CALBC1_1MHZ
000010fd   CALBC1_8MHZ
000010fa   CALDCO_12MHZ
000010f8   CALDCO_16MHZ
000010fe   CALDCO_1MHZ
000010fc   CALDCO_8MHZ
0000005b   CAPD
0000d5ec   CSL_init
00000056   DCOCTL
00000128   FCTL1
0000012a   FCTL2
0000012c   FCTL3
0000d372   GPIO_graceInit
0000d5ec   Grace_init
00000000   IE1
00000001   IE2
00000002   IFG1
00000003   IFG2
0000d88c   InterruptVectors_graceInit
0000d74e   LCD_clear
0000d782   LCD_delay_Nms
0000d618   LCD_display_char
0000ceac   LCD_display_number
0000d5bc   LCD_display_string
0000cd36   LCD_display_temp
0000cb6c   LCD_display_time
0000d22c   LCD_init
0000d6ea   LCD_writecom
0000d70e   LCD_writedata
0000d88e   NMI_ISR_HOOK
00000022   P1DIR
00000025   P1IE
00000024   P1IES
00000023   P1IFG
00000020   P1IN
00000021   P1OUT
00000027   P1REN
00000026   P1SEL
00000041   P1SEL2
0000002a   P2DIR
0000002d   P2IE
0000002c   P2IES
0000002b   P2IFG
00000028   P2IN
00000029   P2OUT
0000002f   P2REN
0000002e   P2SEL
00000042   P2SEL2
0000001a   P3DIR
00000018   P3IN
00000019   P3OUT
00000010   P3REN
0000001b   P3SEL
00000043   P3SEL2
0000d868   PORT1_ISR_HOOK
0000d644   PORT2_ISR_HOOK
0000d1aa   System_Initial
0000d880   System_graceInit
00000172   TA0CCR0
00000174   TA0CCR1
00000176   TA0CCR2
00000162   TA0CCTL0
00000164   TA0CCTL1
00000166   TA0CCTL2
00000160   TA0CTL
0000012e   TA0IV
00000170   TA0R
00000192   TA1CCR0
00000194   TA1CCR1
00000196   TA1CCR2
00000182   TA1CCTL0
00000184   TA1CCTL1
00000186   TA1CCTL2
00000180   TA1CTL
0000011e   TA1IV
00000190   TA1R
0000d768   TIMER0_A0_ISR_HOOK
0000d85a   TIMER1_A0_ISR_HOOK
00000202   Thr_state
00000206   Thr_temp
0000d7c6   Timer0_A3_graceInit
0000d7da   Timer1_A3_graceInit
0000005d   UCA0ABCTL
00000062   UCA0BR0
00000063   UCA0BR1
00000060   UCA0CTL0
00000061   UCA0CTL1
0000005f   UCA0IRRCTL
0000005e   UCA0IRTCTL
00000064   UCA0MCTL
00000066   UCA0RXBUF
00000065   UCA0STAT
00000067   UCA0TXBUF
0000006a   UCB0BR0
0000006b   UCB0BR1
00000068   UCB0CTL0
00000069   UCB0CTL1
0000006c   UCB0I2CIE
00000118   UCB0I2COA
0000011a   UCB0I2CSA
0000006e   UCB0RXBUF
0000006d   UCB0STAT
0000006f   UCB0TXBUF
0000d79a   USCI_A0_graceInit
0000d732   USCI_B0_graceInit
00000120   WDTCTL
0000d872   WDTplus_graceInit
0000cf54   WriteSPI
00000000   __ASM__
0000005c   __ISA__
0000006e   __PLAT__
00000400   __STACK_END
00000040   __STACK_SIZE
00000092   __TARG__
0000d8ba   __TI_CINIT_Base
0000d8c2   __TI_CINIT_Limit
0000d8b0   __TI_Handler_Table_Base
0000d8b6   __TI_Handler_Table_Limit
UNDEFED    __TI_INITARRAY_Base
UNDEFED    __TI_INITARRAY_Limit
00000001   __TI_args_main
0000d816   __TI_decompress_none
0000d87a   __TI_decompress_rle24
00000001   __TI_exit
0000d7ee   __TI_zero_init
000000be   __TRDR__
ffffffff   __binit__
ffffffff   __c_args__
0000c934   __mspabi_addf
0000d486   __mspabi_cmpf
0000cff4   __mspabi_divf
0000d670   __mspabi_divi
0000d7b0   __mspabi_divu
0000d42e   __mspabi_divul
0000d30a   __mspabi_fixfi
0000d586   __mspabi_fltif
0000d856   __mspabi_func_epilog_1
0000d854   __mspabi_func_epilog_2
0000d852   __mspabi_func_epilog_3
0000d850   __mspabi_func_epilog_4
0000d84e   __mspabi_func_epilog_5
0000d84c   __mspabi_func_epilog_6
0000d84a   __mspabi_func_epilog_7
0000cc74   __mspabi_mpyf
0000d802   __mspabi_mpyi
0000d670   __mspabi_remi
0000d7b0   __mspabi_remu
0000d42e   __mspabi_remul
0000c92e   __mspabi_subf
0000d2a0   _auto_init
0000d6c4   _c_int00
0000d6c4   _c_int00_noexit
0000fffe   _reset_vector
000003c0   _stack
0000d884   _system_pre_init
0000d888   abort
ffffffff   binit
0000d83a   delay
00000200   flag
0000c7a8   half_second
0000c498   local_compensation
0000ca5e   main
0000d828   memcpy
00000214   num
0000d124   set_Thrtemp
0000cdf4   set_Time
00000208   set_temp
00000204   set_time
00000210   time
0000d4d0   time_display
00000203   time_state
00000000   xdc_runtime_Startup__EXECFXN__C
00000000   xdc_runtime_Startup__RESETFXN__C
00000000   xdc_runtime_Startup_exec__E
00000000   xdc_runtime_Startup_reset__I


GLOBAL SYMBOLS: SORTED BY Symbol Address 

address    name
--------   ----
00000000   IE1
00000000   __ASM__
00000000   xdc_runtime_Startup__EXECFXN__C
00000000   xdc_runtime_Startup__RESETFXN__C
00000000   xdc_runtime_Startup_exec__E
00000000   xdc_runtime_Startup_reset__I
00000001   IE2
00000001   __TI_args_main
00000001   __TI_exit
00000002   IFG1
00000003   IFG2
00000010   P3REN
00000018   P3IN
00000019   P3OUT
0000001a   P3DIR
0000001b   P3SEL
00000020   P1IN
00000021   P1OUT
00000022   P1DIR
00000023   P1IFG
00000024   P1IES
00000025   P1IE
00000026   P1SEL
00000027   P1REN
00000028   P2IN
00000029   P2OUT
0000002a   P2DIR
0000002b   P2IFG
0000002c   P2IES
0000002d   P2IE
0000002e   P2SEL
0000002f   P2REN
00000040   __STACK_SIZE
00000041   P1SEL2
00000042   P2SEL2
00000043   P3SEL2
00000048   ADC10DTC0
00000049   ADC10DTC1
0000004a   ADC10AE0
00000053   BCSCTL3
00000056   DCOCTL
00000057   BCSCTL1
00000058   BCSCTL2
00000059   CACTL1
0000005a   CACTL2
0000005b   CAPD
0000005c   __ISA__
0000005d   UCA0ABCTL
0000005e   UCA0IRTCTL
0000005f   UCA0IRRCTL
00000060   UCA0CTL0
00000061   UCA0CTL1
00000062   UCA0BR0
00000063   UCA0BR1
00000064   UCA0MCTL
00000065   UCA0STAT
00000066   UCA0RXBUF
00000067   UCA0TXBUF
00000068   UCB0CTL0
00000069   UCB0CTL1
0000006a   UCB0BR0
0000006b   UCB0BR1
0000006c   UCB0I2CIE
0000006d   UCB0STAT
0000006e   UCB0RXBUF
0000006e   __PLAT__
0000006f   UCB0TXBUF
00000092   __TARG__
000000be   __TRDR__
00000118   UCB0I2COA
0000011a   UCB0I2CSA
0000011e   TA1IV
00000120   WDTCTL
00000128   FCTL1
0000012a   FCTL2
0000012c   FCTL3
0000012e   TA0IV
00000160   TA0CTL
00000162   TA0CCTL0
00000164   TA0CCTL1
00000166   TA0CCTL2
00000170   TA0R
00000172   TA0CCR0
00000174   TA0CCR1
00000176   TA0CCR2
00000180   TA1CTL
00000182   TA1CCTL0
00000184   TA1CCTL1
00000186   TA1CCTL2
00000190   TA1R
00000192   TA1CCR0
00000194   TA1CCR1
00000196   TA1CCR2
000001b0   ADC10CTL0
000001b2   ADC10CTL1
000001b4   ADC10MEM
000001bc   ADC10SA
00000200   flag
00000202   Thr_state
00000203   time_state
00000204   set_time
00000206   Thr_temp
00000208   set_temp
0000020a   Act_temp
00000210   time
00000214   num
000003c0   _stack
00000400   __STACK_END
000010f8   CALDCO_16MHZ
000010f9   CALBC1_16MHZ
000010fa   CALDCO_12MHZ
000010fb   CALBC1_12MHZ
000010fc   CALDCO_8MHZ
000010fd   CALBC1_8MHZ
000010fe   CALDCO_1MHZ
000010ff   CALBC1_1MHZ
0000c000   ADC_code2temp
0000c498   local_compensation
0000c7a8   half_second
0000c92e   __mspabi_subf
0000c934   __mspabi_addf
0000ca5e   main
0000cb6c   LCD_display_time
0000cc74   __mspabi_mpyf
0000cd36   LCD_display_temp
0000cdf4   set_Time
0000ceac   LCD_display_number
0000cf54   WriteSPI
0000cff4   __mspabi_divf
0000d08e   ADC_display
0000d124   set_Thrtemp
0000d1aa   System_Initial
0000d22c   LCD_init
0000d2a0   _auto_init
0000d30a   __mspabi_fixfi
0000d372   GPIO_graceInit
0000d42e   __mspabi_divul
0000d42e   __mspabi_remul
0000d486   __mspabi_cmpf
0000d4d0   time_display
0000d51a   ADS_Config
0000d550   ADS_Read
0000d586   __mspabi_fltif
0000d5bc   LCD_display_string
0000d5ec   CSL_init
0000d5ec   Grace_init
0000d618   LCD_display_char
0000d644   PORT2_ISR_HOOK
0000d670   __mspabi_divi
0000d670   __mspabi_remi
0000d69c   BCSplus_graceInit
0000d6c4   _c_int00
0000d6c4   _c_int00_noexit
0000d6ea   LCD_writecom
0000d70e   LCD_writedata
0000d732   USCI_B0_graceInit
0000d74e   LCD_clear
0000d768   TIMER0_A0_ISR_HOOK
0000d782   LCD_delay_Nms
0000d79a   USCI_A0_graceInit
0000d7b0   __mspabi_divu
0000d7b0   __mspabi_remu
0000d7c6   Timer0_A3_graceInit
0000d7da   Timer1_A3_graceInit
0000d7ee   __TI_zero_init
0000d802   __mspabi_mpyi
0000d816   __TI_decompress_none
0000d828   memcpy
0000d83a   delay
0000d84a   __mspabi_func_epilog_7
0000d84c   __mspabi_func_epilog_6
0000d84e   __mspabi_func_epilog_5
0000d850   __mspabi_func_epilog_4
0000d852   __mspabi_func_epilog_3
0000d854   __mspabi_func_epilog_2
0000d856   __mspabi_func_epilog_1
0000d85a   TIMER1_A0_ISR_HOOK
0000d868   PORT1_ISR_HOOK
0000d872   WDTplus_graceInit
0000d87a   __TI_decompress_rle24
0000d880   System_graceInit
0000d884   _system_pre_init
0000d888   C$$EXIT
0000d888   abort
0000d88c   InterruptVectors_graceInit
0000d88e   NMI_ISR_HOOK
0000d8b0   __TI_Handler_Table_Base
0000d8b6   __TI_Handler_Table_Limit
0000d8ba   __TI_CINIT_Base
0000d8c2   __TI_CINIT_Limit
0000fffe   _reset_vector
ffffffff   __binit__
ffffffff   __c_args__
ffffffff   binit
UNDEFED    __TI_INITARRAY_Base
UNDEFED    __TI_INITARRAY_Limit

[196 symbols]
