******************************************************************************
                  MSP430 Linker PC v4.4.4                      
******************************************************************************
>> Linked Tue Apr 07 21:37:06 2015

OUTPUT FILE NAME:   <MSP430G2553_HCSR04_Ping_Test2.out>
ENTRY POINT SYMBOL: "_c_int00_noargs_noexit"  address: 0000c4c0


MEMORY CONFIGURATION

         name            origin    length      used     unused   attr    fill
----------------------  --------  ---------  --------  --------  ----  --------
  SFR                   00000000   00000010  00000000  00000010  RWIX
  PERIPHERALS_8BIT      00000010   000000f0  00000000  000000f0  RWIX
  PERIPHERALS_16BIT     00000100   00000100  00000000  00000100  RWIX
  RAM                   00000200   00000200  00000064  0000019c  RWIX
  INFOD                 00001000   00000040  00000000  00000040  RWIX
  INFOC                 00001040   00000040  00000000  00000040  RWIX
  INFOB                 00001080   00000040  00000000  00000040  RWIX
  INFOA                 000010c0   00000040  00000000  00000040  RWIX
  FLASH                 0000c000   00003fe0  000005ec  000039f4  RWIX
  INT00                 0000ffe0   00000002  00000002  00000000  RWIX
  INT01                 0000ffe2   00000002  00000000  00000002  RWIX
  INT02                 0000ffe4   00000002  00000002  00000000  RWIX
  INT03                 0000ffe6   00000002  00000002  00000000  RWIX
  INT04                 0000ffe8   00000002  00000000  00000002  RWIX
  INT05                 0000ffea   00000002  00000002  00000000  RWIX
  INT06                 0000ffec   00000002  00000002  00000000  RWIX
  INT07                 0000ffee   00000002  00000002  00000000  RWIX
  INT08                 0000fff0   00000002  00000002  00000000  RWIX
  INT09                 0000fff2   00000002  00000002  00000000  RWIX
  INT10                 0000fff4   00000002  00000002  00000000  RWIX
  INT11                 0000fff6   00000002  00000002  00000000  RWIX
  INT12                 0000fff8   00000002  00000002  00000000  RWIX
  INT13                 0000fffa   00000002  00000002  00000000  RWIX
  INT14                 0000fffc   00000002  00000002  00000000  RWIX
  RESET                 0000fffe   00000002  00000002  00000000  RWIX


SECTION ALLOCATION MAP

 output                                  attributes/
section   page    origin      length       input sections
--------  ----  ----------  ----------   ----------------
.bss       0    00000200    00000011     UNINITIALIZED
                  00000200    00000010     (.common:ping)
                  00000210    00000001     (.common:echoReceived)

.data      0    00000212    00000003     UNINITIALIZED
                  00000212    00000003     main.obj (.data)

.TI.persistent 
*          0    00000212    00000000     UNINITIALIZED

.stack     0    000003b0    00000050     UNINITIALIZED
                  000003b0    00000002     rts430_eabi.lib : boot.obj (.stack)
                  000003b2    0000004e     --HOLE--

.text      0    0000c000    000005ca     
                  0000c000    000000bc     main.obj (.text:USCI_getBaudRateSettings)
                  0000c0bc    00000084     rts430_eabi.lib : ltoa.obj (.text:ltoa)
                  0000c140    00000064                     : copy_decompress_rle.obj (.text:__TI_decompress_rle_core)
                  0000c1a4    00000058                     : autoinit.obj (.text:_auto_init)
                  0000c1fc    00000058                     : div32u.obj (.text)
                  0000c254    00000046     main.obj (.text:main)
                  0000c29a    00000040     rts430_eabi.lib : div32s.obj (.text)
                  0000c2da    0000003e                     : lsl32.obj (.text:l_lsl_const)
                  0000c318    0000003e     ping.obj (.text:ping_markEchoStop)
                  0000c356    0000003e     main.obj (.text:setupUART)
                  0000c394    00000032     ping.obj (.text:ping_init)
                  0000c3c6    00000032     ping.obj (.text:ping_triggerPing)
                  0000c3f8    00000030     ping.obj (.text:ping_markEchoStart)
                  0000c428    0000002e     main.obj (.text:serialPrint)
                  0000c456    00000026     main.obj (.text:Timer1A0)
                  0000c47c    00000022     main.obj (.text:Timer0A0)
                  0000c49e    00000022     main.obj (.text:Timer1A1)
                  0000c4c0    0000001a     rts430_eabi.lib : boot_special.obj (.text:_c_int00_noargs_noexit)
                  0000c4da    00000016     main.obj (.text:serialPrintInt)
                  0000c4f0    00000014     main.obj (.text:USCI0RX_ISR)
                  0000c504    00000014     rts430_eabi.lib : copy_zero_init.obj (.text:decompress:ZI:__TI_zero_init)
                  0000c518    00000012                     : copy_decompress_none.obj (.text:decompress:none:__TI_decompress_none)
                  0000c52a    00000012                     : memcpy.obj (.text:memcpy)
                  0000c53c    00000012     main.obj (.text:setupClocks)
                  0000c54e    00000010     rts430_eabi.lib : epilog.obj (.text)
                  0000c55e    0000000e     main.obj (.text:startTimerA0CCR0Tick)
                  0000c56c    0000000c     main.obj (.text:setupTimerA0)
                  0000c578    0000000c     main.obj (.text:setupTimerA0CCR0Tick)
                  0000c584    0000000a     rts430_eabi.lib : abs.obj (.text:abs)
                  0000c58e    0000000a     ping.obj (.text:ping_Overflow)
                  0000c598    0000000a     main.obj (.text:setupLEDs)
                  0000c5a2    00000008     ping.obj (.text:setupTimerA1)
                  0000c5aa    00000008     main.obj (.text:setupWDT)
                  0000c5b2    00000006     rts430_eabi.lib : isr_trap.obj (.text:_isr:__TI_ISR_TRAP)
                  0000c5b8    00000006                     : copy_decompress_rle.obj (.text:decompress:rle24:__TI_decompress_rle24)
                  0000c5be    00000004     main.obj (.text:USCI0TX_ISR)
                  0000c5c2    00000004     rts430_eabi.lib : pre_init.obj (.text:_system_pre_init)
                  0000c5c6    00000004                     : exit.obj (.text:abort)

.const     0    0000c5ca    00000008     
                  0000c5ca    00000004     main.obj (.const:.string:$P$T0$2)
                  0000c5ce    00000004     main.obj (.const:.string)

.cinit     0    0000c5d2    0000001a     
                  0000c5d2    00000007     (.cinit..data.load) [load image]
                  0000c5d9    00000001     --HOLE-- [fill = 0]
                  0000c5da    00000006     (__TI_handler_table)
                  0000c5e0    00000004     (.cinit..bss.load) [load image, compression = zero_init]
                  0000c5e4    00000008     (__TI_cinit_table)

.init_array 
*          0    0000c000    00000000     UNINITIALIZED

TRAPINT    0    0000ffe0    00000002     
                  0000ffe0    00000002     rts430_eabi.lib : int00.obj (.int00)

PORT1      0    0000ffe4    00000002     
                  0000ffe4    00000002     rts430_eabi.lib : int02.obj (.int02)

PORT2      0    0000ffe6    00000002     
                  0000ffe6    00000002     rts430_eabi.lib : int03.obj (.int03)

ADC10      0    0000ffea    00000002     
                  0000ffea    00000002     rts430_eabi.lib : int05.obj (.int05)

USCIAB0TX 
*          0    0000ffec    00000002     
                  0000ffec    00000002     main.obj (.int06)

USCIAB0RX 
*          0    0000ffee    00000002     
                  0000ffee    00000002     main.obj (.int07)

TIMER0_A1 
*          0    0000fff0    00000002     
                  0000fff0    00000002     rts430_eabi.lib : int08.obj (.int08)

TIMER0_A0 
*          0    0000fff2    00000002     
                  0000fff2    00000002     main.obj (.int09)

WDT        0    0000fff4    00000002     
                  0000fff4    00000002     rts430_eabi.lib : int10.obj (.int10)

COMPARATORA 
*          0    0000fff6    00000002     
                  0000fff6    00000002     rts430_eabi.lib : int11.obj (.int11)

TIMER1_A1 
*          0    0000fff8    00000002     
                  0000fff8    00000002     main.obj (.int12)

TIMER1_A0 
*          0    0000fffa    00000002     
                  0000fffa    00000002     main.obj (.int13)

NMI        0    0000fffc    00000002     
                  0000fffc    00000002     rts430_eabi.lib : int14.obj (.int14)

.reset     0    0000fffe    00000002     
                  0000fffe    00000002     rts430_eabi.lib : boot.obj (.reset)


LINKER GENERATED COPY TABLES

__TI_cinit_table @ 0000c5e4 records: 2, size/record: 4, table size: 8
	.data: load addr=0000c5d2, load size=00000007 bytes, run addr=00000212, run size=00000003 bytes, compression=copy
	.bss: load addr=0000c5e0, load size=00000004 bytes, run addr=00000200, run size=00000011 bytes, compression=zero_init


LINKER GENERATED HANDLER TABLE

__TI_handler_table @ 0000c5da records: 3, size/record: 2, table size: 6
	index: 0, handler: __TI_zero_init
	index: 1, handler: __TI_decompress_rle24
	index: 2, handler: __TI_decompress_none


GLOBAL SYMBOLS: SORTED ALPHABETICALLY BY Name 

address   name                    
-------   ----                    
0000004a  ADC10AE0                
000001b0  ADC10CTL0               
000001b2  ADC10CTL1               
00000048  ADC10DTC0               
00000049  ADC10DTC1               
000001b4  ADC10MEM                
000001bc  ADC10SA                 
00000057  BCSCTL1                 
00000058  BCSCTL2                 
00000053  BCSCTL3                 
0000c5c6  C$$EXIT                 
00000059  CACTL1                  
0000005a  CACTL2                  
000010fb  CALBC1_12MHZ            
000010f9  CALBC1_16MHZ            
000010ff  CALBC1_1MHZ             
000010fd  CALBC1_8MHZ             
000010fa  CALDCO_12MHZ            
000010f8  CALDCO_16MHZ            
000010fe  CALDCO_1MHZ             
000010fc  CALDCO_8MHZ             
0000005b  CAPD                    
00000056  DCOCTL                  
00000128  FCTL1                   
0000012a  FCTL2                   
0000012c  FCTL3                   
00000000  IE1                     
00000001  IE2                     
00000002  IFG1                    
00000003  IFG2                    
00000022  P1DIR                   
00000025  P1IE                    
00000024  P1IES                   
00000023  P1IFG                   
00000020  P1IN                    
00000021  P1OUT                   
00000027  P1REN                   
00000026  P1SEL                   
00000041  P1SEL2                  
0000002a  P2DIR                   
0000002d  P2IE                    
0000002c  P2IES                   
0000002b  P2IFG                   
00000028  P2IN                    
00000029  P2OUT                   
0000002f  P2REN                   
0000002e  P2SEL                   
00000042  P2SEL2                  
0000001a  P3DIR                   
00000018  P3IN                    
00000019  P3OUT                   
00000010  P3REN                   
0000001b  P3SEL                   
00000043  P3SEL2                  
00000172  TA0CCR0                 
00000174  TA0CCR1                 
00000176  TA0CCR2                 
00000162  TA0CCTL0                
00000164  TA0CCTL1                
00000166  TA0CCTL2                
00000160  TA0CTL                  
0000012e  TA0IV                   
00000170  TA0R                    
00000192  TA1CCR0                 
00000194  TA1CCR1                 
00000196  TA1CCR2                 
00000182  TA1CCTL0                
00000184  TA1CCTL1                
00000186  TA1CCTL2                
00000180  TA1CTL                  
0000011e  TA1IV                   
00000190  TA1R                    
000010db  TLV_ADC10_1_LEN         
000010da  TLV_ADC10_1_TAG         
000010c0  TLV_CHECKSUM            
000010f7  TLV_DCO_30_LEN          
000010f6  TLV_DCO_30_TAG          
0000c47c  Timer0A0                
0000c456  Timer1A0                
0000c49e  Timer1A1                
0000005d  UCA0ABCTL               
00000062  UCA0BR0                 
00000063  UCA0BR1                 
00000060  UCA0CTL0                
00000061  UCA0CTL1                
0000005f  UCA0IRRCTL              
0000005e  UCA0IRTCTL              
00000064  UCA0MCTL                
00000066  UCA0RXBUF               
00000065  UCA0STAT                
00000067  UCA0TXBUF               
0000006a  UCB0BR0                 
0000006b  UCB0BR1                 
00000068  UCB0CTL0                
00000069  UCB0CTL1                
0000006c  UCB0I2CIE               
00000118  UCB0I2COA               
0000011a  UCB0I2CSA               
0000006e  UCB0RXBUF               
0000006d  UCB0STAT                
0000006f  UCB0TXBUF               
0000c4f0  USCI0RX_ISR             
0000c5be  USCI0TX_ISR             
0000c000  USCI_getBaudRateSettings
00000120  WDTCTL                  
00000400  __STACK_END             
00000050  __STACK_SIZE            
0000c5e4  __TI_CINIT_Base         
0000c5ec  __TI_CINIT_Limit        
0000c5da  __TI_Handler_Table_Base 
0000c5e0  __TI_Handler_Table_Limit
UNDEFED   __TI_INITARRAY_Base     
UNDEFED   __TI_INITARRAY_Limit    
0000c5b2  __TI_ISR_TRAP           
0000c518  __TI_decompress_none    
0000c5b8  __TI_decompress_rle24   
0000ffe0  __TI_int00              
0000ffe4  __TI_int02              
0000ffe6  __TI_int03              
0000ffea  __TI_int05              
0000ffec  __TI_int06              
0000ffee  __TI_int07              
0000fff0  __TI_int08              
0000fff2  __TI_int09              
0000fff4  __TI_int10              
0000fff6  __TI_int11              
0000fff8  __TI_int12              
0000fffa  __TI_int13              
0000fffc  __TI_int14              
0000c504  __TI_zero_init          
ffffffff  __binit__               
ffffffff  __c_args__              
0000c29a  __mspabi_divli          
0000c1fc  __mspabi_divul          
0000c55a  __mspabi_func_epilog_1  
0000c558  __mspabi_func_epilog_2  
0000c556  __mspabi_func_epilog_3  
0000c554  __mspabi_func_epilog_4  
0000c552  __mspabi_func_epilog_5  
0000c550  __mspabi_func_epilog_6  
0000c54e  __mspabi_func_epilog_7  
0000c29a  __mspabi_remli          
0000c1fc  __mspabi_remul          
0000c312  __mspabi_slll_1         
0000c2ee  __mspabi_slll_10        
0000c2ea  __mspabi_slll_11        
0000c2e6  __mspabi_slll_12        
0000c2e2  __mspabi_slll_13        
0000c2de  __mspabi_slll_14        
0000c2da  __mspabi_slll_15        
0000c30e  __mspabi_slll_2         
0000c30a  __mspabi_slll_3         
0000c306  __mspabi_slll_4         
0000c302  __mspabi_slll_5         
0000c2fe  __mspabi_slll_6         
0000c2fa  __mspabi_slll_7         
0000c2f6  __mspabi_slll_8         
0000c2f2  __mspabi_slll_9         
0000c1a4  _auto_init              
0000c4c0  _c_int00_noargs_noexit  
0000fffe  _reset_vector           
000003b0  _stack                  
0000c5c2  _system_pre_init        
0000c5c6  abort                   
0000c584  abs                     
ffffffff  binit                   
00000210  echoReceived            
0000c0bc  ltoa                    
0000c254  main                    
0000c52a  memcpy                  
0000c58e  ping_Overflow           
0000c394  ping_init               
0000c3f8  ping_markEchoStart      
0000c318  ping_markEchoStop       
0000c3c6  ping_triggerPing        
0000c428  serialPrint             
0000c4da  serialPrintInt          
0000c53c  setupClocks             
0000c598  setupLEDs               
0000c56c  setupTimerA0            
0000c578  setupTimerA0CCR0Tick    
0000c356  setupUART               
0000c5aa  setupWDT                
0000c55e  startTimerA0CCR0Tick    
00000212  tickCount               


GLOBAL SYMBOLS: SORTED BY Symbol Address 

address   name                    
-------   ----                    
00000000  IE1                     
00000001  IE2                     
00000002  IFG1                    
00000003  IFG2                    
00000010  P3REN                   
00000018  P3IN                    
00000019  P3OUT                   
0000001a  P3DIR                   
0000001b  P3SEL                   
00000020  P1IN                    
00000021  P1OUT                   
00000022  P1DIR                   
00000023  P1IFG                   
00000024  P1IES                   
00000025  P1IE                    
00000026  P1SEL                   
00000027  P1REN                   
00000028  P2IN                    
00000029  P2OUT                   
0000002a  P2DIR                   
0000002b  P2IFG                   
0000002c  P2IES                   
0000002d  P2IE                    
0000002e  P2SEL                   
0000002f  P2REN                   
00000041  P1SEL2                  
00000042  P2SEL2                  
00000043  P3SEL2                  
00000048  ADC10DTC0               
00000049  ADC10DTC1               
0000004a  ADC10AE0                
00000050  __STACK_SIZE            
00000053  BCSCTL3                 
00000056  DCOCTL                  
00000057  BCSCTL1                 
00000058  BCSCTL2                 
00000059  CACTL1                  
0000005a  CACTL2                  
0000005b  CAPD                    
0000005d  UCA0ABCTL               
0000005e  UCA0IRTCTL              
0000005f  UCA0IRRCTL              
00000060  UCA0CTL0                
00000061  UCA0CTL1                
00000062  UCA0BR0                 
00000063  UCA0BR1                 
00000064  UCA0MCTL                
00000065  UCA0STAT                
00000066  UCA0RXBUF               
00000067  UCA0TXBUF               
00000068  UCB0CTL0                
00000069  UCB0CTL1                
0000006a  UCB0BR0                 
0000006b  UCB0BR1                 
0000006c  UCB0I2CIE               
0000006d  UCB0STAT                
0000006e  UCB0RXBUF               
0000006f  UCB0TXBUF               
00000118  UCB0I2COA               
0000011a  UCB0I2CSA               
0000011e  TA1IV                   
00000120  WDTCTL                  
00000128  FCTL1                   
0000012a  FCTL2                   
0000012c  FCTL3                   
0000012e  TA0IV                   
00000160  TA0CTL                  
00000162  TA0CCTL0                
00000164  TA0CCTL1                
00000166  TA0CCTL2                
00000170  TA0R                    
00000172  TA0CCR0                 
00000174  TA0CCR1                 
00000176  TA0CCR2                 
00000180  TA1CTL                  
00000182  TA1CCTL0                
00000184  TA1CCTL1                
00000186  TA1CCTL2                
00000190  TA1R                    
00000192  TA1CCR0                 
00000194  TA1CCR1                 
00000196  TA1CCR2                 
000001b0  ADC10CTL0               
000001b2  ADC10CTL1               
000001b4  ADC10MEM                
000001bc  ADC10SA                 
00000210  echoReceived            
00000212  tickCount               
000003b0  _stack                  
00000400  __STACK_END             
000010c0  TLV_CHECKSUM            
000010da  TLV_ADC10_1_TAG         
000010db  TLV_ADC10_1_LEN         
000010f6  TLV_DCO_30_TAG          
000010f7  TLV_DCO_30_LEN          
000010f8  CALDCO_16MHZ            
000010f9  CALBC1_16MHZ            
000010fa  CALDCO_12MHZ            
000010fb  CALBC1_12MHZ            
000010fc  CALDCO_8MHZ             
000010fd  CALBC1_8MHZ             
000010fe  CALDCO_1MHZ             
000010ff  CALBC1_1MHZ             
0000c000  USCI_getBaudRateSettings
0000c0bc  ltoa                    
0000c1a4  _auto_init              
0000c1fc  __mspabi_divul          
0000c1fc  __mspabi_remul          
0000c254  main                    
0000c29a  __mspabi_divli          
0000c29a  __mspabi_remli          
0000c2da  __mspabi_slll_15        
0000c2de  __mspabi_slll_14        
0000c2e2  __mspabi_slll_13        
0000c2e6  __mspabi_slll_12        
0000c2ea  __mspabi_slll_11        
0000c2ee  __mspabi_slll_10        
0000c2f2  __mspabi_slll_9         
0000c2f6  __mspabi_slll_8         
0000c2fa  __mspabi_slll_7         
0000c2fe  __mspabi_slll_6         
0000c302  __mspabi_slll_5         
0000c306  __mspabi_slll_4         
0000c30a  __mspabi_slll_3         
0000c30e  __mspabi_slll_2         
0000c312  __mspabi_slll_1         
0000c318  ping_markEchoStop       
0000c356  setupUART               
0000c394  ping_init               
0000c3c6  ping_triggerPing        
0000c3f8  ping_markEchoStart      
0000c428  serialPrint             
0000c456  Timer1A0                
0000c47c  Timer0A0                
0000c49e  Timer1A1                
0000c4c0  _c_int00_noargs_noexit  
0000c4da  serialPrintInt          
0000c4f0  USCI0RX_ISR             
0000c504  __TI_zero_init          
0000c518  __TI_decompress_none    
0000c52a  memcpy                  
0000c53c  setupClocks             
0000c54e  __mspabi_func_epilog_7  
0000c550  __mspabi_func_epilog_6  
0000c552  __mspabi_func_epilog_5  
0000c554  __mspabi_func_epilog_4  
0000c556  __mspabi_func_epilog_3  
0000c558  __mspabi_func_epilog_2  
0000c55a  __mspabi_func_epilog_1  
0000c55e  startTimerA0CCR0Tick    
0000c56c  setupTimerA0            
0000c578  setupTimerA0CCR0Tick    
0000c584  abs                     
0000c58e  ping_Overflow           
0000c598  setupLEDs               
0000c5aa  setupWDT                
0000c5b2  __TI_ISR_TRAP           
0000c5b8  __TI_decompress_rle24   
0000c5be  USCI0TX_ISR             
0000c5c2  _system_pre_init        
0000c5c6  C$$EXIT                 
0000c5c6  abort                   
0000c5da  __TI_Handler_Table_Base 
0000c5e0  __TI_Handler_Table_Limit
0000c5e4  __TI_CINIT_Base         
0000c5ec  __TI_CINIT_Limit        
0000ffe0  __TI_int00              
0000ffe4  __TI_int02              
0000ffe6  __TI_int03              
0000ffea  __TI_int05              
0000ffec  __TI_int06              
0000ffee  __TI_int07              
0000fff0  __TI_int08              
0000fff2  __TI_int09              
0000fff4  __TI_int10              
0000fff6  __TI_int11              
0000fff8  __TI_int12              
0000fffa  __TI_int13              
0000fffc  __TI_int14              
0000fffe  _reset_vector           
ffffffff  __binit__               
ffffffff  __c_args__              
ffffffff  binit                   
UNDEFED   __TI_INITARRAY_Base     
UNDEFED   __TI_INITARRAY_Limit    

[185 symbols]
