******************************************************************************
                  MSP430 Linker PC v4.2.2                      
******************************************************************************
>> Linked Fri Oct 31 10:30:57 2014

OUTPUT FILE NAME:   <CCS.out>
ENTRY POINT SYMBOL: "_c_int00"  address: 0000f4dc


MEMORY CONFIGURATION

         name            origin    length      used     unused   attr    fill
----------------------  --------  ---------  --------  --------  ----  --------
  SFR                   00000000   00000010  00000000  00000010  RWIX
  PERIPHERALS_8BIT      00000010   000000f0  00000000  000000f0  RWIX
  PERIPHERALS_16BIT     00000100   00000100  00000000  00000100  RWIX
  RAM                   00000200   00000200  000001f2  0000000e  RWIX
  INFOD                 00001000   00000040  00000012  0000002e  RWIX
  INFOC                 00001040   00000040  00000000  00000040  RWIX
  INFOB                 00001080   00000040  00000000  00000040  RWIX
  INFOA                 000010c0   00000040  00000000  00000040  RWIX
  FLASH                 0000c000   00003fe0  00003edc  00000104  RWIX
  INT00                 0000ffe0   00000002  00000000  00000002  RWIX
  INT01                 0000ffe2   00000002  00000000  00000002  RWIX
  INT02                 0000ffe4   00000002  00000002  00000000  RWIX
  INT03                 0000ffe6   00000002  00000002  00000000  RWIX
  INT04                 0000ffe8   00000002  00000000  00000002  RWIX
  INT05                 0000ffea   00000002  00000002  00000000  RWIX
  INT06                 0000ffec   00000002  00000002  00000000  RWIX
  INT07                 0000ffee   00000002  00000002  00000000  RWIX
  INT08                 0000fff0   00000002  00000002  00000000  RWIX
  INT09                 0000fff2   00000002  00000002  00000000  RWIX
  INT10                 0000fff4   00000002  00000002  00000000  RWIX
  INT11                 0000fff6   00000002  00000000  00000002  RWIX
  INT12                 0000fff8   00000002  00000002  00000000  RWIX
  INT13                 0000fffa   00000002  00000002  00000000  RWIX
  INT14                 0000fffc   00000002  00000002  00000000  RWIX
  RESET                 0000fffe   00000002  00000002  00000000  RWIX


SECTION ALLOCATION MAP

 output                                  attributes/
section   page    origin      length       input sections
--------  ----  ----------  ----------   ----------------
.pinit     0    0000c000    00000000     UNINITIALIZED

.bss       0    00000200    00000134     UNINITIALIZED
                  00000200    00000052     Application.obj (.bss)
                  00000252    00000050     RadioOperation.obj (.bss)
                  000002a2    00000042     LaunchPad.obj (.bss)
                  000002e4    0000001c     CommandInterface.obj (.bss)
                  00000300    0000000c     Callback.obj (.bss)
                  0000030c    00000008     AIRBoosterPackLite.obj (.bss)
                  00000314    00000008     main.obj (.bss)
                  0000031c    00000006     TimerA.obj (.bss)
                  00000322    00000004     DigitalIO.obj (.bss)
                  00000326    00000004     rts430.lib : _lock.obj (.bss)
                  0000032a    00000004                : boot.obj (.bss)
                  0000032e    00000002     ADC10.obj (.bss)
                  00000330    00000002     Protocol.obj (.bss)
                  00000332    00000002     USCI.obj (.bss)

.stack     0    00000340    000000be     UNINITIALIZED
                  00000340    00000002     rts430.lib : boot.obj (.stack)
                  00000342    000000bc     --HOLE--

.infoD     0    00001000    00000012     UNINITIALIZED
                  00001000    00000012     Application.obj (.infoD)

.text      0    0000c000    000037a0     
                  0000c000    00000394     Application.obj (.text:InitSystem)
                  0000c394    00000250     CommandInterface.obj (.text:ConfigurationInfo)
                  0000c5e4    00000234     Protocol.obj (.text:RXTXCycle)
                  0000c818    0000020a     RadioOperation.obj (.text:ChangeConfiguration)
                  0000ca22    000001ea     CommandInterface.obj (.text:CmdIFProcess)
                  0000cc0c    000001a0     Application.obj (.text:WirelessOperation)
                  0000cdac    0000016e     CommandInterface.obj (.text:ResponseNumber)
                  0000cf1a    00000154     RadioOperation.obj (.text:GetFrame)
                  0000d06e    00000110     Application.obj (.text:NetworkValidation)
                  0000d17e    0000010a     Protocol.obj (.text:Listen)
                  0000d288    00000104     RadioOperation.obj (.text:FrameSend)
                  0000d38c    00000102     main.obj (.text:main)
                  0000d48e    000000f8     Callback.obj (.text:PortEventHandler)
                  0000d586    000000f6     Protocol.obj (.text:DataExchange)
                  0000d67c    000000f6     LaunchPad.obj (.text:UpdateSoftwareTimers)
                  0000d772    000000de     CommandInterface.obj (.text:ElemAttrUniv)
                  0000d850    000000d8     Application.obj (.text:AddNodeToNetwork)
                  0000d928    000000d0     CommandInterface.obj (.text:TagEnd)
                  0000d9f8    000000ce     CommandInterface.obj (.text:CmdIF_DataDefinitions)
                  0000dac6    000000c6     CommandInterface.obj (.text:ReportData)
                  0000db8c    000000c6     CommandInterface.obj (.text:TagBegin)
                  0000dc52    000000c6     Callback.obj (.text:Timer2CCREventHandler)
                  0000dd18    000000ba     CommandInterface.obj (.text:CmdIF_GetNodeIDs)
                  0000ddd2    000000ba     RandomNumberGenerator.obj (.text)
                  0000de8c    000000b8     RadioOperation.obj (.text:CreateDataPacket)
                  0000df44    000000b4     CommandInterface.obj (.text:CmdIF_GetAppStates)
                  0000dff8    000000b2     Application.obj (.text:SetMyNodeID)
                  0000e0aa    000000ac     Protocol.obj (.text:SendConfigPingSequence)
                  0000e156    00000098     USCI.obj (.text:__hal_USCIAB0TXInterruptServiceRoutine)
                  0000e1ee    00000092     CC1101Interface.obj (.text:CC1101WakeUp)
                  0000e280    00000092     Application.obj (.text:SensorPayload)
                  0000e312    0000008e     FlashModule.obj (.text:__hal_FlashModuleWriteBuffer)
                  0000e3a0    0000008c     CommandInterface.obj (.text:GetCurrentPhysical)
                  0000e42c    00000086     Application.obj (.text:NodeAckPayload)
                  0000e4b2    00000080     CommandInterface.obj (.text:SetCurrentPhysical)
                  0000e532    00000080     CommandInterface.obj (.text:SetDataValue)
                  0000e5b2    0000007e     CommandInterface.obj (.text:GetParmValue)
                  0000e630    00000076     Application.obj (.text:HubWirelessOperation)
                  0000e6a6    00000074     CommandInterface.obj (.text:ResponseParameter)
                  0000e71a    00000072     CommandInterface.obj (.text:CmdIF_SetCycleUpdateRate)
                  0000e78c    0000006e     RadioOperation.obj (.text:ReceiveOn)
                  0000e7fa    0000006e     Application.obj (.text:RemoveNodeFromNetwork)
                  0000e868    0000006c     Callback.obj (.text:LEDControl)
                  0000e8d4    0000006c     USCI.obj (.text:__hal_USCIAB0RXInterruptServiceRoutine)
                  0000e940    00000064     CommandInterface.obj (.text:MapSensorsFromHW)
                  0000e9a4    00000062     RadioOperation.obj (.text:FrameListen)
                  0000ea06    00000062     Callback.obj (.text:UARTRXEventHandler)
                  0000ea68    00000060     CommandInterface.obj (.text:CmdIFResponse)
                  0000eac8    0000005e     CommandInterface.obj (.text:ResponseCtrl)
                  0000eb26    0000005c     CommandInterface.obj (.text:ModuleInfo)
                  0000eb82    00000058     Callback.obj (.text:PushButton1EventHandler)
                  0000ebda    00000058     rts430.lib : div32u.obj (.text)
                  0000ec32    00000050     CC1101Interface.obj (.text:CC1101Write)
                  0000ec82    00000050     Application.obj (.text:SetCycleTime)
                  0000ecd2    0000004e     TimerA.obj (.text:Timer0A3CCR1InterruptServiceRoutine)
                  0000ed20    0000004e     TimerA.obj (.text:Timer1A3CCR1InterruptServiceRoutine)
                  0000ed6e    0000004c     Communication.obj (.text:__hal_SPIBurstRead)
                  0000edba    0000004c     rts430.lib : lsr16.obj (.text)
                  0000ee06    0000004a     CircularBuffer.obj (.text:CircularBufferWrite)
                  0000ee50    0000004a     ADC10.obj (.text:__hal_ADC10InterruptServiceRoutine)
                  0000ee9a    00000048     CC1101Interface.obj (.text:CC1101Read)
                  0000eee2    00000048     rts430.lib : autoinit.obj (.text:_auto_init)
                  0000ef2a    00000046     Communication.obj (.text:__hal_SPIBurstWrite)
                  0000ef70    00000042     CommandInterface.obj (.text:CmdIF_SetAppState)
                  0000efb2    00000042     DigitalIO.obj (.text:DigitalIOPort1InterruptServiceRoutine)
                  0000eff4    00000042     DigitalIO.obj (.text:DigitalIOPort2InterruptServiceRoutine)
                  0000f036    00000040     CommandInterface.obj (.text:AppInformation)
                  0000f076    00000040     rts430.lib : div32s.obj (.text)
                  0000f0b6    0000003e     CircularBuffer.obj (.text:CircularBufferRead)
                  0000f0f4    0000003e     rts430.lib : asr32.obj (.text:l_asr_const)
                  0000f132    0000003e                : lsl32.obj (.text:l_lsl_const)
                  0000f170    0000003c     CommandInterface.obj (.text:ResponseResult)
                  0000f1ac    0000003c     Application.obj (.text:SetApplicationState)
                  0000f1e8    0000003a     TimerA.obj (.text:Timer0A3CCR0InterruptServiceRoutine)
                  0000f222    0000003a     TimerA.obj (.text:Timer1A3CCR0InterruptServiceRoutine)
                  0000f25c    00000036     CommandInterface.obj (.text:GetParmLong)
                  0000f292    00000032     Application.obj (.text:Query_Current_Status)
                  0000f2c4    00000030     CommandInterface.obj (.text:CmdIF_SetDataValue)
                  0000f2f4    00000030     CommandInterface.obj (.text:GetParmWord)
                  0000f324    00000030     Callback.obj (.text:Timer1CCREventHandler)
                  0000f354    0000002e     Application.obj (.text:BlinkLED)
                  0000f382    0000002e     CommandInterface.obj (.text:GetParmByte)
                  0000f3b0    0000002e     Application.obj (.text:NodeIsInMyNet)
                  0000f3de    0000002e     Radio.obj (.text:RadioSetInterruptEdge)
                  0000f40c    0000002c     RadioOperation.obj (.text:StartTimeoutTimer)
                  0000f438    0000002c     rts430.lib : asr16.obj (.text)
                  0000f464    0000002c                : lsl16.obj (.text)
                  0000f490    00000026     RadioOperation.obj (.text:CycleTimeoutAction)
                  0000f4b6    00000026     Radio.obj (.text:RadioReadRegister)
                  0000f4dc    00000026     rts430.lib : boot.obj (.text:_c_int00_noexit)
                  0000f502    00000024     CommandInterface.obj (.text:AttributeEnd)
                  0000f526    00000024     CommandInterface.obj (.text:CmdIF_SetThisNodeID)
                  0000f54a    00000024     WatchdogTimerPlus.obj (.text:NonMaskableInterruptServiceRoutine)
                  0000f56e    00000024     WatchdogTimerPlus.obj (.text:WatchdogTimerInterruptServiceRoutine)
                  0000f592    00000020     CommandInterface.obj (.text:CmdIF_RemoveNode)
                  0000f5b2    00000020     CommandInterface.obj (.text:CmdIF_SetPairingMask)
                  0000f5d2    00000020     Radio.obj (.text:RadioWriteRegister)
                  0000f5f2    0000001e     Application.obj (.text:SetPairingMask)
                  0000f610    0000001c     Radio.obj (.text:RadioDisableInterrupt)
                  0000f62c    0000001c     Radio.obj (.text:RadioEnableInterrupt)
                  0000f648    0000001c     Radio.obj (.text:RadioReadRXBuffer)
                  0000f664    0000001c     Communication.obj (.text:__hal_SPIDisableChipSelect)
                  0000f680    0000001c     Communication.obj (.text:__hal_SPIEnableChipSelect)
                  0000f69c    00000018     Radio.obj (.text:RadioWakeUp)
                  0000f6b4    00000016     rts430.lib : div16u.obj (.text)
                  0000f6ca    00000014                : mult16.obj (.text)
                  0000f6de    00000012     DigitalIO.obj (.text:ClearDigitalIOOutputPort)
                  0000f6f0    00000012     Callback.obj (.text:SWTimer0EventHandler)
                  0000f702    00000012     DigitalIO.obj (.text:SetDigitalIOOutputPort)
                  0000f714    00000012     rts430.lib : memcpy.obj (.text:memcpy)
                  0000f726    00000010     Callback.obj (.text:ADCEventHandler)
                  0000f736    00000010     rts430.lib : lsl32.obj (.text:l_lsl)
                  0000f746    00000010                : epilog.obj (.text)
                  0000f756    0000000c     EventHandling.obj (.text:InterruptServiceRoutineExtension)
                  0000f762    00000004     ADC10.obj (.text:ADC10DefaultEventHandler)
                  0000f766    00000004     DigitalIO.obj (.text:DigitalIOPort1DefaultEventHandler)
                  0000f76a    00000004     DigitalIO.obj (.text:DigitalIOPort2DefaultEventHandler)
                  0000f76e    00000004     WatchdogTimerPlus.obj (.text:NonMaskableInterruptDefaultEventHandler)
                  0000f772    00000004     PushButton.obj (.text:PushButtonDefaultEventHandler)
                  0000f776    00000004     SoftwareTimer.obj (.text:SoftwareTimerDefaultEventHandler)
                  0000f77a    00000004     TimerA.obj (.text:Timer0A3CCR0DefaultEventHandler)
                  0000f77e    00000004     TimerA.obj (.text:Timer0A3CCR1DefaultEventHandler)
                  0000f782    00000004     TimerA.obj (.text:Timer1A3CCR0DefaultEventHandler)
                  0000f786    00000004     TimerA.obj (.text:Timer1A3CCR1DefaultEventHandler)
                  0000f78a    00000004     USCI.obj (.text:USCIAB0RXDefaultEventHandler)
                  0000f78e    00000004     USCI.obj (.text:USCIAB0TXDefaultEventHandler)
                  0000f792    00000004     WatchdogTimerPlus.obj (.text:WatchdogTimerDefaultEventHandler)
                  0000f796    00000004     rts430.lib : pre_init.obj (.text:_system_pre_init)
                  0000f79a    00000004                : exit.obj (.text:abort)
                  0000f79e    00000002                : _lock.obj (.text:_nop)

.const     0    0000f7a0    0000064a     
                  0000f7a0    00000234     <whole-program> (.const:.string)
                  0000f9d4    0000014e     AIRRadioSettingFCC.lib : A110LR09SettingsFCC.obj (.const:.string)
                  0000fb22    000000e0                            : A110LR09SettingsFCC.obj (.const:A110LR09RegisterSettingsFCC)
                  0000fc02    00000066                            : A110LR09SettingsFCC.obj (.const:A110LR09ChannelListFCC)
                  0000fc68    0000003c     CommandInterface.obj (.const:CommandDefinitions)
                  0000fca4    00000038     CommandInterface.obj (.const:NodeDataDefinitions)
                  0000fcdc    00000034     AIRRadioSettingFCC.lib : A110LR09SettingsFCC.obj (.const:A110LR09PowerListFCC)
                  0000fd10    00000022                            : A110LR09SettingsFCC.obj (.const:A110LR09ConfigurationChannelsFCC0)
                  0000fd32    00000022                            : A110LR09SettingsFCC.obj (.const:A110LR09ConfigurationChannelsFCC2)
                  0000fd54    00000022                            : A110LR09SettingsFCC.obj (.const:A110LR09ConfigurationChannelsFCC3)
                  0000fd76    00000020                            : A110LR09SettingsFCC.obj (.const:A110LR09ConfigurationFCC)
                  0000fd96    00000020     CommandInterface.obj (.const:Brackets)
                  0000fdb6    0000000c     AIRBoosterPackLite.obj (.const)
                  0000fdc2    0000000c     RadioOperation.obj (.const:appRadio)
                  0000fdce    00000006     AIRRadioSettingFCC.lib : A110LR09SettingsFCC.obj (.const)
                  0000fdd4    00000006     TimerA.obj (.const)
                  0000fdda    00000004     USCI.obj (.const)
                  0000fdde    00000004     WatchdogTimerPlus.obj (.const)
                  0000fde2    00000003     CommandInterface.obj (.const)
                  0000fde5    00000002     DigitalIO.obj (.const)
                  0000fde7    00000001     ADC10.obj (.const)
                  0000fde8    00000001     RadioOperation.obj (.const)
                  0000fde9    00000001     SoftwareTimer.obj (.const)

.cinit     0    0000fdea    000000f2     
                  0000fdea    000000f0     <whole-program> (.cinit)
                  0000feda    00000002     --HOLE-- [fill = 0]

.int02     0    0000ffe4    00000002     
                  0000ffe4    00000002     <whole-program> (.int02)

.int03     0    0000ffe6    00000002     
                  0000ffe6    00000002     <whole-program> (.int03)

.int05     0    0000ffea    00000002     
                  0000ffea    00000002     <whole-program> (.int05)

.int06     0    0000ffec    00000002     
                  0000ffec    00000002     <whole-program> (.int06)

.int07     0    0000ffee    00000002     
                  0000ffee    00000002     <whole-program> (.int07)

.int08     0    0000fff0    00000002     
                  0000fff0    00000002     <whole-program> (.int08)

.int09     0    0000fff2    00000002     
                  0000fff2    00000002     <whole-program> (.int09)

.int10     0    0000fff4    00000002     
                  0000fff4    00000002     <whole-program> (.int10)

.int12     0    0000fff8    00000002     
                  0000fff8    00000002     <whole-program> (.int12)

.int13     0    0000fffa    00000002     
                  0000fffa    00000002     <whole-program> (.int13)

.int14     0    0000fffc    00000002     
                  0000fffc    00000002     <whole-program> (.int14)

.reset     0    0000fffe    00000002     
                  0000fffe    00000002     rts430.lib : boot.obj (.reset)


GLOBAL SYMBOLS: SORTED ALPHABETICALLY BY Name 

address    name
--------   ----
00000200   .bss
0000c000   .text
0000fdce   A110LR09ArraySizesFCC
0000fc02   A110LR09ChannelListFCC
0000fd10   A110LR09ConfigurationChannelsFCC0
0000fd32   A110LR09ConfigurationChannelsFCC2
0000fd54   A110LR09ConfigurationChannelsFCC3
0000fd76   A110LR09ConfigurationFCC
0000fcdc   A110LR09PowerListFCC
0000fb22   A110LR09RegisterSettingsFCC
0000004a   ADC10AE0
000001b0   ADC10CTL0
000001b2   ADC10CTL1
00000048   ADC10DTC0
00000049   ADC10DTC1
0000f762   ADC10DefaultEventHandler
0000032e   ADC10Event
000001b4   ADC10MEM
000001bc   ADC10SA
00000301   ADCConversionDone
0000f726   ADCEventHandler
0000d850   AddNodeToNetwork
0000f036   AppInformation
00000200   ApplicationState
0000f502   AttributeEnd
00000057   BCSCTL1
00000058   BCSCTL2
00000053   BCSCTL3
0000f354   BlinkLED
0000fd96   Brackets
0000f79a   C$$EXIT
00000059   CACTL1
0000005a   CACTL2
000010fb   CALBC1_12MHZ
000010f9   CALBC1_16MHZ
000010ff   CALBC1_1MHZ
000010fd   CALBC1_8MHZ
000010fa   CALDCO_12MHZ
000010f8   CALDCO_16MHZ
000010fe   CALDCO_1MHZ
000010fc   CALDCO_8MHZ
0000005b   CAPD
0000ee9a   CC1101Read
0000e1ee   CC1101WakeUp
0000ec32   CC1101Write
0000c818   ChangeConfiguration
0000f0b6   CircularBufferRead
0000ee06   CircularBufferWrite
0000f6de   ClearDigitalIOOutputPort
000002e4   CmdIFCommandString
0000ca22   CmdIFProcess
0000ea68   CmdIFResponse
0000d9f8   CmdIF_DataDefinitions
0000df44   CmdIF_GetAppStates
0000dd18   CmdIF_GetNodeIDs
0000f592   CmdIF_RemoveNode
0000ef70   CmdIF_SetAppState
0000e71a   CmdIF_SetCycleUpdateRate
0000f2c4   CmdIF_SetDataValue
0000f5b2   CmdIF_SetPairingMask
0000f526   CmdIF_SetThisNodeID
0000fc68   CommandDefinitions
0000025e   ConfigSettings
00000330   ConfigTimeout
0000c394   ConfigurationInfo
0000de8c   CreateDataPacket
0000f490   CycleTimeoutAction
00000056   DCOCTL
0000fde4   DataDefCount
0000fde2   DataDefinitions
0000d586   DataExchange
000002fd   DelayedResult
0000f766   DigitalIOPort1DefaultEventHandler
00000322   DigitalIOPort1Event
0000efb2   DigitalIOPort1InterruptServiceRoutine
0000f76a   DigitalIOPort2DefaultEventHandler
00000324   DigitalIOPort2Event
0000eff4   DigitalIOPort2InterruptServiceRoutine
0000d772   ElemAttrUniv
00000128   FCTL1
0000012a   FCTL2
0000012c   FCTL3
00000252   Flags
0000e9a4   FrameListen
0000d288   FrameSend
0000e3a0   GetCurrentPhysical
0000cf1a   GetFrame
0000f382   GetParmByte
0000f25c   GetParmLong
0000e5b2   GetParmValue
0000f2f4   GetParmWord
0000e630   HubWirelessOperation
00000000   IE1
00000001   IE2
00000002   IFG1
00000003   IFG2
0000f438   I_ASR
0000f460   I_ASR_1
0000f44e   I_ASR_10
0000f44c   I_ASR_11
0000f44a   I_ASR_12
0000f448   I_ASR_13
0000f446   I_ASR_14
0000f444   I_ASR_15
0000f45e   I_ASR_2
0000f45c   I_ASR_3
0000f45a   I_ASR_4
0000f458   I_ASR_5
0000f456   I_ASR_6
0000f454   I_ASR_7
0000f452   I_ASR_8
0000f450   I_ASR_9
0000f464   I_LSL
0000f48c   I_LSL_1
0000f47a   I_LSL_10
0000f478   I_LSL_11
0000f476   I_LSL_12
0000f474   I_LSL_13
0000f472   I_LSL_14
0000f470   I_LSL_15
0000f48a   I_LSL_2
0000f488   I_LSL_3
0000f486   I_LSL_4
0000f484   I_LSL_5
0000f482   I_LSL_6
0000f480   I_LSL_7
0000f47e   I_LSL_8
0000f47c   I_LSL_9
0000edba   I_LSR
0000ee00   I_LSR_1
0000eddc   I_LSR_10
0000edd8   I_LSR_11
0000edd4   I_LSR_12
0000edd0   I_LSR_13
0000edcc   I_LSR_14
0000edc8   I_LSR_15
0000edfc   I_LSR_2
0000edf8   I_LSR_3
0000edf4   I_LSR_4
0000edf0   I_LSR_5
0000edec   I_LSR_6
0000ede8   I_LSR_7
0000ede4   I_LSR_8
0000ede0   I_LSR_9
000002e6   InCmdSeq
0000c000   InitSystem
0000f756   InterruptServiceRoutineExtension
0000e868   LEDControl
0000f12c   L_ASR_1
0000f108   L_ASR_10
0000f104   L_ASR_11
0000f100   L_ASR_12
0000f0fc   L_ASR_13
0000f0f8   L_ASR_14
0000f0f4   L_ASR_15
0000f128   L_ASR_2
0000f124   L_ASR_3
0000f120   L_ASR_4
0000f11c   L_ASR_5
0000f118   L_ASR_6
0000f114   L_ASR_7
0000f110   L_ASR_8
0000f10c   L_ASR_9
0000f736   L_LSL
0000f16a   L_LSL_1
0000f146   L_LSL_10
0000f142   L_LSL_11
0000f13e   L_LSL_12
0000f13a   L_LSL_13
0000f136   L_LSL_14
0000f132   L_LSL_15
0000f166   L_LSL_2
0000f162   L_LSL_3
0000f15e   L_LSL_4
0000f15a   L_LSL_5
0000f156   L_LSL_6
0000f152   L_LSL_7
0000f14e   L_LSL_8
0000f14a   L_LSL_9
0000d17e   Listen
0000e940   MapSensorsFromHW
0000eb26   ModuleInfo
00001000   MyFlashStorage
0000d06e   NetworkValidation
0000e42c   NodeAckPayload
0000fca4   NodeDataDefinitions
0000f3b0   NodeIsInMyNet
00000202   Nodes
0000f76e   NonMaskableInterruptDefaultEventHandler
0000fde0   NonMaskableInterruptEvent
0000f54a   NonMaskableInterruptServiceRoutine
00000022   P1DIR
00000025   P1IE
00000024   P1IES
00000023   P1IFG
00000020   P1IN
00000021   P1OUT
00000027   P1REN
00000026   P1SEL
00000041   P1SEL2
0000002a   P2DIR
0000002d   P2IE
0000002c   P2IES
0000002b   P2IFG
00000028   P2IN
00000029   P2OUT
0000002f   P2REN
0000002e   P2SEL
00000042   P2SEL2
0000001a   P3DIR
00000018   P3IN
00000019   P3OUT
00000010   P3REN
0000001b   P3SEL
00000043   P3SEL2
00000236   Payloads
0000d48e   PortEventHandler
0000eb82   PushButton1EventHandler
0000f772   PushButtonDefaultEventHandler
000002b6   PushButtonEvent
0000f292   Query_Current_Status
0000c5e4   RXTXCycle
0000f610   RadioDisableInterrupt
0000f62c   RadioEnableInterrupt
00000264   RadioLocal
0000f648   RadioReadRXBuffer
0000f4b6   RadioReadRegister
0000f3de   RadioSetInterruptEdge
0000f69c   RadioWakeUp
0000f5d2   RadioWriteRegister
000002e8   RawCommand
0000e78c   ReceiveOn
0000e7fa   RemoveNodeFromNetwork
0000dac6   ReportData
0000eac8   ResponseCtrl
0000cdac   ResponseNumber
0000e6a6   ResponseParameter
0000f170   ResponseResult
0000f6f0   SWTimer0EventHandler
000002b4   SWTimerEvent
0000e0aa   SendConfigPingSequence
0000e280   SensorPayload
0000f1ac   SetApplicationState
0000e4b2   SetCurrentPhysical
0000ec82   SetCycleTime
0000e532   SetDataValue
0000f702   SetDigitalIOOutputPort
0000dff8   SetMyNodeID
0000f5f2   SetPairingMask
0000f776   SoftwareTimerDefaultEventHandler
0000f40c   StartTimeoutTimer
00000172   TA0CCR0
00000174   TA0CCR1
00000176   TA0CCR2
00000162   TA0CCTL0
00000164   TA0CCTL1
00000166   TA0CCTL2
00000160   TA0CTL
0000012e   TA0IV
00000170   TA0R
00000192   TA1CCR0
00000194   TA1CCR1
00000196   TA1CCR2
00000182   TA1CCTL0
00000184   TA1CCTL1
00000186   TA1CCTL2
00000180   TA1CTL
0000011e   TA1IV
00000190   TA1R
000010db   TLV_ADC10_1_LEN
000010da   TLV_ADC10_1_TAG
000010c0   TLV_CHECKSUM
000010f7   TLV_DCO_30_LEN
000010f6   TLV_DCO_30_TAG
0000db8c   TagBegin
0000d928   TagEnd
0000f77a   Timer0A3CCR0DefaultEventHandler
0000031c   Timer0A3CCR0Event
0000f1e8   Timer0A3CCR0InterruptServiceRoutine
0000f77e   Timer0A3CCR1DefaultEventHandler
0000031e   Timer0A3CCR1Event
0000ecd2   Timer0A3CCR1InterruptServiceRoutine
0000f782   Timer1A3CCR0DefaultEventHandler
00000320   Timer1A3CCR0Event
0000f222   Timer1A3CCR0InterruptServiceRoutine
0000f786   Timer1A3CCR1DefaultEventHandler
0000fdd4   Timer1A3CCR1Event
0000ed20   Timer1A3CCR1InterruptServiceRoutine
0000f324   Timer1CCREventHandler
0000dc52   Timer2CCREventHandler
0000ea06   UARTRXEventHandler
0000005d   UCA0ABCTL
00000062   UCA0BR0
00000063   UCA0BR1
00000060   UCA0CTL0
00000061   UCA0CTL1
0000005f   UCA0IRRCTL
0000005e   UCA0IRTCTL
00000064   UCA0MCTL
00000066   UCA0RXBUF
00000065   UCA0STAT
00000067   UCA0TXBUF
0000006a   UCB0BR0
0000006b   UCB0BR1
00000068   UCB0CTL0
00000069   UCB0CTL1
0000006c   UCB0I2CIE
00000118   UCB0I2COA
0000011a   UCB0I2CSA
0000006e   UCB0RXBUF
0000006d   UCB0STAT
0000006f   UCB0TXBUF
000002cc   USCIA0Buffer
000002c6   USCIA0RXBuffer
000002c0   USCIA0TXBuffer
0000f78a   USCIAB0RXDefaultEventHandler
00000332   USCIAB0RXEvent
0000f78e   USCIAB0TXDefaultEventHandler
0000fdda   USCIAB0TXEvent
0000d67c   UpdateSoftwareTimers
00000120   WDTCTL
0000f792   WatchdogTimerDefaultEventHandler
0000fdde   WatchdogTimerEvent
0000f56e   WatchdogTimerInterruptServiceRoutine
0000cc0c   WirelessOperation
000003fe   __STACK_END
000000be   __STACK_SIZE
00000001   __TI_args_main
00000001   __TI_auto_init
0000032a   __TI_cleanup_ptr
0000032c   __TI_dtors_ptr
00000001   __TI_exit
0000ffe4   __TI_int02
0000ffe6   __TI_int03
0000ffea   __TI_int05
0000ffec   __TI_int06
0000ffee   __TI_int07
0000fff0   __TI_int08
0000fff2   __TI_int09
0000fff4   __TI_int10
0000fff8   __TI_int12
0000fffa   __TI_int13
0000fffc   __TI_int14
ffffffff   __binit__
00000200   __bss__
ffffffff   __c_args__
0000fdea   __cinit__
0000f076   __divli
0000f6b4   __divu
0000ebda   __divul
00000334   __end__
0000f7a0   __etext__
0000ee50   __hal_ADC10InterruptServiceRoutine
0000e312   __hal_FlashModuleWriteBuffer
0000ddd2   __hal_GetRandomIntegerFromADC
0000ddfa   __hal_GetRandomIntegerFromVLO
0000ed6e   __hal_SPIBurstRead
0000ef2a   __hal_SPIBurstWrite
0000f664   __hal_SPIDisableChipSelect
0000f680   __hal_SPIEnableChipSelect
0000e8d4   __hal_USCIAB0RXInterruptServiceRoutine
0000e156   __hal_USCIAB0TXInterruptServiceRoutine
0000f6ca   __mpyi
ffffffff   __pinit__
0000f076   __remli
0000f6b4   __remu
0000ebda   __remul
0000c000   __text__
0000eee2   _auto_init
0000f4dc   _c_int00
0000f4dc   _c_int00_noexit
00000326   _lock
0000f79e   _nop
0000fffe   _reset_vector
00000340   _stack
0000f796   _system_pre_init
00000328   _unlock
0000f79a   abort
0000fdc2   appRadio
ffffffff   binit
000002f8   cFlags
0000fdea   cinit
000002b8   delayTimer
00000334   end
0000f7a0   etext
0000f752   func_epilog_1
0000f750   func_epilog_2
0000f74e   func_epilog_3
0000f74c   func_epilog_4
0000f74a   func_epilog_5
0000f748   func_epilog_6
0000f746   func_epilog_7
00000303   greenLEDStateControl
0000d38c   main
0000f714   memcpy
00000232   pairingMask
ffffffff   pinit
00000300   pushButtonAction
000002aa   pushButtonTimer
000002fa   rFlags
0000030c   radio1
0000fdbe   radio1Connection
0000fde8   radio_Count
00000307   redLEDStateControl
0000fdb6   spiBus1
000002a2   swTimer
00000302   swTimerAction
000002fb   tFlags
00000314   userBuffer


GLOBAL SYMBOLS: SORTED BY Symbol Address 

address    name
--------   ----
00000000   IE1
00000001   IE2
00000001   __TI_args_main
00000001   __TI_auto_init
00000001   __TI_exit
00000002   IFG1
00000003   IFG2
00000010   P3REN
00000018   P3IN
00000019   P3OUT
0000001a   P3DIR
0000001b   P3SEL
00000020   P1IN
00000021   P1OUT
00000022   P1DIR
00000023   P1IFG
00000024   P1IES
00000025   P1IE
00000026   P1SEL
00000027   P1REN
00000028   P2IN
00000029   P2OUT
0000002a   P2DIR
0000002b   P2IFG
0000002c   P2IES
0000002d   P2IE
0000002e   P2SEL
0000002f   P2REN
00000041   P1SEL2
00000042   P2SEL2
00000043   P3SEL2
00000048   ADC10DTC0
00000049   ADC10DTC1
0000004a   ADC10AE0
00000053   BCSCTL3
00000056   DCOCTL
00000057   BCSCTL1
00000058   BCSCTL2
00000059   CACTL1
0000005a   CACTL2
0000005b   CAPD
0000005d   UCA0ABCTL
0000005e   UCA0IRTCTL
0000005f   UCA0IRRCTL
00000060   UCA0CTL0
00000061   UCA0CTL1
00000062   UCA0BR0
00000063   UCA0BR1
00000064   UCA0MCTL
00000065   UCA0STAT
00000066   UCA0RXBUF
00000067   UCA0TXBUF
00000068   UCB0CTL0
00000069   UCB0CTL1
0000006a   UCB0BR0
0000006b   UCB0BR1
0000006c   UCB0I2CIE
0000006d   UCB0STAT
0000006e   UCB0RXBUF
0000006f   UCB0TXBUF
000000be   __STACK_SIZE
00000118   UCB0I2COA
0000011a   UCB0I2CSA
0000011e   TA1IV
00000120   WDTCTL
00000128   FCTL1
0000012a   FCTL2
0000012c   FCTL3
0000012e   TA0IV
00000160   TA0CTL
00000162   TA0CCTL0
00000164   TA0CCTL1
00000166   TA0CCTL2
00000170   TA0R
00000172   TA0CCR0
00000174   TA0CCR1
00000176   TA0CCR2
00000180   TA1CTL
00000182   TA1CCTL0
00000184   TA1CCTL1
00000186   TA1CCTL2
00000190   TA1R
00000192   TA1CCR0
00000194   TA1CCR1
00000196   TA1CCR2
000001b0   ADC10CTL0
000001b2   ADC10CTL1
000001b4   ADC10MEM
000001bc   ADC10SA
00000200   .bss
00000200   ApplicationState
00000200   __bss__
00000202   Nodes
00000232   pairingMask
00000236   Payloads
00000252   Flags
0000025e   ConfigSettings
00000264   RadioLocal
000002a2   swTimer
000002aa   pushButtonTimer
000002b4   SWTimerEvent
000002b6   PushButtonEvent
000002b8   delayTimer
000002c0   USCIA0TXBuffer
000002c6   USCIA0RXBuffer
000002cc   USCIA0Buffer
000002e4   CmdIFCommandString
000002e6   InCmdSeq
000002e8   RawCommand
000002f8   cFlags
000002fa   rFlags
000002fb   tFlags
000002fd   DelayedResult
00000300   pushButtonAction
00000301   ADCConversionDone
00000302   swTimerAction
00000303   greenLEDStateControl
00000307   redLEDStateControl
0000030c   radio1
00000314   userBuffer
0000031c   Timer0A3CCR0Event
0000031e   Timer0A3CCR1Event
00000320   Timer1A3CCR0Event
00000322   DigitalIOPort1Event
00000324   DigitalIOPort2Event
00000326   _lock
00000328   _unlock
0000032a   __TI_cleanup_ptr
0000032c   __TI_dtors_ptr
0000032e   ADC10Event
00000330   ConfigTimeout
00000332   USCIAB0RXEvent
00000334   __end__
00000334   end
00000340   _stack
000003fe   __STACK_END
00001000   MyFlashStorage
000010c0   TLV_CHECKSUM
000010da   TLV_ADC10_1_TAG
000010db   TLV_ADC10_1_LEN
000010f6   TLV_DCO_30_TAG
000010f7   TLV_DCO_30_LEN
000010f8   CALDCO_16MHZ
000010f9   CALBC1_16MHZ
000010fa   CALDCO_12MHZ
000010fb   CALBC1_12MHZ
000010fc   CALDCO_8MHZ
000010fd   CALBC1_8MHZ
000010fe   CALDCO_1MHZ
000010ff   CALBC1_1MHZ
0000c000   .text
0000c000   InitSystem
0000c000   __text__
0000c394   ConfigurationInfo
0000c5e4   RXTXCycle
0000c818   ChangeConfiguration
0000ca22   CmdIFProcess
0000cc0c   WirelessOperation
0000cdac   ResponseNumber
0000cf1a   GetFrame
0000d06e   NetworkValidation
0000d17e   Listen
0000d288   FrameSend
0000d38c   main
0000d48e   PortEventHandler
0000d586   DataExchange
0000d67c   UpdateSoftwareTimers
0000d772   ElemAttrUniv
0000d850   AddNodeToNetwork
0000d928   TagEnd
0000d9f8   CmdIF_DataDefinitions
0000dac6   ReportData
0000db8c   TagBegin
0000dc52   Timer2CCREventHandler
0000dd18   CmdIF_GetNodeIDs
0000ddd2   __hal_GetRandomIntegerFromADC
0000ddfa   __hal_GetRandomIntegerFromVLO
0000de8c   CreateDataPacket
0000df44   CmdIF_GetAppStates
0000dff8   SetMyNodeID
0000e0aa   SendConfigPingSequence
0000e156   __hal_USCIAB0TXInterruptServiceRoutine
0000e1ee   CC1101WakeUp
0000e280   SensorPayload
0000e312   __hal_FlashModuleWriteBuffer
0000e3a0   GetCurrentPhysical
0000e42c   NodeAckPayload
0000e4b2   SetCurrentPhysical
0000e532   SetDataValue
0000e5b2   GetParmValue
0000e630   HubWirelessOperation
0000e6a6   ResponseParameter
0000e71a   CmdIF_SetCycleUpdateRate
0000e78c   ReceiveOn
0000e7fa   RemoveNodeFromNetwork
0000e868   LEDControl
0000e8d4   __hal_USCIAB0RXInterruptServiceRoutine
0000e940   MapSensorsFromHW
0000e9a4   FrameListen
0000ea06   UARTRXEventHandler
0000ea68   CmdIFResponse
0000eac8   ResponseCtrl
0000eb26   ModuleInfo
0000eb82   PushButton1EventHandler
0000ebda   __divul
0000ebda   __remul
0000ec32   CC1101Write
0000ec82   SetCycleTime
0000ecd2   Timer0A3CCR1InterruptServiceRoutine
0000ed20   Timer1A3CCR1InterruptServiceRoutine
0000ed6e   __hal_SPIBurstRead
0000edba   I_LSR
0000edc8   I_LSR_15
0000edcc   I_LSR_14
0000edd0   I_LSR_13
0000edd4   I_LSR_12
0000edd8   I_LSR_11
0000eddc   I_LSR_10
0000ede0   I_LSR_9
0000ede4   I_LSR_8
0000ede8   I_LSR_7
0000edec   I_LSR_6
0000edf0   I_LSR_5
0000edf4   I_LSR_4
0000edf8   I_LSR_3
0000edfc   I_LSR_2
0000ee00   I_LSR_1
0000ee06   CircularBufferWrite
0000ee50   __hal_ADC10InterruptServiceRoutine
0000ee9a   CC1101Read
0000eee2   _auto_init
0000ef2a   __hal_SPIBurstWrite
0000ef70   CmdIF_SetAppState
0000efb2   DigitalIOPort1InterruptServiceRoutine
0000eff4   DigitalIOPort2InterruptServiceRoutine
0000f036   AppInformation
0000f076   __divli
0000f076   __remli
0000f0b6   CircularBufferRead
0000f0f4   L_ASR_15
0000f0f8   L_ASR_14
0000f0fc   L_ASR_13
0000f100   L_ASR_12
0000f104   L_ASR_11
0000f108   L_ASR_10
0000f10c   L_ASR_9
0000f110   L_ASR_8
0000f114   L_ASR_7
0000f118   L_ASR_6
0000f11c   L_ASR_5
0000f120   L_ASR_4
0000f124   L_ASR_3
0000f128   L_ASR_2
0000f12c   L_ASR_1
0000f132   L_LSL_15
0000f136   L_LSL_14
0000f13a   L_LSL_13
0000f13e   L_LSL_12
0000f142   L_LSL_11
0000f146   L_LSL_10
0000f14a   L_LSL_9
0000f14e   L_LSL_8
0000f152   L_LSL_7
0000f156   L_LSL_6
0000f15a   L_LSL_5
0000f15e   L_LSL_4
0000f162   L_LSL_3
0000f166   L_LSL_2
0000f16a   L_LSL_1
0000f170   ResponseResult
0000f1ac   SetApplicationState
0000f1e8   Timer0A3CCR0InterruptServiceRoutine
0000f222   Timer1A3CCR0InterruptServiceRoutine
0000f25c   GetParmLong
0000f292   Query_Current_Status
0000f2c4   CmdIF_SetDataValue
0000f2f4   GetParmWord
0000f324   Timer1CCREventHandler
0000f354   BlinkLED
0000f382   GetParmByte
0000f3b0   NodeIsInMyNet
0000f3de   RadioSetInterruptEdge
0000f40c   StartTimeoutTimer
0000f438   I_ASR
0000f444   I_ASR_15
0000f446   I_ASR_14
0000f448   I_ASR_13
0000f44a   I_ASR_12
0000f44c   I_ASR_11
0000f44e   I_ASR_10
0000f450   I_ASR_9
0000f452   I_ASR_8
0000f454   I_ASR_7
0000f456   I_ASR_6
0000f458   I_ASR_5
0000f45a   I_ASR_4
0000f45c   I_ASR_3
0000f45e   I_ASR_2
0000f460   I_ASR_1
0000f464   I_LSL
0000f470   I_LSL_15
0000f472   I_LSL_14
0000f474   I_LSL_13
0000f476   I_LSL_12
0000f478   I_LSL_11
0000f47a   I_LSL_10
0000f47c   I_LSL_9
0000f47e   I_LSL_8
0000f480   I_LSL_7
0000f482   I_LSL_6
0000f484   I_LSL_5
0000f486   I_LSL_4
0000f488   I_LSL_3
0000f48a   I_LSL_2
0000f48c   I_LSL_1
0000f490   CycleTimeoutAction
0000f4b6   RadioReadRegister
0000f4dc   _c_int00
0000f4dc   _c_int00_noexit
0000f502   AttributeEnd
0000f526   CmdIF_SetThisNodeID
0000f54a   NonMaskableInterruptServiceRoutine
0000f56e   WatchdogTimerInterruptServiceRoutine
0000f592   CmdIF_RemoveNode
0000f5b2   CmdIF_SetPairingMask
0000f5d2   RadioWriteRegister
0000f5f2   SetPairingMask
0000f610   RadioDisableInterrupt
0000f62c   RadioEnableInterrupt
0000f648   RadioReadRXBuffer
0000f664   __hal_SPIDisableChipSelect
0000f680   __hal_SPIEnableChipSelect
0000f69c   RadioWakeUp
0000f6b4   __divu
0000f6b4   __remu
0000f6ca   __mpyi
0000f6de   ClearDigitalIOOutputPort
0000f6f0   SWTimer0EventHandler
0000f702   SetDigitalIOOutputPort
0000f714   memcpy
0000f726   ADCEventHandler
0000f736   L_LSL
0000f746   func_epilog_7
0000f748   func_epilog_6
0000f74a   func_epilog_5
0000f74c   func_epilog_4
0000f74e   func_epilog_3
0000f750   func_epilog_2
0000f752   func_epilog_1
0000f756   InterruptServiceRoutineExtension
0000f762   ADC10DefaultEventHandler
0000f766   DigitalIOPort1DefaultEventHandler
0000f76a   DigitalIOPort2DefaultEventHandler
0000f76e   NonMaskableInterruptDefaultEventHandler
0000f772   PushButtonDefaultEventHandler
0000f776   SoftwareTimerDefaultEventHandler
0000f77a   Timer0A3CCR0DefaultEventHandler
0000f77e   Timer0A3CCR1DefaultEventHandler
0000f782   Timer1A3CCR0DefaultEventHandler
0000f786   Timer1A3CCR1DefaultEventHandler
0000f78a   USCIAB0RXDefaultEventHandler
0000f78e   USCIAB0TXDefaultEventHandler
0000f792   WatchdogTimerDefaultEventHandler
0000f796   _system_pre_init
0000f79a   C$$EXIT
0000f79a   abort
0000f79e   _nop
0000f7a0   __etext__
0000f7a0   etext
0000fb22   A110LR09RegisterSettingsFCC
0000fc02   A110LR09ChannelListFCC
0000fc68   CommandDefinitions
0000fca4   NodeDataDefinitions
0000fcdc   A110LR09PowerListFCC
0000fd10   A110LR09ConfigurationChannelsFCC0
0000fd32   A110LR09ConfigurationChannelsFCC2
0000fd54   A110LR09ConfigurationChannelsFCC3
0000fd76   A110LR09ConfigurationFCC
0000fd96   Brackets
0000fdb6   spiBus1
0000fdbe   radio1Connection
0000fdc2   appRadio
0000fdce   A110LR09ArraySizesFCC
0000fdd4   Timer1A3CCR1Event
0000fdda   USCIAB0TXEvent
0000fdde   WatchdogTimerEvent
0000fde0   NonMaskableInterruptEvent
0000fde2   DataDefinitions
0000fde4   DataDefCount
0000fde8   radio_Count
0000fdea   __cinit__
0000fdea   cinit
0000ffe4   __TI_int02
0000ffe6   __TI_int03
0000ffea   __TI_int05
0000ffec   __TI_int06
0000ffee   __TI_int07
0000fff0   __TI_int08
0000fff2   __TI_int09
0000fff4   __TI_int10
0000fff8   __TI_int12
0000fffa   __TI_int13
0000fffc   __TI_int14
0000fffe   _reset_vector
ffffffff   __binit__
ffffffff   __c_args__
ffffffff   __pinit__
ffffffff   binit
ffffffff   pinit

[409 symbols]
