<?xml version="1.0"?>
<link_info>
   <banner>MSP430 Linker PC v4.2.2</banner>
   <copyright>Copyright (c) 2003-2013 Texas Instruments Incorporated</copyright>
   <link_time>0x5453ab31</link_time>
   <link_errors>0x0</link_errors>
   <output_file>CCS.out</output_file>
   <entry_point>
      <name>_c_int00</name>
      <address>0xf4dc</address>
   </entry_point>
   <input_file_list>
      <input_file id="fl-11">
         <path>.\Framework\HAL\Common\RandomNumberGenerator\</path>
         <kind>object</kind>
         <file>RandomNumberGenerator.obj</file>
         <name>RandomNumberGenerator.obj</name>
      </input_file>
      <input_file id="fl-24">
         <path>C:\CC1101_workspace\src\Library\CCS\</path>
         <kind>archive</kind>
         <file>AIRRadioSettingFCC.lib</file>
         <name>A110LR09SettingsFCC.obj</name>
      </input_file>
      <input_file id="fl-3a">
         <path>c:\ti\ccsv6\tools\compiler\MSP430_4.2.2\lib\</path>
         <kind>archive</kind>
         <file>rts430.lib</file>
         <name>asr16.obj</name>
      </input_file>
      <input_file id="fl-3b">
         <path>c:\ti\ccsv6\tools\compiler\MSP430_4.2.2\lib\</path>
         <kind>archive</kind>
         <file>rts430.lib</file>
         <name>asr32.obj</name>
      </input_file>
      <input_file id="fl-3c">
         <path>c:\ti\ccsv6\tools\compiler\MSP430_4.2.2\lib\</path>
         <kind>archive</kind>
         <file>rts430.lib</file>
         <name>boot.obj</name>
      </input_file>
      <input_file id="fl-40">
         <path>c:\ti\ccsv6\tools\compiler\MSP430_4.2.2\lib\</path>
         <kind>archive</kind>
         <file>rts430.lib</file>
         <name>div16u.obj</name>
      </input_file>
      <input_file id="fl-41">
         <path>c:\ti\ccsv6\tools\compiler\MSP430_4.2.2\lib\</path>
         <kind>archive</kind>
         <file>rts430.lib</file>
         <name>div32s.obj</name>
      </input_file>
      <input_file id="fl-42">
         <path>c:\ti\ccsv6\tools\compiler\MSP430_4.2.2\lib\</path>
         <kind>archive</kind>
         <file>rts430.lib</file>
         <name>div32u.obj</name>
      </input_file>
      <input_file id="fl-43">
         <path>c:\ti\ccsv6\tools\compiler\MSP430_4.2.2\lib\</path>
         <kind>archive</kind>
         <file>rts430.lib</file>
         <name>epilog.obj</name>
      </input_file>
      <input_file id="fl-44">
         <path>c:\ti\ccsv6\tools\compiler\MSP430_4.2.2\lib\</path>
         <kind>archive</kind>
         <file>rts430.lib</file>
         <name>exit.obj</name>
      </input_file>
      <input_file id="fl-45">
         <path>c:\ti\ccsv6\tools\compiler\MSP430_4.2.2\lib\</path>
         <kind>archive</kind>
         <file>rts430.lib</file>
         <name>lsl16.obj</name>
      </input_file>
      <input_file id="fl-46">
         <path>c:\ti\ccsv6\tools\compiler\MSP430_4.2.2\lib\</path>
         <kind>archive</kind>
         <file>rts430.lib</file>
         <name>lsl32.obj</name>
      </input_file>
      <input_file id="fl-47">
         <path>c:\ti\ccsv6\tools\compiler\MSP430_4.2.2\lib\</path>
         <kind>archive</kind>
         <file>rts430.lib</file>
         <name>lsr16.obj</name>
      </input_file>
      <input_file id="fl-4a">
         <path>c:\ti\ccsv6\tools\compiler\MSP430_4.2.2\lib\</path>
         <kind>archive</kind>
         <file>rts430.lib</file>
         <name>mult16.obj</name>
      </input_file>
      <input_file id="fl-4d">
         <path>c:\ti\ccsv6\tools\compiler\MSP430_4.2.2\lib\</path>
         <kind>archive</kind>
         <file>rts430.lib</file>
         <name>args_main.obj</name>
      </input_file>
      <input_file id="fl-4e">
         <path>c:\ti\ccsv6\tools\compiler\MSP430_4.2.2\lib\</path>
         <kind>archive</kind>
         <file>rts430.lib</file>
         <name>autoinit.obj</name>
      </input_file>
      <input_file id="fl-4f">
         <path>C:\Users\CLINTS~1\AppData\Local\Temp\</path>
         <kind>object</kind>
         <file>060242</file>
         <name>060242</name>
      </input_file>
      <input_file id="fl-50">
         <path>c:\ti\ccsv6\tools\compiler\MSP430_4.2.2\lib\</path>
         <kind>archive</kind>
         <file>rts430.lib</file>
         <name>copy_decompress_none.obj</name>
      </input_file>
      <input_file id="fl-51">
         <path>c:\ti\ccsv6\tools\compiler\MSP430_4.2.2\lib\</path>
         <kind>archive</kind>
         <file>rts430.lib</file>
         <name>copy_decompress_rle.obj</name>
      </input_file>
      <input_file id="fl-52">
         <path>c:\ti\ccsv6\tools\compiler\MSP430_4.2.2\lib\</path>
         <kind>archive</kind>
         <file>rts430.lib</file>
         <name>copy_zero_init.obj</name>
      </input_file>
   </input_file_list>
   <object_component_list>
      <object_component id="oc-2e">
         <name>.bss</name>
         <uninitialized>true</uninitialized>
         <run_address>0x32a</run_address>
         <size>0x4</size>
         <input_file_ref idref="fl-3c"/>
      </object_component>
      <object_component id="oc-6c">
         <name>.bss</name>
         <uninitialized>true</uninitialized>
         <run_address>0x200</run_address>
         <size>0x52</size>
         <input_file_ref idref="fl-7"/>
      </object_component>
      <object_component id="oc-6d">
         <name>.bss</name>
         <uninitialized>true</uninitialized>
         <run_address>0x300</run_address>
         <size>0xc</size>
         <input_file_ref idref="fl-6"/>
      </object_component>
      <object_component id="oc-6e">
         <name>.bss</name>
         <uninitialized>true</uninitialized>
         <run_address>0x314</run_address>
         <size>0x8</size>
         <input_file_ref idref="fl-2"/>
      </object_component>
      <object_component id="oc-6f">
         <name>.bss</name>
         <uninitialized>true</uninitialized>
         <run_address>0x30c</run_address>
         <size>0x8</size>
         <input_file_ref idref="fl-9"/>
      </object_component>
      <object_component id="oc-72">
         <name>.bss</name>
         <uninitialized>true</uninitialized>
         <run_address>0x252</run_address>
         <size>0x50</size>
         <input_file_ref idref="fl-3"/>
      </object_component>
      <object_component id="oc-73">
         <name>.bss</name>
         <uninitialized>true</uninitialized>
         <run_address>0x330</run_address>
         <size>0x2</size>
         <input_file_ref idref="fl-4"/>
      </object_component>
      <object_component id="oc-74">
         <name>.bss</name>
         <uninitialized>true</uninitialized>
         <run_address>0x2e4</run_address>
         <size>0x1c</size>
         <input_file_ref idref="fl-5"/>
      </object_component>
      <object_component id="oc-76">
         <name>.bss</name>
         <uninitialized>true</uninitialized>
         <run_address>0x2a2</run_address>
         <size>0x42</size>
         <input_file_ref idref="fl-a"/>
      </object_component>
      <object_component id="oc-77">
         <name>.bss</name>
         <uninitialized>true</uninitialized>
         <run_address>0x332</run_address>
         <size>0x2</size>
         <input_file_ref idref="fl-15"/>
      </object_component>
      <object_component id="oc-78">
         <name>.bss</name>
         <uninitialized>true</uninitialized>
         <run_address>0x32e</run_address>
         <size>0x2</size>
         <input_file_ref idref="fl-16"/>
      </object_component>
      <object_component id="oc-79">
         <name>.bss</name>
         <uninitialized>true</uninitialized>
         <run_address>0x322</run_address>
         <size>0x4</size>
         <input_file_ref idref="fl-18"/>
      </object_component>
      <object_component id="oc-7a">
         <name>.bss</name>
         <uninitialized>true</uninitialized>
         <run_address>0x31c</run_address>
         <size>0x6</size>
         <input_file_ref idref="fl-1b"/>
      </object_component>
      <object_component id="oc-82">
         <name>.bss</name>
         <uninitialized>true</uninitialized>
         <run_address>0x326</run_address>
         <size>0x4</size>
         <input_file_ref idref="fl-4c"/>
      </object_component>
      <object_component id="oc-30">
         <name>.stack</name>
         <uninitialized>true</uninitialized>
         <run_address>0x340</run_address>
         <size>0x2</size>
         <input_file_ref idref="fl-3c"/>
      </object_component>
      <object_component id="oc-13c">
         <name>.stack</name>
         <uninitialized>true</uninitialized>
         <run_address>0x340</run_address>
         <size>0x0</size>
      </object_component>
      <object_component id="oc-b1">
         <name>.text:InitSystem</name>
         <load_address>0xc000</load_address>
         <run_address>0xc000</run_address>
         <size>0x394</size>
         <input_file_ref idref="fl-7"/>
      </object_component>
      <object_component id="oc-ee">
         <name>.text:ConfigurationInfo</name>
         <load_address>0xc394</load_address>
         <run_address>0xc394</run_address>
         <size>0x250</size>
         <input_file_ref idref="fl-5"/>
      </object_component>
      <object_component id="oc-fb">
         <name>.text:RXTXCycle</name>
         <load_address>0xc5e4</load_address>
         <run_address>0xc5e4</run_address>
         <size>0x234</size>
         <input_file_ref idref="fl-4"/>
      </object_component>
      <object_component id="oc-c9">
         <name>.text:ChangeConfiguration</name>
         <load_address>0xc818</load_address>
         <run_address>0xc818</run_address>
         <size>0x20a</size>
         <input_file_ref idref="fl-3"/>
      </object_component>
      <object_component id="oc-b2">
         <name>.text:CmdIFProcess</name>
         <load_address>0xca22</load_address>
         <run_address>0xca22</run_address>
         <size>0x1ea</size>
         <input_file_ref idref="fl-5"/>
      </object_component>
      <object_component id="oc-b5">
         <name>.text:WirelessOperation</name>
         <load_address>0xcc0c</load_address>
         <run_address>0xcc0c</run_address>
         <size>0x1a0</size>
         <input_file_ref idref="fl-7"/>
      </object_component>
      <object_component id="oc-f9">
         <name>.text:ResponseNumber</name>
         <load_address>0xcdac</load_address>
         <run_address>0xcdac</run_address>
         <size>0x16e</size>
         <input_file_ref idref="fl-5"/>
      </object_component>
      <object_component id="oc-10c">
         <name>.text:GetFrame</name>
         <load_address>0xcf1a</load_address>
         <run_address>0xcf1a</run_address>
         <size>0x154</size>
         <input_file_ref idref="fl-3"/>
      </object_component>
      <object_component id="oc-da">
         <name>.text:NetworkValidation</name>
         <load_address>0xd06e</load_address>
         <run_address>0xd06e</run_address>
         <size>0x110</size>
         <input_file_ref idref="fl-7"/>
      </object_component>
      <object_component id="oc-fa">
         <name>.text:Listen</name>
         <load_address>0xd17e</load_address>
         <run_address>0xd17e</run_address>
         <size>0x10a</size>
         <input_file_ref idref="fl-4"/>
      </object_component>
      <object_component id="oc-fc">
         <name>.text:FrameSend</name>
         <load_address>0xd288</load_address>
         <run_address>0xd288</run_address>
         <size>0x104</size>
         <input_file_ref idref="fl-3"/>
      </object_component>
      <object_component id="oc-96">
         <name>.text:main</name>
         <load_address>0xd38c</load_address>
         <run_address>0xd38c</run_address>
         <size>0x102</size>
         <input_file_ref idref="fl-2"/>
      </object_component>
      <object_component id="oc-c1">
         <name>.text:PortEventHandler</name>
         <load_address>0xd48e</load_address>
         <run_address>0xd48e</run_address>
         <size>0xf8</size>
         <input_file_ref idref="fl-6"/>
      </object_component>
      <object_component id="oc-d9">
         <name>.text:DataExchange</name>
         <load_address>0xd586</load_address>
         <run_address>0xd586</run_address>
         <size>0xf6</size>
         <input_file_ref idref="fl-4"/>
      </object_component>
      <object_component id="oc-bc">
         <name>.text:UpdateSoftwareTimers</name>
         <load_address>0xd67c</load_address>
         <run_address>0xd67c</run_address>
         <size>0xf6</size>
         <input_file_ref idref="fl-a"/>
      </object_component>
      <object_component id="oc-d3">
         <name>.text:ElemAttrUniv</name>
         <load_address>0xd772</load_address>
         <run_address>0xd772</run_address>
         <size>0xde</size>
         <input_file_ref idref="fl-5"/>
      </object_component>
      <object_component id="oc-ff">
         <name>.text:AddNodeToNetwork</name>
         <load_address>0xd850</load_address>
         <run_address>0xd850</run_address>
         <size>0xd8</size>
         <input_file_ref idref="fl-7"/>
      </object_component>
      <object_component id="oc-cf">
         <name>.text:TagEnd</name>
         <load_address>0xd928</load_address>
         <run_address>0xd928</run_address>
         <size>0xd0</size>
         <input_file_ref idref="fl-5"/>
      </object_component>
      <object_component id="oc-f5">
         <name>.text:CmdIF_DataDefinitions</name>
         <load_address>0xd9f8</load_address>
         <run_address>0xd9f8</run_address>
         <size>0xce</size>
         <input_file_ref idref="fl-5"/>
      </object_component>
      <object_component id="oc-b4">
         <name>.text:ReportData</name>
         <load_address>0xdac6</load_address>
         <run_address>0xdac6</run_address>
         <size>0xc6</size>
         <input_file_ref idref="fl-5"/>
      </object_component>
      <object_component id="oc-cc">
         <name>.text:TagBegin</name>
         <load_address>0xdb8c</load_address>
         <run_address>0xdb8c</run_address>
         <size>0xc6</size>
         <input_file_ref idref="fl-5"/>
      </object_component>
      <object_component id="oc-bb">
         <name>.text:Timer2CCREventHandler</name>
         <load_address>0xdc52</load_address>
         <run_address>0xdc52</run_address>
         <size>0xc6</size>
         <input_file_ref idref="fl-6"/>
      </object_component>
      <object_component id="oc-d5">
         <name>.text:CmdIF_GetNodeIDs</name>
         <load_address>0xdd18</load_address>
         <run_address>0xdd18</run_address>
         <size>0xba</size>
         <input_file_ref idref="fl-5"/>
      </object_component>
      <object_component id="oc-1f">
         <name>.text</name>
         <load_address>0xddd2</load_address>
         <run_address>0xddd2</run_address>
         <size>0xba</size>
         <input_file_ref idref="fl-11"/>
      </object_component>
      <object_component id="oc-110">
         <name>.text:CreateDataPacket</name>
         <load_address>0xde8c</load_address>
         <run_address>0xde8c</run_address>
         <size>0xb8</size>
         <input_file_ref idref="fl-3"/>
      </object_component>
      <object_component id="oc-e0">
         <name>.text:CmdIF_GetAppStates</name>
         <load_address>0xdf44</load_address>
         <run_address>0xdf44</run_address>
         <size>0xb4</size>
         <input_file_ref idref="fl-5"/>
      </object_component>
      <object_component id="oc-b9">
         <name>.text:SetMyNodeID</name>
         <load_address>0xdff8</load_address>
         <run_address>0xdff8</run_address>
         <size>0xb2</size>
         <input_file_ref idref="fl-7"/>
      </object_component>
      <object_component id="oc-10e">
         <name>.text:SendConfigPingSequence</name>
         <load_address>0xe0aa</load_address>
         <run_address>0xe0aa</run_address>
         <size>0xac</size>
         <input_file_ref idref="fl-4"/>
      </object_component>
      <object_component id="oc-98">
         <name>.text:__hal_USCIAB0TXInterruptServiceRoutine</name>
         <load_address>0xe156</load_address>
         <run_address>0xe156</run_address>
         <size>0x98</size>
         <input_file_ref idref="fl-15"/>
      </object_component>
      <object_component id="oc-104">
         <name>.text:CC1101WakeUp</name>
         <load_address>0xe1ee</load_address>
         <run_address>0xe1ee</run_address>
         <size>0x92</size>
         <input_file_ref idref="fl-c"/>
      </object_component>
      <object_component id="oc-d8">
         <name>.text:SensorPayload</name>
         <load_address>0xe280</load_address>
         <run_address>0xe280</run_address>
         <size>0x92</size>
         <input_file_ref idref="fl-7"/>
      </object_component>
      <object_component id="oc-c3">
         <name>.text:__hal_FlashModuleWriteBuffer</name>
         <load_address>0xe312</load_address>
         <run_address>0xe312</run_address>
         <size>0x8e</size>
         <input_file_ref idref="fl-13"/>
      </object_component>
      <object_component id="oc-d6">
         <name>.text:GetCurrentPhysical</name>
         <load_address>0xe3a0</load_address>
         <run_address>0xe3a0</run_address>
         <size>0x8c</size>
         <input_file_ref idref="fl-5"/>
      </object_component>
      <object_component id="oc-10d">
         <name>.text:NodeAckPayload</name>
         <load_address>0xe42c</load_address>
         <run_address>0xe42c</run_address>
         <size>0x86</size>
         <input_file_ref idref="fl-7"/>
      </object_component>
      <object_component id="oc-ef">
         <name>.text:SetCurrentPhysical</name>
         <load_address>0xe4b2</load_address>
         <run_address>0xe4b2</run_address>
         <size>0x80</size>
         <input_file_ref idref="fl-5"/>
      </object_component>
      <object_component id="oc-d1">
         <name>.text:SetDataValue</name>
         <load_address>0xe532</load_address>
         <run_address>0xe532</run_address>
         <size>0x80</size>
         <input_file_ref idref="fl-5"/>
      </object_component>
      <object_component id="oc-107">
         <name>.text:GetParmValue</name>
         <load_address>0xe5b2</load_address>
         <run_address>0xe5b2</run_address>
         <size>0x7e</size>
         <input_file_ref idref="fl-5"/>
      </object_component>
      <object_component id="oc-d7">
         <name>.text:HubWirelessOperation</name>
         <load_address>0xe630</load_address>
         <run_address>0xe630</run_address>
         <size>0x76</size>
         <input_file_ref idref="fl-7"/>
      </object_component>
      <object_component id="oc-108">
         <name>.text:ResponseParameter</name>
         <load_address>0xe6a6</load_address>
         <run_address>0xe6a6</run_address>
         <size>0x74</size>
         <input_file_ref idref="fl-5"/>
      </object_component>
      <object_component id="oc-f4">
         <name>.text:CmdIF_SetCycleUpdateRate</name>
         <load_address>0xe71a</load_address>
         <run_address>0xe71a</run_address>
         <size>0x72</size>
         <input_file_ref idref="fl-5"/>
      </object_component>
      <object_component id="oc-10b">
         <name>.text:ReceiveOn</name>
         <load_address>0xe78c</load_address>
         <run_address>0xe78c</run_address>
         <size>0x6e</size>
         <input_file_ref idref="fl-3"/>
      </object_component>
      <object_component id="oc-db">
         <name>.text:RemoveNodeFromNetwork</name>
         <load_address>0xe7fa</load_address>
         <run_address>0xe7fa</run_address>
         <size>0x6e</size>
         <input_file_ref idref="fl-7"/>
      </object_component>
      <object_component id="oc-dc">
         <name>.text:LEDControl</name>
         <load_address>0xe868</load_address>
         <run_address>0xe868</run_address>
         <size>0x6c</size>
         <input_file_ref idref="fl-6"/>
      </object_component>
      <object_component id="oc-99">
         <name>.text:__hal_USCIAB0RXInterruptServiceRoutine</name>
         <load_address>0xe8d4</load_address>
         <run_address>0xe8d4</run_address>
         <size>0x6c</size>
         <input_file_ref idref="fl-15"/>
      </object_component>
      <object_component id="oc-b3">
         <name>.text:MapSensorsFromHW</name>
         <load_address>0xe940</load_address>
         <run_address>0xe940</run_address>
         <size>0x64</size>
         <input_file_ref idref="fl-5"/>
      </object_component>
      <object_component id="oc-fd">
         <name>.text:FrameListen</name>
         <load_address>0xe9a4</load_address>
         <run_address>0xe9a4</run_address>
         <size>0x62</size>
         <input_file_ref idref="fl-3"/>
      </object_component>
      <object_component id="oc-bf">
         <name>.text:UARTRXEventHandler</name>
         <load_address>0xea06</load_address>
         <run_address>0xea06</run_address>
         <size>0x62</size>
         <input_file_ref idref="fl-6"/>
      </object_component>
      <object_component id="oc-ce">
         <name>.text:CmdIFResponse</name>
         <load_address>0xea68</load_address>
         <run_address>0xea68</run_address>
         <size>0x60</size>
         <input_file_ref idref="fl-5"/>
      </object_component>
      <object_component id="oc-ed">
         <name>.text:ResponseCtrl</name>
         <load_address>0xeac8</load_address>
         <run_address>0xeac8</run_address>
         <size>0x5e</size>
         <input_file_ref idref="fl-5"/>
      </object_component>
      <object_component id="oc-105">
         <name>.text:ModuleInfo</name>
         <load_address>0xeb26</load_address>
         <run_address>0xeb26</run_address>
         <size>0x5c</size>
         <input_file_ref idref="fl-5"/>
      </object_component>
      <object_component id="oc-c0">
         <name>.text:PushButton1EventHandler</name>
         <load_address>0xeb82</load_address>
         <run_address>0xeb82</run_address>
         <size>0x58</size>
         <input_file_ref idref="fl-6"/>
      </object_component>
      <object_component id="oc-3d">
         <name>.text</name>
         <load_address>0xebda</load_address>
         <run_address>0xebda</run_address>
         <size>0x58</size>
         <input_file_ref idref="fl-42"/>
      </object_component>
      <object_component id="oc-c7">
         <name>.text:CC1101Write</name>
         <load_address>0xec32</load_address>
         <run_address>0xec32</run_address>
         <size>0x50</size>
         <input_file_ref idref="fl-c"/>
      </object_component>
      <object_component id="oc-ca">
         <name>.text:SetCycleTime</name>
         <load_address>0xec82</load_address>
         <run_address>0xec82</run_address>
         <size>0x50</size>
         <input_file_ref idref="fl-7"/>
      </object_component>
      <object_component id="oc-9e">
         <name>.text:Timer0A3CCR1InterruptServiceRoutine</name>
         <load_address>0xecd2</load_address>
         <run_address>0xecd2</run_address>
         <size>0x4e</size>
         <input_file_ref idref="fl-1b"/>
      </object_component>
      <object_component id="oc-a0">
         <name>.text:Timer1A3CCR1InterruptServiceRoutine</name>
         <load_address>0xed20</load_address>
         <run_address>0xed20</run_address>
         <size>0x4e</size>
         <input_file_ref idref="fl-1b"/>
      </object_component>
      <object_component id="oc-116">
         <name>.text:__hal_SPIBurstRead</name>
         <load_address>0xed6e</load_address>
         <run_address>0xed6e</run_address>
         <size>0x4c</size>
         <input_file_ref idref="fl-14"/>
      </object_component>
      <object_component id="oc-4f">
         <name>.text</name>
         <load_address>0xedba</load_address>
         <run_address>0xedba</run_address>
         <size>0x4c</size>
         <input_file_ref idref="fl-47"/>
      </object_component>
      <object_component id="oc-b8">
         <name>.text:CircularBufferWrite</name>
         <load_address>0xee06</load_address>
         <run_address>0xee06</run_address>
         <size>0x4a</size>
         <input_file_ref idref="fl-f"/>
      </object_component>
      <object_component id="oc-9a">
         <name>.text:__hal_ADC10InterruptServiceRoutine</name>
         <load_address>0xee50</load_address>
         <run_address>0xee50</run_address>
         <size>0x4a</size>
         <input_file_ref idref="fl-16"/>
      </object_component>
      <object_component id="oc-114">
         <name>.text:CC1101Read</name>
         <load_address>0xee9a</load_address>
         <run_address>0xee9a</run_address>
         <size>0x48</size>
         <input_file_ref idref="fl-c"/>
      </object_component>
      <object_component id="oc-95">
         <name>.text:_auto_init</name>
         <load_address>0xeee2</load_address>
         <run_address>0xeee2</run_address>
         <size>0x48</size>
         <input_file_ref idref="fl-4e"/>
      </object_component>
      <object_component id="oc-e6">
         <name>.text:__hal_SPIBurstWrite</name>
         <load_address>0xef2a</load_address>
         <run_address>0xef2a</run_address>
         <size>0x46</size>
         <input_file_ref idref="fl-14"/>
      </object_component>
      <object_component id="oc-f0">
         <name>.text:CmdIF_SetAppState</name>
         <load_address>0xef70</load_address>
         <run_address>0xef70</run_address>
         <size>0x42</size>
         <input_file_ref idref="fl-5"/>
      </object_component>
      <object_component id="oc-9b">
         <name>.text:DigitalIOPort1InterruptServiceRoutine</name>
         <load_address>0xefb2</load_address>
         <run_address>0xefb2</run_address>
         <size>0x42</size>
         <input_file_ref idref="fl-18"/>
      </object_component>
      <object_component id="oc-9c">
         <name>.text:DigitalIOPort2InterruptServiceRoutine</name>
         <load_address>0xeff4</load_address>
         <run_address>0xeff4</run_address>
         <size>0x42</size>
         <input_file_ref idref="fl-18"/>
      </object_component>
      <object_component id="oc-ec">
         <name>.text:AppInformation</name>
         <load_address>0xf036</load_address>
         <run_address>0xf036</run_address>
         <size>0x40</size>
         <input_file_ref idref="fl-5"/>
      </object_component>
      <object_component id="oc-39">
         <name>.text</name>
         <load_address>0xf076</load_address>
         <run_address>0xf076</run_address>
         <size>0x40</size>
         <input_file_ref idref="fl-41"/>
      </object_component>
      <object_component id="oc-b6">
         <name>.text:CircularBufferRead</name>
         <load_address>0xf0b6</load_address>
         <run_address>0xf0b6</run_address>
         <size>0x3e</size>
         <input_file_ref idref="fl-f"/>
      </object_component>
      <object_component id="oc-109">
         <name>.text:l_asr_const</name>
         <load_address>0xf0f4</load_address>
         <run_address>0xf0f4</run_address>
         <size>0x3e</size>
         <input_file_ref idref="fl-3b"/>
      </object_component>
      <object_component id="oc-e7">
         <name>.text:l_lsl_const</name>
         <load_address>0xf132</load_address>
         <run_address>0xf132</run_address>
         <size>0x3e</size>
         <input_file_ref idref="fl-46"/>
      </object_component>
      <object_component id="oc-d2">
         <name>.text:ResponseResult</name>
         <load_address>0xf170</load_address>
         <run_address>0xf170</run_address>
         <size>0x3c</size>
         <input_file_ref idref="fl-5"/>
      </object_component>
      <object_component id="oc-c4">
         <name>.text:SetApplicationState</name>
         <load_address>0xf1ac</load_address>
         <run_address>0xf1ac</run_address>
         <size>0x3c</size>
         <input_file_ref idref="fl-7"/>
      </object_component>
      <object_component id="oc-9d">
         <name>.text:Timer0A3CCR0InterruptServiceRoutine</name>
         <load_address>0xf1e8</load_address>
         <run_address>0xf1e8</run_address>
         <size>0x3a</size>
         <input_file_ref idref="fl-1b"/>
      </object_component>
      <object_component id="oc-9f">
         <name>.text:Timer1A3CCR0InterruptServiceRoutine</name>
         <load_address>0xf222</load_address>
         <run_address>0xf222</run_address>
         <size>0x3a</size>
         <input_file_ref idref="fl-1b"/>
      </object_component>
      <object_component id="oc-106">
         <name>.text:GetParmLong</name>
         <load_address>0xf25c</load_address>
         <run_address>0xf25c</run_address>
         <size>0x36</size>
         <input_file_ref idref="fl-5"/>
      </object_component>
      <object_component id="oc-fe">
         <name>.text:Query_Current_Status</name>
         <load_address>0xf292</load_address>
         <run_address>0xf292</run_address>
         <size>0x32</size>
         <input_file_ref idref="fl-7"/>
      </object_component>
      <object_component id="oc-d0">
         <name>.text:CmdIF_SetDataValue</name>
         <load_address>0xf2c4</load_address>
         <run_address>0xf2c4</run_address>
         <size>0x30</size>
         <input_file_ref idref="fl-5"/>
      </object_component>
      <object_component id="oc-f8">
         <name>.text:GetParmWord</name>
         <load_address>0xf2f4</load_address>
         <run_address>0xf2f4</run_address>
         <size>0x30</size>
         <input_file_ref idref="fl-5"/>
      </object_component>
      <object_component id="oc-ba">
         <name>.text:Timer1CCREventHandler</name>
         <load_address>0xf324</load_address>
         <run_address>0xf324</run_address>
         <size>0x30</size>
         <input_file_ref idref="fl-6"/>
      </object_component>
      <object_component id="oc-d4">
         <name>.text:BlinkLED</name>
         <load_address>0xf354</load_address>
         <run_address>0xf354</run_address>
         <size>0x2e</size>
         <input_file_ref idref="fl-7"/>
      </object_component>
      <object_component id="oc-f6">
         <name>.text:GetParmByte</name>
         <load_address>0xf382</load_address>
         <run_address>0xf382</run_address>
         <size>0x2e</size>
         <input_file_ref idref="fl-5"/>
      </object_component>
      <object_component id="oc-f7">
         <name>.text:NodeIsInMyNet</name>
         <load_address>0xf3b0</load_address>
         <run_address>0xf3b0</run_address>
         <size>0x2e</size>
         <input_file_ref idref="fl-7"/>
      </object_component>
      <object_component id="oc-de">
         <name>.text:RadioSetInterruptEdge</name>
         <load_address>0xf3de</load_address>
         <run_address>0xf3de</run_address>
         <size>0x2e</size>
         <input_file_ref idref="fl-d"/>
      </object_component>
      <object_component id="oc-df">
         <name>.text:StartTimeoutTimer</name>
         <load_address>0xf40c</load_address>
         <run_address>0xf40c</run_address>
         <size>0x2c</size>
         <input_file_ref idref="fl-3"/>
      </object_component>
      <object_component id="oc-27">
         <name>.text</name>
         <load_address>0xf438</load_address>
         <run_address>0xf438</run_address>
         <size>0x2c</size>
         <input_file_ref idref="fl-3a"/>
      </object_component>
      <object_component id="oc-48">
         <name>.text</name>
         <load_address>0xf464</load_address>
         <run_address>0xf464</run_address>
         <size>0x2c</size>
         <input_file_ref idref="fl-45"/>
      </object_component>
      <object_component id="oc-112">
         <name>.text:CycleTimeoutAction</name>
         <load_address>0xf490</load_address>
         <run_address>0xf490</run_address>
         <size>0x26</size>
         <input_file_ref idref="fl-3"/>
      </object_component>
      <object_component id="oc-10a">
         <name>.text:RadioReadRegister</name>
         <load_address>0xf4b6</load_address>
         <run_address>0xf4b6</run_address>
         <size>0x26</size>
         <input_file_ref idref="fl-d"/>
      </object_component>
      <object_component id="oc-1e">
         <name>.text:_c_int00_noexit</name>
         <load_address>0xf4dc</load_address>
         <run_address>0xf4dc</run_address>
         <size>0x26</size>
         <input_file_ref idref="fl-3c"/>
      </object_component>
      <object_component id="oc-ea">
         <name>.text:AttributeEnd</name>
         <load_address>0xf502</load_address>
         <run_address>0xf502</run_address>
         <size>0x24</size>
         <input_file_ref idref="fl-5"/>
      </object_component>
      <object_component id="oc-f1">
         <name>.text:CmdIF_SetThisNodeID</name>
         <load_address>0xf526</load_address>
         <run_address>0xf526</run_address>
         <size>0x24</size>
         <input_file_ref idref="fl-5"/>
      </object_component>
      <object_component id="oc-a2">
         <name>.text:NonMaskableInterruptServiceRoutine</name>
         <load_address>0xf54a</load_address>
         <run_address>0xf54a</run_address>
         <size>0x24</size>
         <input_file_ref idref="fl-1d"/>
      </object_component>
      <object_component id="oc-a1">
         <name>.text:WatchdogTimerInterruptServiceRoutine</name>
         <load_address>0xf56e</load_address>
         <run_address>0xf56e</run_address>
         <size>0x24</size>
         <input_file_ref idref="fl-1d"/>
      </object_component>
      <object_component id="oc-f3">
         <name>.text:CmdIF_RemoveNode</name>
         <load_address>0xf592</load_address>
         <run_address>0xf592</run_address>
         <size>0x20</size>
         <input_file_ref idref="fl-5"/>
      </object_component>
      <object_component id="oc-f2">
         <name>.text:CmdIF_SetPairingMask</name>
         <load_address>0xf5b2</load_address>
         <run_address>0xf5b2</run_address>
         <size>0x20</size>
         <input_file_ref idref="fl-5"/>
      </object_component>
      <object_component id="oc-e8">
         <name>.text:RadioWriteRegister</name>
         <load_address>0xf5d2</load_address>
         <run_address>0xf5d2</run_address>
         <size>0x20</size>
         <input_file_ref idref="fl-d"/>
      </object_component>
      <object_component id="oc-cb">
         <name>.text:SetPairingMask</name>
         <load_address>0xf5f2</load_address>
         <run_address>0xf5f2</run_address>
         <size>0x1e</size>
         <input_file_ref idref="fl-7"/>
      </object_component>
      <object_component id="oc-10f">
         <name>.text:RadioDisableInterrupt</name>
         <load_address>0xf610</load_address>
         <run_address>0xf610</run_address>
         <size>0x1c</size>
         <input_file_ref idref="fl-d"/>
      </object_component>
      <object_component id="oc-111">
         <name>.text:RadioEnableInterrupt</name>
         <load_address>0xf62c</load_address>
         <run_address>0xf62c</run_address>
         <size>0x1c</size>
         <input_file_ref idref="fl-d"/>
      </object_component>
      <object_component id="oc-115">
         <name>.text:RadioReadRXBuffer</name>
         <load_address>0xf648</load_address>
         <run_address>0xf648</run_address>
         <size>0x1c</size>
         <input_file_ref idref="fl-d"/>
      </object_component>
      <object_component id="oc-c8">
         <name>.text:__hal_SPIDisableChipSelect</name>
         <load_address>0xf664</load_address>
         <run_address>0xf664</run_address>
         <size>0x1c</size>
         <input_file_ref idref="fl-14"/>
      </object_component>
      <object_component id="oc-c6">
         <name>.text:__hal_SPIEnableChipSelect</name>
         <load_address>0xf680</load_address>
         <run_address>0xf680</run_address>
         <size>0x1c</size>
         <input_file_ref idref="fl-14"/>
      </object_component>
      <object_component id="oc-e9">
         <name>.text:RadioWakeUp</name>
         <load_address>0xf69c</load_address>
         <run_address>0xf69c</run_address>
         <size>0x18</size>
         <input_file_ref idref="fl-d"/>
      </object_component>
      <object_component id="oc-35">
         <name>.text</name>
         <load_address>0xf6b4</load_address>
         <run_address>0xf6b4</run_address>
         <size>0x16</size>
         <input_file_ref idref="fl-40"/>
      </object_component>
      <object_component id="oc-53">
         <name>.text</name>
         <load_address>0xf6ca</load_address>
         <run_address>0xf6ca</run_address>
         <size>0x14</size>
         <input_file_ref idref="fl-4a"/>
      </object_component>
      <object_component id="oc-e4">
         <name>.text:ClearDigitalIOOutputPort</name>
         <load_address>0xf6de</load_address>
         <run_address>0xf6de</run_address>
         <size>0x12</size>
         <input_file_ref idref="fl-18"/>
      </object_component>
      <object_component id="oc-be">
         <name>.text:SWTimer0EventHandler</name>
         <load_address>0xf6f0</load_address>
         <run_address>0xf6f0</run_address>
         <size>0x12</size>
         <input_file_ref idref="fl-6"/>
      </object_component>
      <object_component id="oc-e5">
         <name>.text:SetDigitalIOOutputPort</name>
         <load_address>0xf702</load_address>
         <run_address>0xf702</run_address>
         <size>0x12</size>
         <input_file_ref idref="fl-18"/>
      </object_component>
      <object_component id="oc-af">
         <name>.text:memcpy</name>
         <load_address>0xf714</load_address>
         <run_address>0xf714</run_address>
         <size>0x12</size>
         <input_file_ref idref="fl-48"/>
      </object_component>
      <object_component id="oc-c2">
         <name>.text:ADCEventHandler</name>
         <load_address>0xf726</load_address>
         <run_address>0xf726</run_address>
         <size>0x10</size>
         <input_file_ref idref="fl-6"/>
      </object_component>
      <object_component id="oc-113">
         <name>.text:l_lsl</name>
         <load_address>0xf736</load_address>
         <run_address>0xf736</run_address>
         <size>0x10</size>
         <input_file_ref idref="fl-46"/>
      </object_component>
      <object_component id="oc-b0">
         <name>.text</name>
         <load_address>0xf746</load_address>
         <run_address>0xf746</run_address>
         <size>0x10</size>
         <input_file_ref idref="fl-43"/>
      </object_component>
      <object_component id="oc-b7">
         <name>.text:InterruptServiceRoutineExtension</name>
         <load_address>0xf756</load_address>
         <run_address>0xf756</run_address>
         <size>0xc</size>
         <input_file_ref idref="fl-10"/>
      </object_component>
      <object_component id="oc-a4">
         <name>.text:ADC10DefaultEventHandler</name>
         <load_address>0xf762</load_address>
         <run_address>0xf762</run_address>
         <size>0x4</size>
         <input_file_ref idref="fl-16"/>
      </object_component>
      <object_component id="oc-a5">
         <name>.text:DigitalIOPort1DefaultEventHandler</name>
         <load_address>0xf766</load_address>
         <run_address>0xf766</run_address>
         <size>0x4</size>
         <input_file_ref idref="fl-18"/>
      </object_component>
      <object_component id="oc-a6">
         <name>.text:DigitalIOPort2DefaultEventHandler</name>
         <load_address>0xf76a</load_address>
         <run_address>0xf76a</run_address>
         <size>0x4</size>
         <input_file_ref idref="fl-18"/>
      </object_component>
      <object_component id="oc-ae">
         <name>.text:NonMaskableInterruptDefaultEventHandler</name>
         <load_address>0xf76e</load_address>
         <run_address>0xf76e</run_address>
         <size>0x4</size>
         <input_file_ref idref="fl-1d"/>
      </object_component>
      <object_component id="oc-dd">
         <name>.text:PushButtonDefaultEventHandler</name>
         <load_address>0xf772</load_address>
         <run_address>0xf772</run_address>
         <size>0x4</size>
         <input_file_ref idref="fl-b"/>
      </object_component>
      <object_component id="oc-bd">
         <name>.text:SoftwareTimerDefaultEventHandler</name>
         <load_address>0xf776</load_address>
         <run_address>0xf776</run_address>
         <size>0x4</size>
         <input_file_ref idref="fl-e"/>
      </object_component>
      <object_component id="oc-a7">
         <name>.text:Timer0A3CCR0DefaultEventHandler</name>
         <load_address>0xf77a</load_address>
         <run_address>0xf77a</run_address>
         <size>0x4</size>
         <input_file_ref idref="fl-1b"/>
      </object_component>
      <object_component id="oc-a8">
         <name>.text:Timer0A3CCR1DefaultEventHandler</name>
         <load_address>0xf77e</load_address>
         <run_address>0xf77e</run_address>
         <size>0x4</size>
         <input_file_ref idref="fl-1b"/>
      </object_component>
      <object_component id="oc-a9">
         <name>.text:Timer1A3CCR0DefaultEventHandler</name>
         <load_address>0xf782</load_address>
         <run_address>0xf782</run_address>
         <size>0x4</size>
         <input_file_ref idref="fl-1b"/>
      </object_component>
      <object_component id="oc-ac">
         <name>.text:Timer1A3CCR1DefaultEventHandler</name>
         <load_address>0xf786</load_address>
         <run_address>0xf786</run_address>
         <size>0x4</size>
         <input_file_ref idref="fl-1b"/>
      </object_component>
      <object_component id="oc-a3">
         <name>.text:USCIAB0RXDefaultEventHandler</name>
         <load_address>0xf78a</load_address>
         <run_address>0xf78a</run_address>
         <size>0x4</size>
         <input_file_ref idref="fl-15"/>
      </object_component>
      <object_component id="oc-ab">
         <name>.text:USCIAB0TXDefaultEventHandler</name>
         <load_address>0xf78e</load_address>
         <run_address>0xf78e</run_address>
         <size>0x4</size>
         <input_file_ref idref="fl-15"/>
      </object_component>
      <object_component id="oc-ad">
         <name>.text:WatchdogTimerDefaultEventHandler</name>
         <load_address>0xf792</load_address>
         <run_address>0xf792</run_address>
         <size>0x4</size>
         <input_file_ref idref="fl-1d"/>
      </object_component>
      <object_component id="oc-94">
         <name>.text:_system_pre_init</name>
         <load_address>0xf796</load_address>
         <run_address>0xf796</run_address>
         <size>0x4</size>
         <input_file_ref idref="fl-4b"/>
      </object_component>
      <object_component id="oc-97">
         <name>.text:abort</name>
         <load_address>0xf79a</load_address>
         <run_address>0xf79a</run_address>
         <size>0x4</size>
         <input_file_ref idref="fl-44"/>
      </object_component>
      <object_component id="oc-93">
         <name>.text:_nop</name>
         <load_address>0xf79e</load_address>
         <run_address>0xf79e</run_address>
         <size>0x2</size>
         <input_file_ref idref="fl-4c"/>
      </object_component>
      <object_component id="oc-6b">
         <name>.cinit</name>
         <load_address>0xfdea</load_address>
         <run_address>0xfdea</run_address>
         <size>0xf0</size>
         <input_file_ref idref="fl-4f"/>
      </object_component>
      <object_component id="oc-83">
         <name>.const:.string</name>
         <load_address>0xf7a0</load_address>
         <run_address>0xf7a0</run_address>
         <size>0x234</size>
         <input_file_ref idref="fl-4f"/>
      </object_component>
      <object_component id="oc-25">
         <name>.const:.string</name>
         <load_address>0xf9d4</load_address>
         <run_address>0xf9d4</run_address>
         <size>0x14e</size>
         <input_file_ref idref="fl-24"/>
      </object_component>
      <object_component id="oc-100">
         <name>.const:A110LR09RegisterSettingsFCC</name>
         <load_address>0xfb22</load_address>
         <run_address>0xfb22</run_address>
         <size>0xe0</size>
         <input_file_ref idref="fl-24"/>
      </object_component>
      <object_component id="oc-e2">
         <name>.const:A110LR09ChannelListFCC</name>
         <load_address>0xfc02</load_address>
         <run_address>0xfc02</run_address>
         <size>0x66</size>
         <input_file_ref idref="fl-24"/>
      </object_component>
      <object_component id="oc-cd">
         <name>.const:CommandDefinitions</name>
         <load_address>0xfc68</load_address>
         <run_address>0xfc68</run_address>
         <size>0x3c</size>
         <input_file_ref idref="fl-5"/>
      </object_component>
      <object_component id="oc-aa">
         <name>.const:NodeDataDefinitions</name>
         <load_address>0xfca4</load_address>
         <run_address>0xfca4</run_address>
         <size>0x38</size>
         <input_file_ref idref="fl-5"/>
      </object_component>
      <object_component id="oc-e3">
         <name>.const:A110LR09PowerListFCC</name>
         <load_address>0xfcdc</load_address>
         <run_address>0xfcdc</run_address>
         <size>0x34</size>
         <input_file_ref idref="fl-24"/>
      </object_component>
      <object_component id="oc-103">
         <name>.const:A110LR09ConfigurationChannelsFCC0</name>
         <load_address>0xfd10</load_address>
         <run_address>0xfd10</run_address>
         <size>0x22</size>
         <input_file_ref idref="fl-24"/>
      </object_component>
      <object_component id="oc-102">
         <name>.const:A110LR09ConfigurationChannelsFCC2</name>
         <load_address>0xfd32</load_address>
         <run_address>0xfd32</run_address>
         <size>0x22</size>
         <input_file_ref idref="fl-24"/>
      </object_component>
      <object_component id="oc-101">
         <name>.const:A110LR09ConfigurationChannelsFCC3</name>
         <load_address>0xfd54</load_address>
         <run_address>0xfd54</run_address>
         <size>0x22</size>
         <input_file_ref idref="fl-24"/>
      </object_component>
      <object_component id="oc-e1">
         <name>.const:A110LR09ConfigurationFCC</name>
         <load_address>0xfd76</load_address>
         <run_address>0xfd76</run_address>
         <size>0x20</size>
         <input_file_ref idref="fl-24"/>
      </object_component>
      <object_component id="oc-eb">
         <name>.const:Brackets</name>
         <load_address>0xfd96</load_address>
         <run_address>0xfd96</run_address>
         <size>0x20</size>
         <input_file_ref idref="fl-5"/>
      </object_component>
      <object_component id="oc-7b">
         <name>.const</name>
         <load_address>0xfdb6</load_address>
         <run_address>0xfdb6</run_address>
         <size>0xc</size>
         <input_file_ref idref="fl-9"/>
      </object_component>
      <object_component id="oc-c5">
         <name>.const:appRadio</name>
         <load_address>0xfdc2</load_address>
         <run_address>0xfdc2</run_address>
         <size>0xc</size>
         <input_file_ref idref="fl-3"/>
      </object_component>
      <object_component id="oc-24">
         <name>.const</name>
         <load_address>0xfdce</load_address>
         <run_address>0xfdce</run_address>
         <size>0x6</size>
         <input_file_ref idref="fl-24"/>
      </object_component>
      <object_component id="oc-80">
         <name>.const</name>
         <load_address>0xfdd4</load_address>
         <run_address>0xfdd4</run_address>
         <size>0x6</size>
         <input_file_ref idref="fl-1b"/>
      </object_component>
      <object_component id="oc-7d">
         <name>.const</name>
         <load_address>0xfdda</load_address>
         <run_address>0xfdda</run_address>
         <size>0x4</size>
         <input_file_ref idref="fl-15"/>
      </object_component>
      <object_component id="oc-81">
         <name>.const</name>
         <load_address>0xfdde</load_address>
         <run_address>0xfdde</run_address>
         <size>0x4</size>
         <input_file_ref idref="fl-1d"/>
      </object_component>
      <object_component id="oc-75">
         <name>.const</name>
         <load_address>0xfde2</load_address>
         <run_address>0xfde2</run_address>
         <size>0x3</size>
         <input_file_ref idref="fl-5"/>
      </object_component>
      <object_component id="oc-7f">
         <name>.const</name>
         <load_address>0xfde5</load_address>
         <run_address>0xfde5</run_address>
         <size>0x2</size>
         <input_file_ref idref="fl-18"/>
      </object_component>
      <object_component id="oc-7e">
         <name>.const</name>
         <load_address>0xfde7</load_address>
         <run_address>0xfde7</run_address>
         <size>0x1</size>
         <input_file_ref idref="fl-16"/>
      </object_component>
      <object_component id="oc-71">
         <name>.const</name>
         <load_address>0xfde8</load_address>
         <run_address>0xfde8</run_address>
         <size>0x1</size>
         <input_file_ref idref="fl-3"/>
      </object_component>
      <object_component id="oc-7c">
         <name>.const</name>
         <load_address>0xfde9</load_address>
         <run_address>0xfde9</run_address>
         <size>0x1</size>
         <input_file_ref idref="fl-e"/>
      </object_component>
      <object_component id="oc-70">
         <name>.infoD</name>
         <uninitialized>true</uninitialized>
         <run_address>0x1000</run_address>
         <size>0x12</size>
         <input_file_ref idref="fl-7"/>
      </object_component>
      <object_component id="oc-63">
         <name>.int02</name>
         <load_address>0xffe4</load_address>
         <run_address>0xffe4</run_address>
         <size>0x2</size>
         <input_file_ref idref="fl-4f"/>
      </object_component>
      <object_component id="oc-64">
         <name>.int03</name>
         <load_address>0xffe6</load_address>
         <run_address>0xffe6</run_address>
         <size>0x2</size>
         <input_file_ref idref="fl-4f"/>
      </object_component>
      <object_component id="oc-62">
         <name>.int05</name>
         <load_address>0xffea</load_address>
         <run_address>0xffea</run_address>
         <size>0x2</size>
         <input_file_ref idref="fl-4f"/>
      </object_component>
      <object_component id="oc-60">
         <name>.int06</name>
         <load_address>0xffec</load_address>
         <run_address>0xffec</run_address>
         <size>0x2</size>
         <input_file_ref idref="fl-4f"/>
      </object_component>
      <object_component id="oc-61">
         <name>.int07</name>
         <load_address>0xffee</load_address>
         <run_address>0xffee</run_address>
         <size>0x2</size>
         <input_file_ref idref="fl-4f"/>
      </object_component>
      <object_component id="oc-66">
         <name>.int08</name>
         <load_address>0xfff0</load_address>
         <run_address>0xfff0</run_address>
         <size>0x2</size>
         <input_file_ref idref="fl-4f"/>
      </object_component>
      <object_component id="oc-65">
         <name>.int09</name>
         <load_address>0xfff2</load_address>
         <run_address>0xfff2</run_address>
         <size>0x2</size>
         <input_file_ref idref="fl-4f"/>
      </object_component>
      <object_component id="oc-69">
         <name>.int10</name>
         <load_address>0xfff4</load_address>
         <run_address>0xfff4</run_address>
         <size>0x2</size>
         <input_file_ref idref="fl-4f"/>
      </object_component>
      <object_component id="oc-68">
         <name>.int12</name>
         <load_address>0xfff8</load_address>
         <run_address>0xfff8</run_address>
         <size>0x2</size>
         <input_file_ref idref="fl-4f"/>
      </object_component>
      <object_component id="oc-67">
         <name>.int13</name>
         <load_address>0xfffa</load_address>
         <run_address>0xfffa</run_address>
         <size>0x2</size>
         <input_file_ref idref="fl-4f"/>
      </object_component>
      <object_component id="oc-6a">
         <name>.int14</name>
         <load_address>0xfffc</load_address>
         <run_address>0xfffc</run_address>
         <size>0x2</size>
         <input_file_ref idref="fl-4f"/>
      </object_component>
      <object_component id="oc-31">
         <name>.reset</name>
         <load_address>0xfffe</load_address>
         <run_address>0xfffe</run_address>
         <size>0x2</size>
         <input_file_ref idref="fl-3c"/>
      </object_component>
      <object_component id="oc-20">
         <name>.debug_info</name>
         <load_address>0x0</load_address>
         <run_address>0x0</run_address>
         <size>0x16d</size>
         <input_file_ref idref="fl-11"/>
      </object_component>
      <object_component id="oc-23">
         <name>.debug_info</name>
         <load_address>0x16d</load_address>
         <run_address>0x16d</run_address>
         <size>0x10d2</size>
         <input_file_ref idref="fl-24"/>
      </object_component>
      <object_component id="oc-28">
         <name>.debug_info</name>
         <load_address>0x123f</load_address>
         <run_address>0x123f</run_address>
         <size>0xb4</size>
         <input_file_ref idref="fl-3a"/>
      </object_component>
      <object_component id="oc-2b">
         <name>.debug_info</name>
         <load_address>0x12f3</load_address>
         <run_address>0x12f3</run_address>
         <size>0xba</size>
         <input_file_ref idref="fl-3b"/>
      </object_component>
      <object_component id="oc-2f">
         <name>.debug_info</name>
         <load_address>0x13ad</load_address>
         <run_address>0x13ad</run_address>
         <size>0x443</size>
         <input_file_ref idref="fl-3c"/>
      </object_component>
      <object_component id="oc-36">
         <name>.debug_info</name>
         <load_address>0x17f0</load_address>
         <run_address>0x17f0</run_address>
         <size>0xb7</size>
         <input_file_ref idref="fl-40"/>
      </object_component>
      <object_component id="oc-3a">
         <name>.debug_info</name>
         <load_address>0x18a7</load_address>
         <run_address>0x18a7</run_address>
         <size>0xc7</size>
         <input_file_ref idref="fl-41"/>
      </object_component>
      <object_component id="oc-3e">
         <name>.debug_info</name>
         <load_address>0x196e</load_address>
         <run_address>0x196e</run_address>
         <size>0xb9</size>
         <input_file_ref idref="fl-42"/>
      </object_component>
      <object_component id="oc-41">
         <name>.debug_info</name>
         <load_address>0x1a27</load_address>
         <run_address>0x1a27</run_address>
         <size>0xc0</size>
         <input_file_ref idref="fl-43"/>
      </object_component>
      <object_component id="oc-44">
         <name>.debug_info</name>
         <load_address>0x1ae7</load_address>
         <run_address>0x1ae7</run_address>
         <size>0x28e</size>
         <input_file_ref idref="fl-44"/>
      </object_component>
      <object_component id="oc-49">
         <name>.debug_info</name>
         <load_address>0x1d75</load_address>
         <run_address>0x1d75</run_address>
         <size>0xb4</size>
         <input_file_ref idref="fl-45"/>
      </object_component>
      <object_component id="oc-4c">
         <name>.debug_info</name>
         <load_address>0x1e29</load_address>
         <run_address>0x1e29</run_address>
         <size>0xe6</size>
         <input_file_ref idref="fl-46"/>
      </object_component>
      <object_component id="oc-50">
         <name>.debug_info</name>
         <load_address>0x1f0f</load_address>
         <run_address>0x1f0f</run_address>
         <size>0xb4</size>
         <input_file_ref idref="fl-47"/>
      </object_component>
      <object_component id="oc-54">
         <name>.debug_info</name>
         <load_address>0x1fc3</load_address>
         <run_address>0x1fc3</run_address>
         <size>0xb7</size>
         <input_file_ref idref="fl-4a"/>
      </object_component>
      <object_component id="oc-57">
         <name>.debug_info</name>
         <load_address>0x207a</load_address>
         <run_address>0x207a</run_address>
         <size>0x26b</size>
         <input_file_ref idref="fl-4d"/>
      </object_component>
      <object_component id="oc-5b">
         <name>.debug_info</name>
         <load_address>0x22e5</load_address>
         <run_address>0x22e5</run_address>
         <size>0x32c</size>
         <input_file_ref idref="fl-4e"/>
      </object_component>
      <object_component id="oc-5f">
         <name>.debug_info</name>
         <load_address>0x2611</load_address>
         <run_address>0x2611</run_address>
         <size>0xdfc3</size>
         <input_file_ref idref="fl-4f"/>
      </object_component>
      <object_component id="oc-87">
         <name>.debug_info</name>
         <load_address>0x105d4</load_address>
         <run_address>0x105d4</run_address>
         <size>0x261</size>
         <input_file_ref idref="fl-50"/>
      </object_component>
      <object_component id="oc-8b">
         <name>.debug_info</name>
         <load_address>0x10835</load_address>
         <run_address>0x10835</run_address>
         <size>0x212</size>
         <input_file_ref idref="fl-51"/>
      </object_component>
      <object_component id="oc-8f">
         <name>.debug_info</name>
         <load_address>0x10a47</load_address>
         <run_address>0x10a47</run_address>
         <size>0x228</size>
         <input_file_ref idref="fl-52"/>
      </object_component>
      <object_component id="oc-13d">
         <name>.debug_info</name>
         <load_address>0x10c6f</load_address>
         <run_address>0x10c6f</run_address>
         <size>0x6a</size>
      </object_component>
      <object_component id="oc-21">
         <name>.debug_line</name>
         <load_address>0x0</load_address>
         <run_address>0x0</run_address>
         <size>0xbf</size>
         <input_file_ref idref="fl-11"/>
      </object_component>
      <object_component id="oc-29">
         <name>.debug_line</name>
         <load_address>0xbf</load_address>
         <run_address>0xbf</run_address>
         <size>0x4b</size>
         <input_file_ref idref="fl-3a"/>
      </object_component>
      <object_component id="oc-2c">
         <name>.debug_line</name>
         <load_address>0x10a</load_address>
         <run_address>0x10a</run_address>
         <size>0x56</size>
         <input_file_ref idref="fl-3b"/>
      </object_component>
      <object_component id="oc-33">
         <name>.debug_line</name>
         <load_address>0x160</load_address>
         <run_address>0x160</run_address>
         <size>0x42</size>
         <input_file_ref idref="fl-3c"/>
      </object_component>
      <object_component id="oc-37">
         <name>.debug_line</name>
         <load_address>0x1a2</load_address>
         <run_address>0x1a2</run_address>
         <size>0x40</size>
         <input_file_ref idref="fl-40"/>
      </object_component>
      <object_component id="oc-3b">
         <name>.debug_line</name>
         <load_address>0x1e2</load_address>
         <run_address>0x1e2</run_address>
         <size>0x54</size>
         <input_file_ref idref="fl-41"/>
      </object_component>
      <object_component id="oc-3f">
         <name>.debug_line</name>
         <load_address>0x236</load_address>
         <run_address>0x236</run_address>
         <size>0x61</size>
         <input_file_ref idref="fl-42"/>
      </object_component>
      <object_component id="oc-42">
         <name>.debug_line</name>
         <load_address>0x297</load_address>
         <run_address>0x297</run_address>
         <size>0x3d</size>
         <input_file_ref idref="fl-43"/>
      </object_component>
      <object_component id="oc-46">
         <name>.debug_line</name>
         <load_address>0x2d4</load_address>
         <run_address>0x2d4</run_address>
         <size>0x3a</size>
         <input_file_ref idref="fl-44"/>
      </object_component>
      <object_component id="oc-4a">
         <name>.debug_line</name>
         <load_address>0x30e</load_address>
         <run_address>0x30e</run_address>
         <size>0x4b</size>
         <input_file_ref idref="fl-45"/>
      </object_component>
      <object_component id="oc-4d">
         <name>.debug_line</name>
         <load_address>0x359</load_address>
         <run_address>0x359</run_address>
         <size>0x6a</size>
         <input_file_ref idref="fl-46"/>
      </object_component>
      <object_component id="oc-51">
         <name>.debug_line</name>
         <load_address>0x3c3</load_address>
         <run_address>0x3c3</run_address>
         <size>0x5b</size>
         <input_file_ref idref="fl-47"/>
      </object_component>
      <object_component id="oc-55">
         <name>.debug_line</name>
         <load_address>0x41e</load_address>
         <run_address>0x41e</run_address>
         <size>0x3f</size>
         <input_file_ref idref="fl-4a"/>
      </object_component>
      <object_component id="oc-59">
         <name>.debug_line</name>
         <load_address>0x45d</load_address>
         <run_address>0x45d</run_address>
         <size>0x29</size>
         <input_file_ref idref="fl-4d"/>
      </object_component>
      <object_component id="oc-5d">
         <name>.debug_line</name>
         <load_address>0x486</load_address>
         <run_address>0x486</run_address>
         <size>0x5f</size>
         <input_file_ref idref="fl-4e"/>
      </object_component>
      <object_component id="oc-85">
         <name>.debug_line</name>
         <load_address>0x4e5</load_address>
         <run_address>0x4e5</run_address>
         <size>0x25d8</size>
         <input_file_ref idref="fl-4f"/>
      </object_component>
      <object_component id="oc-89">
         <name>.debug_line</name>
         <load_address>0x2abd</load_address>
         <run_address>0x2abd</run_address>
         <size>0x34</size>
         <input_file_ref idref="fl-50"/>
      </object_component>
      <object_component id="oc-8d">
         <name>.debug_line</name>
         <load_address>0x2af1</load_address>
         <run_address>0x2af1</run_address>
         <size>0x33</size>
         <input_file_ref idref="fl-51"/>
      </object_component>
      <object_component id="oc-91">
         <name>.debug_line</name>
         <load_address>0x2b24</load_address>
         <run_address>0x2b24</run_address>
         <size>0x2e</size>
         <input_file_ref idref="fl-52"/>
      </object_component>
      <object_component id="oc-22">
         <name>.debug_abbrev</name>
         <load_address>0x0</load_address>
         <run_address>0x0</run_address>
         <size>0x2c</size>
         <input_file_ref idref="fl-11"/>
      </object_component>
      <object_component id="oc-26">
         <name>.debug_abbrev</name>
         <load_address>0x2c</load_address>
         <run_address>0x2c</run_address>
         <size>0x84</size>
         <input_file_ref idref="fl-24"/>
      </object_component>
      <object_component id="oc-2a">
         <name>.debug_abbrev</name>
         <load_address>0xb0</load_address>
         <run_address>0xb0</run_address>
         <size>0x35</size>
         <input_file_ref idref="fl-3a"/>
      </object_component>
      <object_component id="oc-2d">
         <name>.debug_abbrev</name>
         <load_address>0xe5</load_address>
         <run_address>0xe5</run_address>
         <size>0x35</size>
         <input_file_ref idref="fl-3b"/>
      </object_component>
      <object_component id="oc-34">
         <name>.debug_abbrev</name>
         <load_address>0x11a</load_address>
         <run_address>0x11a</run_address>
         <size>0x113</size>
         <input_file_ref idref="fl-3c"/>
      </object_component>
      <object_component id="oc-38">
         <name>.debug_abbrev</name>
         <load_address>0x22d</load_address>
         <run_address>0x22d</run_address>
         <size>0x35</size>
         <input_file_ref idref="fl-40"/>
      </object_component>
      <object_component id="oc-3c">
         <name>.debug_abbrev</name>
         <load_address>0x262</load_address>
         <run_address>0x262</run_address>
         <size>0x43</size>
         <input_file_ref idref="fl-41"/>
      </object_component>
      <object_component id="oc-40">
         <name>.debug_abbrev</name>
         <load_address>0x2a5</load_address>
         <run_address>0x2a5</run_address>
         <size>0x35</size>
         <input_file_ref idref="fl-42"/>
      </object_component>
      <object_component id="oc-43">
         <name>.debug_abbrev</name>
         <load_address>0x2da</load_address>
         <run_address>0x2da</run_address>
         <size>0x33</size>
         <input_file_ref idref="fl-43"/>
      </object_component>
      <object_component id="oc-47">
         <name>.debug_abbrev</name>
         <load_address>0x30d</load_address>
         <run_address>0x30d</run_address>
         <size>0xf3</size>
         <input_file_ref idref="fl-44"/>
      </object_component>
      <object_component id="oc-4b">
         <name>.debug_abbrev</name>
         <load_address>0x400</load_address>
         <run_address>0x400</run_address>
         <size>0x35</size>
         <input_file_ref idref="fl-45"/>
      </object_component>
      <object_component id="oc-4e">
         <name>.debug_abbrev</name>
         <load_address>0x435</load_address>
         <run_address>0x435</run_address>
         <size>0x35</size>
         <input_file_ref idref="fl-46"/>
      </object_component>
      <object_component id="oc-52">
         <name>.debug_abbrev</name>
         <load_address>0x46a</load_address>
         <run_address>0x46a</run_address>
         <size>0x35</size>
         <input_file_ref idref="fl-47"/>
      </object_component>
      <object_component id="oc-56">
         <name>.debug_abbrev</name>
         <load_address>0x49f</load_address>
         <run_address>0x49f</run_address>
         <size>0x35</size>
         <input_file_ref idref="fl-4a"/>
      </object_component>
      <object_component id="oc-5a">
         <name>.debug_abbrev</name>
         <load_address>0x4d4</load_address>
         <run_address>0x4d4</run_address>
         <size>0xdb</size>
         <input_file_ref idref="fl-4d"/>
      </object_component>
      <object_component id="oc-5e">
         <name>.debug_abbrev</name>
         <load_address>0x5af</load_address>
         <run_address>0x5af</run_address>
         <size>0x10e</size>
         <input_file_ref idref="fl-4e"/>
      </object_component>
      <object_component id="oc-86">
         <name>.debug_abbrev</name>
         <load_address>0x6bd</load_address>
         <run_address>0x6bd</run_address>
         <size>0x2c2</size>
         <input_file_ref idref="fl-4f"/>
      </object_component>
      <object_component id="oc-8a">
         <name>.debug_abbrev</name>
         <load_address>0x97f</load_address>
         <run_address>0x97f</run_address>
         <size>0xbc</size>
         <input_file_ref idref="fl-50"/>
      </object_component>
      <object_component id="oc-8e">
         <name>.debug_abbrev</name>
         <load_address>0xa3b</load_address>
         <run_address>0xa3b</run_address>
         <size>0xbf</size>
         <input_file_ref idref="fl-51"/>
      </object_component>
      <object_component id="oc-92">
         <name>.debug_abbrev</name>
         <load_address>0xafa</load_address>
         <run_address>0xafa</run_address>
         <size>0x94</size>
         <input_file_ref idref="fl-52"/>
      </object_component>
      <object_component id="oc-13e">
         <name>.debug_abbrev</name>
         <load_address>0xb8e</load_address>
         <run_address>0xb8e</run_address>
         <size>0xd</size>
      </object_component>
      <object_component id="oc-32">
         <name>.debug_frame</name>
         <load_address>0x0</load_address>
         <run_address>0x0</run_address>
         <size>0x42</size>
         <input_file_ref idref="fl-3c"/>
      </object_component>
      <object_component id="oc-45">
         <name>.debug_frame</name>
         <load_address>0x42</load_address>
         <run_address>0x42</run_address>
         <size>0x47</size>
         <input_file_ref idref="fl-44"/>
      </object_component>
      <object_component id="oc-58">
         <name>.debug_frame</name>
         <load_address>0x89</load_address>
         <run_address>0x89</run_address>
         <size>0x32</size>
         <input_file_ref idref="fl-4d"/>
      </object_component>
      <object_component id="oc-5c">
         <name>.debug_frame</name>
         <load_address>0xbb</load_address>
         <run_address>0xbb</run_address>
         <size>0x51</size>
         <input_file_ref idref="fl-4e"/>
      </object_component>
      <object_component id="oc-84">
         <name>.debug_frame</name>
         <load_address>0x10c</load_address>
         <run_address>0x10c</run_address>
         <size>0x1275</size>
         <input_file_ref idref="fl-4f"/>
      </object_component>
      <object_component id="oc-88">
         <name>.debug_frame</name>
         <load_address>0x1381</load_address>
         <run_address>0x1381</run_address>
         <size>0x32</size>
         <input_file_ref idref="fl-50"/>
      </object_component>
      <object_component id="oc-8c">
         <name>.debug_frame</name>
         <load_address>0x13b3</load_address>
         <run_address>0x13b3</run_address>
         <size>0x32</size>
         <input_file_ref idref="fl-51"/>
      </object_component>
      <object_component id="oc-90">
         <name>.debug_frame</name>
         <load_address>0x13e5</load_address>
         <run_address>0x13e5</run_address>
         <size>0x32</size>
         <input_file_ref idref="fl-52"/>
      </object_component>
   </object_component_list>
   <logical_group_list>
      <logical_group id="lg-2" display="no" color="cyan">
         <name>.bss</name>
         <run_address>0x200</run_address>
         <size>0x134</size>
         <contents>
            <object_component_ref idref="oc-2e"/>
            <object_component_ref idref="oc-6c"/>
            <object_component_ref idref="oc-6d"/>
            <object_component_ref idref="oc-6e"/>
            <object_component_ref idref="oc-6f"/>
            <object_component_ref idref="oc-72"/>
            <object_component_ref idref="oc-73"/>
            <object_component_ref idref="oc-74"/>
            <object_component_ref idref="oc-76"/>
            <object_component_ref idref="oc-77"/>
            <object_component_ref idref="oc-78"/>
            <object_component_ref idref="oc-79"/>
            <object_component_ref idref="oc-7a"/>
            <object_component_ref idref="oc-82"/>
         </contents>
      </logical_group>
      <logical_group id="lg-3" display="no" color="cyan">
         <name>.sysmem</name>
         <run_address>0x0</run_address>
         <size>0x0</size>
         <contents>
         </contents>
      </logical_group>
      <logical_group id="lg-4" display="no" color="cyan">
         <name>.stack</name>
         <run_address>0x340</run_address>
         <size>0xbe</size>
         <contents>
            <object_component_ref idref="oc-30"/>
            <object_component_ref idref="oc-13c"/>
         </contents>
      </logical_group>
      <logical_group id="lg-5" display="no" color="cyan">
         <name>.text</name>
         <load_address>0xc000</load_address>
         <run_address>0xc000</run_address>
         <size>0x37a0</size>
         <contents>
            <object_component_ref idref="oc-b1"/>
            <object_component_ref idref="oc-ee"/>
            <object_component_ref idref="oc-fb"/>
            <object_component_ref idref="oc-c9"/>
            <object_component_ref idref="oc-b2"/>
            <object_component_ref idref="oc-b5"/>
            <object_component_ref idref="oc-f9"/>
            <object_component_ref idref="oc-10c"/>
            <object_component_ref idref="oc-da"/>
            <object_component_ref idref="oc-fa"/>
            <object_component_ref idref="oc-fc"/>
            <object_component_ref idref="oc-96"/>
            <object_component_ref idref="oc-c1"/>
            <object_component_ref idref="oc-d9"/>
            <object_component_ref idref="oc-bc"/>
            <object_component_ref idref="oc-d3"/>
            <object_component_ref idref="oc-ff"/>
            <object_component_ref idref="oc-cf"/>
            <object_component_ref idref="oc-f5"/>
            <object_component_ref idref="oc-b4"/>
            <object_component_ref idref="oc-cc"/>
            <object_component_ref idref="oc-bb"/>
            <object_component_ref idref="oc-d5"/>
            <object_component_ref idref="oc-1f"/>
            <object_component_ref idref="oc-110"/>
            <object_component_ref idref="oc-e0"/>
            <object_component_ref idref="oc-b9"/>
            <object_component_ref idref="oc-10e"/>
            <object_component_ref idref="oc-98"/>
            <object_component_ref idref="oc-104"/>
            <object_component_ref idref="oc-d8"/>
            <object_component_ref idref="oc-c3"/>
            <object_component_ref idref="oc-d6"/>
            <object_component_ref idref="oc-10d"/>
            <object_component_ref idref="oc-ef"/>
            <object_component_ref idref="oc-d1"/>
            <object_component_ref idref="oc-107"/>
            <object_component_ref idref="oc-d7"/>
            <object_component_ref idref="oc-108"/>
            <object_component_ref idref="oc-f4"/>
            <object_component_ref idref="oc-10b"/>
            <object_component_ref idref="oc-db"/>
            <object_component_ref idref="oc-dc"/>
            <object_component_ref idref="oc-99"/>
            <object_component_ref idref="oc-b3"/>
            <object_component_ref idref="oc-fd"/>
            <object_component_ref idref="oc-bf"/>
            <object_component_ref idref="oc-ce"/>
            <object_component_ref idref="oc-ed"/>
            <object_component_ref idref="oc-105"/>
            <object_component_ref idref="oc-c0"/>
            <object_component_ref idref="oc-3d"/>
            <object_component_ref idref="oc-c7"/>
            <object_component_ref idref="oc-ca"/>
            <object_component_ref idref="oc-9e"/>
            <object_component_ref idref="oc-a0"/>
            <object_component_ref idref="oc-116"/>
            <object_component_ref idref="oc-4f"/>
            <object_component_ref idref="oc-b8"/>
            <object_component_ref idref="oc-9a"/>
            <object_component_ref idref="oc-114"/>
            <object_component_ref idref="oc-95"/>
            <object_component_ref idref="oc-e6"/>
            <object_component_ref idref="oc-f0"/>
            <object_component_ref idref="oc-9b"/>
            <object_component_ref idref="oc-9c"/>
            <object_component_ref idref="oc-ec"/>
            <object_component_ref idref="oc-39"/>
            <object_component_ref idref="oc-b6"/>
            <object_component_ref idref="oc-109"/>
            <object_component_ref idref="oc-e7"/>
            <object_component_ref idref="oc-d2"/>
            <object_component_ref idref="oc-c4"/>
            <object_component_ref idref="oc-9d"/>
            <object_component_ref idref="oc-9f"/>
            <object_component_ref idref="oc-106"/>
            <object_component_ref idref="oc-fe"/>
            <object_component_ref idref="oc-d0"/>
            <object_component_ref idref="oc-f8"/>
            <object_component_ref idref="oc-ba"/>
            <object_component_ref idref="oc-d4"/>
            <object_component_ref idref="oc-f6"/>
            <object_component_ref idref="oc-f7"/>
            <object_component_ref idref="oc-de"/>
            <object_component_ref idref="oc-df"/>
            <object_component_ref idref="oc-27"/>
            <object_component_ref idref="oc-48"/>
            <object_component_ref idref="oc-112"/>
            <object_component_ref idref="oc-10a"/>
            <object_component_ref idref="oc-1e"/>
            <object_component_ref idref="oc-ea"/>
            <object_component_ref idref="oc-f1"/>
            <object_component_ref idref="oc-a2"/>
            <object_component_ref idref="oc-a1"/>
            <object_component_ref idref="oc-f3"/>
            <object_component_ref idref="oc-f2"/>
            <object_component_ref idref="oc-e8"/>
            <object_component_ref idref="oc-cb"/>
            <object_component_ref idref="oc-10f"/>
            <object_component_ref idref="oc-111"/>
            <object_component_ref idref="oc-115"/>
            <object_component_ref idref="oc-c8"/>
            <object_component_ref idref="oc-c6"/>
            <object_component_ref idref="oc-e9"/>
            <object_component_ref idref="oc-35"/>
            <object_component_ref idref="oc-53"/>
            <object_component_ref idref="oc-e4"/>
            <object_component_ref idref="oc-be"/>
            <object_component_ref idref="oc-e5"/>
            <object_component_ref idref="oc-af"/>
            <object_component_ref idref="oc-c2"/>
            <object_component_ref idref="oc-113"/>
            <object_component_ref idref="oc-b0"/>
            <object_component_ref idref="oc-b7"/>
            <object_component_ref idref="oc-a4"/>
            <object_component_ref idref="oc-a5"/>
            <object_component_ref idref="oc-a6"/>
            <object_component_ref idref="oc-ae"/>
            <object_component_ref idref="oc-dd"/>
            <object_component_ref idref="oc-bd"/>
            <object_component_ref idref="oc-a7"/>
            <object_component_ref idref="oc-a8"/>
            <object_component_ref idref="oc-a9"/>
            <object_component_ref idref="oc-ac"/>
            <object_component_ref idref="oc-a3"/>
            <object_component_ref idref="oc-ab"/>
            <object_component_ref idref="oc-ad"/>
            <object_component_ref idref="oc-94"/>
            <object_component_ref idref="oc-97"/>
            <object_component_ref idref="oc-93"/>
         </contents>
      </logical_group>
      <logical_group id="lg-6" display="no" color="cyan">
         <name>.cinit</name>
         <load_address>0xfdea</load_address>
         <run_address>0xfdea</run_address>
         <size>0xf2</size>
         <contents>
            <object_component_ref idref="oc-6b"/>
         </contents>
      </logical_group>
      <logical_group id="lg-7" display="no" color="cyan">
         <name>.const</name>
         <load_address>0xf7a0</load_address>
         <run_address>0xf7a0</run_address>
         <size>0x64a</size>
         <contents>
            <object_component_ref idref="oc-83"/>
            <object_component_ref idref="oc-25"/>
            <object_component_ref idref="oc-100"/>
            <object_component_ref idref="oc-e2"/>
            <object_component_ref idref="oc-cd"/>
            <object_component_ref idref="oc-aa"/>
            <object_component_ref idref="oc-e3"/>
            <object_component_ref idref="oc-103"/>
            <object_component_ref idref="oc-102"/>
            <object_component_ref idref="oc-101"/>
            <object_component_ref idref="oc-e1"/>
            <object_component_ref idref="oc-eb"/>
            <object_component_ref idref="oc-7b"/>
            <object_component_ref idref="oc-c5"/>
            <object_component_ref idref="oc-24"/>
            <object_component_ref idref="oc-80"/>
            <object_component_ref idref="oc-7d"/>
            <object_component_ref idref="oc-81"/>
            <object_component_ref idref="oc-75"/>
            <object_component_ref idref="oc-7f"/>
            <object_component_ref idref="oc-7e"/>
            <object_component_ref idref="oc-71"/>
            <object_component_ref idref="oc-7c"/>
         </contents>
      </logical_group>
      <logical_group id="lg-8" display="no" color="cyan">
         <name>.cio</name>
         <run_address>0x0</run_address>
         <size>0x0</size>
         <contents>
         </contents>
      </logical_group>
      <logical_group id="lg-9" display="no" color="cyan">
         <name>.pinit</name>
         <run_address>0x0</run_address>
         <size>0x0</size>
         <contents>
         </contents>
[...]
         <name>RadioWakeUp</name>
         <value>0xf69c</value>
         <object_component_ref idref="oc-e9"/>
      </symbol>
      <symbol id="sm-5ed">
         <name>NodeAckPayload</name>
         <value>0xe42c</value>
         <object_component_ref idref="oc-10d"/>
      </symbol>
      <symbol id="sm-5ee">
         <name>RadioEnableInterrupt</name>
         <value>0xf62c</value>
         <object_component_ref idref="oc-111"/>
      </symbol>
      <symbol id="sm-5ef">
         <name>USCIA0RXBuffer</name>
         <value>0x2c6</value>
         <object_component_ref idref="oc-76"/>
      </symbol>
      <symbol id="sm-5f0">
         <name>_nop</name>
         <value>0xf79e</value>
         <object_component_ref idref="oc-93"/>
      </symbol>
      <symbol id="sm-5f1">
         <name>__hal_USCIAB0TXInterruptServiceRoutine</name>
         <value>0xe156</value>
         <object_component_ref idref="oc-98"/>
      </symbol>
      <symbol id="sm-5f2">
         <name>MapSensorsFromHW</name>
         <value>0xe940</value>
         <object_component_ref idref="oc-b3"/>
      </symbol>
      <symbol id="sm-5f3">
         <name>Timer0A3CCR0Event</name>
         <value>0x31c</value>
         <object_component_ref idref="oc-7a"/>
      </symbol>
      <symbol id="sm-5f4">
         <name>BlinkLED</name>
         <value>0xf354</value>
         <object_component_ref idref="oc-d4"/>
      </symbol>
      <symbol id="sm-5f5">
         <name>Timer0A3CCR1Event</name>
         <value>0x31e</value>
         <object_component_ref idref="oc-7a"/>
      </symbol>
      <symbol id="sm-5f6">
         <name>InitSystem</name>
         <value>0xc000</value>
         <object_component_ref idref="oc-b1"/>
      </symbol>
      <symbol id="sm-5f7">
         <name>SoftwareTimerDefaultEventHandler</name>
         <value>0xf776</value>
         <object_component_ref idref="oc-bd"/>
      </symbol>
      <symbol id="sm-5f8">
         <name>TagEnd</name>
         <value>0xd928</value>
         <object_component_ref idref="oc-cf"/>
      </symbol>
      <symbol id="sm-5f9">
         <name>radio_Count</name>
         <value>0xfde8</value>
         <object_component_ref idref="oc-71"/>
      </symbol>
      <symbol id="sm-5fa">
         <name>ADCConversionDone</name>
         <value>0x301</value>
         <object_component_ref idref="oc-6d"/>
      </symbol>
      <symbol id="sm-5fb">
         <name>redLEDStateControl</name>
         <value>0x307</value>
         <object_component_ref idref="oc-6d"/>
      </symbol>
      <symbol id="sm-5fc">
         <name>RXTXCycle</name>
         <value>0xc5e4</value>
         <object_component_ref idref="oc-fb"/>
      </symbol>
      <symbol id="sm-5fd">
         <name>Flags</name>
         <value>0x252</value>
         <object_component_ref idref="oc-72"/>
      </symbol>
      <symbol id="sm-5fe">
         <name>SetCurrentPhysical</name>
         <value>0xe4b2</value>
         <object_component_ref idref="oc-ef"/>
      </symbol>
      <symbol id="sm-5ff">
         <name>Listen</name>
         <value>0xd17e</value>
         <object_component_ref idref="oc-fa"/>
      </symbol>
      <symbol id="sm-600">
         <name>DelayedResult</name>
         <value>0x2fd</value>
         <object_component_ref idref="oc-74"/>
      </symbol>
      <symbol id="sm-601">
         <name>ConfigurationInfo</name>
         <value>0xc394</value>
         <object_component_ref idref="oc-ee"/>
      </symbol>
      <symbol id="sm-602">
         <name>SendConfigPingSequence</name>
         <value>0xe0aa</value>
         <object_component_ref idref="oc-10e"/>
      </symbol>
      <symbol id="sm-603">
         <name>spiBus1</name>
         <value>0xfdb6</value>
         <object_component_ref idref="oc-7b"/>
      </symbol>
      <symbol id="sm-604">
         <name>RadioWriteRegister</name>
         <value>0xf5d2</value>
         <object_component_ref idref="oc-e8"/>
      </symbol>
      <symbol id="sm-605">
         <name>NodeIsInMyNet</name>
         <value>0xf3b0</value>
         <object_component_ref idref="oc-f7"/>
      </symbol>
      <symbol id="sm-606">
         <name>ADC10Event</name>
         <value>0x32e</value>
         <object_component_ref idref="oc-78"/>
      </symbol>
      <symbol id="sm-607">
         <name>Timer2CCREventHandler</name>
         <value>0xdc52</value>
         <object_component_ref idref="oc-bb"/>
      </symbol>
      <symbol id="sm-608">
         <name>CmdIF_RemoveNode</name>
         <value>0xf592</value>
         <object_component_ref idref="oc-f3"/>
      </symbol>
      <symbol id="sm-609">
         <name>CmdIF_SetCycleUpdateRate</name>
         <value>0xe71a</value>
         <object_component_ref idref="oc-f4"/>
      </symbol>
      <symbol id="sm-60a">
         <name>USCIAB0RXEvent</name>
         <value>0x332</value>
         <object_component_ref idref="oc-77"/>
      </symbol>
      <symbol id="sm-60b">
         <name>__hal_ADC10InterruptServiceRoutine</name>
         <value>0xee50</value>
         <object_component_ref idref="oc-9a"/>
      </symbol>
      <symbol id="sm-60c">
         <name>RadioReadRXBuffer</name>
         <value>0xf648</value>
         <object_component_ref idref="oc-115"/>
      </symbol>
      <symbol id="sm-60d">
         <name>DigitalIOPort2InterruptServiceRoutine</name>
         <value>0xeff4</value>
         <object_component_ref idref="oc-9c"/>
      </symbol>
      <symbol id="sm-60e">
         <name>DigitalIOPort1InterruptServiceRoutine</name>
         <value>0xefb2</value>
         <object_component_ref idref="oc-9b"/>
      </symbol>
      <symbol id="sm-60f">
         <name>Timer0A3CCR0DefaultEventHandler</name>
         <value>0xf77a</value>
         <object_component_ref idref="oc-a7"/>
      </symbol>
      <symbol id="sm-610">
         <name>ResponseResult</name>
         <value>0xf170</value>
         <object_component_ref idref="oc-d2"/>
      </symbol>
      <symbol id="sm-611">
         <name>Timer0A3CCR1DefaultEventHandler</name>
         <value>0xf77e</value>
         <object_component_ref idref="oc-a8"/>
      </symbol>
      <symbol id="sm-612">
         <name>cFlags</name>
         <value>0x2f8</value>
         <object_component_ref idref="oc-74"/>
      </symbol>
      <symbol id="sm-613">
         <name>CmdIFCommandString</name>
         <value>0x2e4</value>
         <object_component_ref idref="oc-74"/>
      </symbol>
      <symbol id="sm-614">
         <name>Timer1A3CCR0InterruptServiceRoutine</name>
         <value>0xf222</value>
         <object_component_ref idref="oc-9f"/>
      </symbol>
      <symbol id="sm-615">
         <name>Timer1A3CCR1InterruptServiceRoutine</name>
         <value>0xed20</value>
         <object_component_ref idref="oc-a0"/>
      </symbol>
      <symbol id="sm-616">
         <name>main</name>
         <value>0xd38c</value>
         <object_component_ref idref="oc-96"/>
      </symbol>
      <symbol id="sm-617">
         <name>NodeDataDefinitions</name>
         <value>0xfca4</value>
         <object_component_ref idref="oc-aa"/>
      </symbol>
      <symbol id="sm-618">
         <name>CircularBufferRead</name>
         <value>0xf0b6</value>
         <object_component_ref idref="oc-b6"/>
      </symbol>
      <symbol id="sm-619">
         <name>Timer1CCREventHandler</name>
         <value>0xf324</value>
         <object_component_ref idref="oc-ba"/>
      </symbol>
      <symbol id="sm-61a">
         <name>_lock</name>
         <value>0x326</value>
         <object_component_ref idref="oc-82"/>
      </symbol>
      <symbol id="sm-61b">
         <name>FrameSend</name>
         <value>0xd288</value>
         <object_component_ref idref="oc-fc"/>
      </symbol>
      <symbol id="sm-61c">
         <name>RawCommand</name>
         <value>0x2e8</value>
         <object_component_ref idref="oc-74"/>
      </symbol>
      <symbol id="sm-61d">
         <name>rFlags</name>
         <value>0x2fa</value>
         <object_component_ref idref="oc-74"/>
      </symbol>
      <symbol id="sm-61e">
         <name>ElemAttrUniv</name>
         <value>0xd772</value>
         <object_component_ref idref="oc-d3"/>
      </symbol>
      <symbol id="sm-61f">
         <name>tFlags</name>
         <value>0x2fb</value>
         <object_component_ref idref="oc-74"/>
      </symbol>
      <symbol id="sm-620">
         <name>CmdIF_SetThisNodeID</name>
         <value>0xf526</value>
         <object_component_ref idref="oc-f1"/>
      </symbol>
      <symbol id="sm-621">
         <name>CmdIFResponse</name>
         <value>0xea68</value>
         <object_component_ref idref="oc-ce"/>
      </symbol>
      <symbol id="sm-622">
         <name>UARTRXEventHandler</name>
         <value>0xea06</value>
         <object_component_ref idref="oc-bf"/>
      </symbol>
      <symbol id="sm-623">
         <name>CircularBufferWrite</name>
         <value>0xee06</value>
         <object_component_ref idref="oc-b8"/>
      </symbol>
      <symbol id="sm-624">
         <name>Payloads</name>
         <value>0x236</value>
         <object_component_ref idref="oc-6c"/>
      </symbol>
      <symbol id="sm-625">
         <name>MyFlashStorage</name>
         <value>0x1000</value>
         <object_component_ref idref="oc-70"/>
      </symbol>
      <symbol id="sm-626">
         <name>RadioReadRegister</name>
         <value>0xf4b6</value>
         <object_component_ref idref="oc-10a"/>
      </symbol>
      <symbol id="sm-627">
         <name>NonMaskableInterruptServiceRoutine</name>
         <value>0xf54a</value>
         <object_component_ref idref="oc-a2"/>
      </symbol>
      <symbol id="sm-628">
         <name>__hal_SPIDisableChipSelect</name>
         <value>0xf664</value>
         <object_component_ref idref="oc-c8"/>
      </symbol>
      <symbol id="sm-629">
         <name>ConfigTimeout</name>
         <value>0x330</value>
         <object_component_ref idref="oc-73"/>
      </symbol>
      <symbol id="sm-62a">
         <name>_unlock</name>
         <value>0x328</value>
         <object_component_ref idref="oc-82"/>
      </symbol>
      <symbol id="sm-62b">
         <name>__hal_SPIBurstWrite</name>
         <value>0xef2a</value>
         <object_component_ref idref="oc-e6"/>
      </symbol>
      <symbol id="sm-62c">
         <name>NetworkValidation</name>
         <value>0xd06e</value>
         <object_component_ref idref="oc-da"/>
      </symbol>
      <symbol id="sm-62d">
         <name>DataExchange</name>
         <value>0xd586</value>
         <object_component_ref idref="oc-d9"/>
      </symbol>
      <symbol id="sm-62e">
         <name>PortEventHandler</name>
         <value>0xd48e</value>
         <object_component_ref idref="oc-c1"/>
      </symbol>
      <symbol id="sm-62f">
         <name>GetCurrentPhysical</name>
         <value>0xe3a0</value>
         <object_component_ref idref="oc-d6"/>
      </symbol>
      <symbol id="sm-630">
         <name>Query_Current_Status</name>
         <value>0xf292</value>
         <object_component_ref idref="oc-fe"/>
      </symbol>
      <symbol id="sm-631">
         <name>ADC10DefaultEventHandler</name>
         <value>0xf762</value>
         <object_component_ref idref="oc-a4"/>
      </symbol>
      <symbol id="sm-632">
         <name>AppInformation</name>
         <value>0xf036</value>
         <object_component_ref idref="oc-ec"/>
      </symbol>
      <symbol id="sm-633">
         <name>FrameListen</name>
         <value>0xe9a4</value>
         <object_component_ref idref="oc-fd"/>
      </symbol>
      <symbol id="sm-634">
         <name>SetApplicationState</name>
         <value>0xf1ac</value>
         <object_component_ref idref="oc-c4"/>
      </symbol>
      <symbol id="sm-635">
         <name>CC1101Read</name>
         <value>0xee9a</value>
         <object_component_ref idref="oc-114"/>
      </symbol>
      <symbol id="sm-636">
         <name>PushButton1EventHandler</name>
         <value>0xeb82</value>
         <object_component_ref idref="oc-c0"/>
      </symbol>
      <symbol id="sm-637">
         <name>SetDataValue</name>
         <value>0xe532</value>
         <object_component_ref idref="oc-d1"/>
      </symbol>
      <symbol id="sm-638">
         <name>ReceiveOn</name>
         <value>0xe78c</value>
         <object_component_ref idref="oc-10b"/>
      </symbol>
      <symbol id="sm-639">
         <name>swTimer</name>
         <value>0x2a2</value>
         <object_component_ref idref="oc-76"/>
      </symbol>
      <symbol id="sm-63a">
         <name>CmdIF_GetNodeIDs</name>
         <value>0xdd18</value>
         <object_component_ref idref="oc-d5"/>
      </symbol>
      <symbol id="sm-63b">
         <name>RemoveNodeFromNetwork</name>
         <value>0xe7fa</value>
         <object_component_ref idref="oc-db"/>
      </symbol>
      <symbol id="sm-63c">
         <name>ModuleInfo</name>
         <value>0xeb26</value>
         <object_component_ref idref="oc-105"/>
      </symbol>
      <symbol id="sm-63d">
         <name>NonMaskableInterruptEvent</name>
         <value>0xfde0</value>
         <object_component_ref idref="oc-81"/>
      </symbol>
      <symbol id="sm-63e">
         <name>ADCEventHandler</name>
         <value>0xf726</value>
         <object_component_ref idref="oc-c2"/>
      </symbol>
      <symbol id="sm-63f">
         <name>PushButtonEvent</name>
         <value>0x2b6</value>
         <object_component_ref idref="oc-76"/>
      </symbol>
      <symbol id="sm-640">
         <name>CommandDefinitions</name>
         <value>0xfc68</value>
         <object_component_ref idref="oc-cd"/>
      </symbol>
      <symbol id="sm-641">
         <name>greenLEDStateControl</name>
         <value>0x303</value>
         <object_component_ref idref="oc-6d"/>
      </symbol>
      <symbol id="sm-642">
         <name>ResponseNumber</name>
         <value>0xcdac</value>
         <object_component_ref idref="oc-f9"/>
      </symbol>
      <symbol id="sm-643">
         <name>UpdateSoftwareTimers</name>
         <value>0xd67c</value>
         <object_component_ref idref="oc-bc"/>
      </symbol>
      <symbol id="sm-644">
         <name>CmdIF_GetAppStates</name>
         <value>0xdf44</value>
         <object_component_ref idref="oc-e0"/>
      </symbol>
      <symbol id="sm-645">
         <name>pushButtonAction</name>
         <value>0x300</value>
         <object_component_ref idref="oc-6d"/>
      </symbol>
      <symbol id="sm-646">
         <name>CC1101Write</name>
         <value>0xec32</value>
         <object_component_ref idref="oc-c7"/>
      </symbol>
      <symbol id="sm-647">
         <name>WatchdogTimerInterruptServiceRoutine</name>
         <value>0xf56e</value>
         <object_component_ref idref="oc-a1"/>
      </symbol>
      <symbol id="sm-648">
         <name>ReportData</name>
         <value>0xdac6</value>
         <object_component_ref idref="oc-b4"/>
      </symbol>
      <symbol id="sm-649">
         <name>CmdIF_SetAppState</name>
         <value>0xef70</value>
         <object_component_ref idref="oc-f0"/>
      </symbol>
      <symbol id="sm-64a">
         <name>SetDigitalIOOutputPort</name>
         <value>0xf702</value>
         <object_component_ref idref="oc-e5"/>
      </symbol>
      <symbol id="sm-64b">
         <name>RadioSetInterruptEdge</name>
         <value>0xf3de</value>
         <object_component_ref idref="oc-de"/>
      </symbol>
      <symbol id="sm-64c">
         <name>pushButtonTimer</name>
         <value>0x2aa</value>
         <object_component_ref idref="oc-76"/>
      </symbol>
      <symbol id="sm-64d">
         <name>ApplicationState</name>
         <value>0x200</value>
         <object_component_ref idref="oc-6c"/>
      </symbol>
      <symbol id="sm-64e">
         <name>WirelessOperation</name>
         <value>0xcc0c</value>
         <object_component_ref idref="oc-b5"/>
      </symbol>
      <symbol id="sm-64f">
         <name>Nodes</name>
         <value>0x202</value>
         <object_component_ref idref="oc-6c"/>
      </symbol>
      <symbol id="sm-650">
         <name>RadioLocal</name>
         <value>0x264</value>
         <object_component_ref idref="oc-72"/>
      </symbol>
      <symbol id="sm-651">
         <name>DigitalIOPort2DefaultEventHandler</name>
         <value>0xf76a</value>
         <object_component_ref idref="oc-a6"/>
      </symbol>
      <symbol id="sm-652">
         <name>USCIA0TXBuffer</name>
         <value>0x2c0</value>
         <object_component_ref idref="oc-76"/>
      </symbol>
      <symbol id="sm-653">
         <name>DigitalIOPort1DefaultEventHandler</name>
         <value>0xf766</value>
         <object_component_ref idref="oc-a5"/>
      </symbol>
      <symbol id="sm-654">
         <name>TagBegin</name>
         <value>0xdb8c</value>
         <object_component_ref idref="oc-cc"/>
      </symbol>
      <symbol id="sm-655">
         <name>ResponseParameter</name>
         <value>0xe6a6</value>
         <object_component_ref idref="oc-108"/>
      </symbol>
      <symbol id="sm-656">
         <name>appRadio</name>
         <value>0xfdc2</value>
         <object_component_ref idref="oc-c5"/>
      </symbol>
      <symbol id="sm-657">
         <name>GetParmWord</name>
         <value>0xf2f4</value>
         <object_component_ref idref="oc-f8"/>
      </symbol>
      <symbol id="sm-658">
         <name>CmdIF_SetPairingMask</name>
         <value>0xf5b2</value>
         <object_component_ref idref="oc-f2"/>
      </symbol>
      <symbol id="sm-659">
         <name>Timer1A3CCR0DefaultEventHandler</name>
         <value>0xf782</value>
         <object_component_ref idref="oc-a9"/>
      </symbol>
      <symbol id="sm-65a">
         <name>Timer1A3CCR1DefaultEventHandler</name>
         <value>0xf786</value>
         <object_component_ref idref="oc-ac"/>
      </symbol>
      <symbol id="sm-65b">
         <name>Timer1A3CCR0Event</name>
         <value>0x320</value>
         <object_component_ref idref="oc-7a"/>
      </symbol>
      <symbol id="sm-65c">
         <name>Timer1A3CCR1Event</name>
         <value>0xfdd4</value>
         <object_component_ref idref="oc-80"/>
      </symbol>
      <symbol id="sm-65d">
         <name>userBuffer</name>
         <value>0x314</value>
         <object_component_ref idref="oc-6e"/>
      </symbol>
      <symbol id="sm-65e">
         <name>Brackets</name>
         <value>0xfd96</value>
         <object_component_ref idref="oc-eb"/>
      </symbol>
      <symbol id="sm-65f">
         <name>__hal_SPIEnableChipSelect</name>
         <value>0xf680</value>
         <object_component_ref idref="oc-c6"/>
      </symbol>
      <symbol id="sm-660">
         <name>CycleTimeoutAction</name>
         <value>0xf490</value>
         <object_component_ref idref="oc-112"/>
      </symbol>
      <symbol id="sm-661">
         <name>_system_pre_init</name>
         <value>0xf796</value>
         <object_component_ref idref="oc-94"/>
      </symbol>
      <symbol id="sm-662">
         <name>CmdIFProcess</name>
         <value>0xca22</value>
         <object_component_ref idref="oc-b2"/>
      </symbol>
      <symbol id="sm-663">
         <name>CmdIF_DataDefinitions</name>
         <value>0xd9f8</value>
         <object_component_ref idref="oc-f5"/>
      </symbol>
      <symbol id="sm-664">
         <name>WatchdogTimerEvent</name>
         <value>0xfdde</value>
         <object_component_ref idref="oc-81"/>
      </symbol>
      <symbol id="sm-665">
         <name>__hal_USCIAB0RXInterruptServiceRoutine</name>
         <value>0xe8d4</value>
         <object_component_ref idref="oc-99"/>
      </symbol>
      <symbol id="sm-666">
         <name>USCIAB0RXDefaultEventHandler</name>
         <value>0xf78a</value>
         <object_component_ref idref="oc-a3"/>
      </symbol>
      <symbol id="sm-667">
         <name>GetParmByte</name>
         <value>0xf382</value>
         <object_component_ref idref="oc-f6"/>
      </symbol>
   </symbol_table>
   <title>Link successful</title>
</link_info>
