******************************************************************************
                  MSP430 Linker PC v4.3.3                      
******************************************************************************
>> Linked Sun Nov 09 13:55:03 2014

OUTPUT FILE NAME:   <CCS.out>
ENTRY POINT SYMBOL: "_c_int00"  address: 0000f4f0


MEMORY CONFIGURATION

         name            origin    length      used     unused   attr    fill
----------------------  --------  ---------  --------  --------  ----  --------
  SFR                   00000000   00000010  00000000  00000010  RWIX
  PERIPHERALS_8BIT      00000010   000000f0  00000000  000000f0  RWIX
  PERIPHERALS_16BIT     00000100   00000100  00000000  00000100  RWIX
  RAM                   00000200   00000200  000001f2  0000000e  RWIX
  INFOD                 00001000   00000040  00000012  0000002e  RWIX
  INFOC                 00001040   00000040  00000000  00000040  RWIX
  INFOB                 00001080   00000040  00000000  00000040  RWIX
  INFOA                 000010c0   00000040  00000000  00000040  RWIX
  FLASH                 0000c000   00003fe0  00003ef6  000000ea  RWIX
  INT00                 0000ffe0   00000002  00000002  00000000  RWIX
  INT01                 0000ffe2   00000002  00000002  00000000  RWIX
  INT02                 0000ffe4   00000002  00000002  00000000  RWIX
  INT03                 0000ffe6   00000002  00000002  00000000  RWIX
  INT04                 0000ffe8   00000002  00000002  00000000  RWIX
  INT05                 0000ffea   00000002  00000002  00000000  RWIX
  INT06                 0000ffec   00000002  00000002  00000000  RWIX
  INT07                 0000ffee   00000002  00000002  00000000  RWIX
  INT08                 0000fff0   00000002  00000002  00000000  RWIX
  INT09                 0000fff2   00000002  00000002  00000000  RWIX
  INT10                 0000fff4   00000002  00000002  00000000  RWIX
  INT11                 0000fff6   00000002  00000002  00000000  RWIX
  INT12                 0000fff8   00000002  00000002  00000000  RWIX
  INT13                 0000fffa   00000002  00000002  00000000  RWIX
  INT14                 0000fffc   00000002  00000002  00000000  RWIX
  RESET                 0000fffe   00000002  00000002  00000000  RWIX


SECTION ALLOCATION MAP

 output                                  attributes/
section   page    origin      length       input sections
--------  ----  ----------  ----------   ----------------
.pinit     0    0000c000    00000000     UNINITIALIZED

.bss       0    00000200    00000134     UNINITIALIZED
                  00000200    00000052     Application.obj (.bss)
                  00000252    00000050     RadioOperation.obj (.bss)
                  000002a2    00000042     LaunchPad.obj (.bss)
                  000002e4    0000001c     CommandInterface.obj (.bss)
                  00000300    0000000c     Callback.obj (.bss)
                  0000030c    00000008     AIRBoosterPackLite.obj (.bss)
                  00000314    00000008     main.obj (.bss)
                  0000031c    00000006     TimerA.obj (.bss)
                  00000322    00000004     DigitalIO.obj (.bss)
                  00000326    00000004     rts430.lib : _lock.obj (.bss)
                  0000032a    00000004                : boot.obj (.bss)
                  0000032e    00000002     ADC10.obj (.bss)
                  00000330    00000002     Protocol.obj (.bss)
                  00000332    00000002     USCI.obj (.bss)

.stack     0    00000340    000000be     UNINITIALIZED
                  00000340    00000002     rts430.lib : boot.obj (.stack)
                  00000342    000000bc     --HOLE--

.infoD     0    00001000    00000012     UNINITIALIZED
                  00001000    00000012     Application.obj (.infoD)

.text      0    0000c000    000037ba     
                  0000c000    00000392     Application.obj (.text:InitSystem)
                  0000c392    00000250     CommandInterface.obj (.text:ConfigurationInfo)
                  0000c5e2    00000234     Protocol.obj (.text:RXTXCycle)
                  0000c816    0000020a     RadioOperation.obj (.text:ChangeConfiguration)
                  0000ca20    000001ea     CommandInterface.obj (.text:CmdIFProcess)
                  0000cc0a    000001a0     Application.obj (.text:WirelessOperation)
                  0000cdaa    00000174     CommandInterface.obj (.text:ResponseNumber)
                  0000cf1e    00000156     RadioOperation.obj (.text:GetFrame)
                  0000d074    00000110     Application.obj (.text:NetworkValidation)
                  0000d184    0000010a     Protocol.obj (.text:Listen)
                  0000d28e    00000106     RadioOperation.obj (.text:FrameSend)
                  0000d394    00000102     main.obj (.text:main)
                  0000d496    000000fa     Protocol.obj (.text:DataExchange)
                  0000d590    000000f8     Callback.obj (.text:PortEventHandler)
                  0000d688    000000f6     LaunchPad.obj (.text:UpdateSoftwareTimers)
                  0000d77e    000000e0     CommandInterface.obj (.text:ElemAttrUniv)
                  0000d85e    000000d8     Application.obj (.text:AddNodeToNetwork)
                  0000d936    000000d0     CommandInterface.obj (.text:TagEnd)
                  0000da06    000000ce     CommandInterface.obj (.text:CmdIF_DataDefinitions)
                  0000dad4    000000c6     CommandInterface.obj (.text:ReportData)
                  0000db9a    000000c6     CommandInterface.obj (.text:TagBegin)
                  0000dc60    000000c6     Callback.obj (.text:Timer2CCREventHandler)
                  0000dd26    000000ba     CommandInterface.obj (.text:CmdIF_GetNodeIDs)
                  0000dde0    000000ba     RandomNumberGenerator.obj (.text)
                  0000de9a    000000b8     RadioOperation.obj (.text:CreateDataPacket)
                  0000df52    000000b2     Application.obj (.text:SetMyNodeID)
                  0000e004    000000b0     CommandInterface.obj (.text:CmdIF_GetAppStates)
                  0000e0b4    000000ac     Protocol.obj (.text:SendConfigPingSequence)
                  0000e160    00000098     USCI.obj (.text:__hal_USCIAB0TXInterruptServiceRoutine)
                  0000e1f8    00000092     CC1101Interface.obj (.text:CC1101WakeUp)
                  0000e28a    00000092     Application.obj (.text:SensorPayload)
                  0000e31c    0000008e     FlashModule.obj (.text:__hal_FlashModuleWriteBuffer)
                  0000e3aa    0000008c     CommandInterface.obj (.text:GetCurrentPhysical)
                  0000e436    00000086     Application.obj (.text:NodeAckPayload)
                  0000e4bc    00000080     CommandInterface.obj (.text:GetParmValue)
                  0000e53c    00000080     CommandInterface.obj (.text:SetCurrentPhysical)
                  0000e5bc    00000080     CommandInterface.obj (.text:SetDataValue)
                  0000e63c    00000076     Application.obj (.text:HubWirelessOperation)
                  0000e6b2    00000074     CommandInterface.obj (.text:ResponseParameter)
                  0000e726    00000072     CommandInterface.obj (.text:CmdIF_SetCycleUpdateRate)
                  0000e798    00000072     Callback.obj (.text:LEDControl)
                  0000e80a    0000006e     RadioOperation.obj (.text:ReceiveOn)
                  0000e878    0000006e     Application.obj (.text:RemoveNodeFromNetwork)
                  0000e8e6    0000006c     USCI.obj (.text:__hal_USCIAB0RXInterruptServiceRoutine)
                  0000e952    00000064     RadioOperation.obj (.text:FrameListen)
                  0000e9b6    00000064     CommandInterface.obj (.text:MapSensorsFromHW)
                  0000ea1a    00000062     Callback.obj (.text:UARTRXEventHandler)
                  0000ea7c    00000060     CommandInterface.obj (.text:CmdIFResponse)
                  0000eadc    0000005e     CommandInterface.obj (.text:ResponseCtrl)
                  0000eb3a    0000005c     CommandInterface.obj (.text:ModuleInfo)
                  0000eb96    00000058     Callback.obj (.text:PushButton1EventHandler)
                  0000ebee    00000058     rts430.lib : div32u.obj (.text)
                  0000ec46    00000050     CC1101Interface.obj (.text:CC1101Write)
                  0000ec96    00000050     Application.obj (.text:SetCycleTime)
                  0000ece6    0000004e     TimerA.obj (.text:Timer0A3CCR1InterruptServiceRoutine)
                  0000ed34    0000004e     TimerA.obj (.text:Timer1A3CCR1InterruptServiceRoutine)
                  0000ed82    0000004c     Communication.obj (.text:__hal_SPIBurstRead)
                  0000edce    0000004c     rts430.lib : lsr16.obj (.text)
                  0000ee1a    0000004a     CircularBuffer.obj (.text:CircularBufferWrite)
                  0000ee64    0000004a     ADC10.obj (.text:__hal_ADC10InterruptServiceRoutine)
                  0000eeae    00000048     CC1101Interface.obj (.text:CC1101Read)
                  0000eef6    00000048     rts430.lib : autoinit.obj (.text:_auto_init)
                  0000ef3e    00000046     Communication.obj (.text:__hal_SPIBurstWrite)
                  0000ef84    00000042     CommandInterface.obj (.text:CmdIF_SetAppState)
                  0000efc6    00000042     DigitalIO.obj (.text:DigitalIOPort1InterruptServiceRoutine)
                  0000f008    00000042     DigitalIO.obj (.text:DigitalIOPort2InterruptServiceRoutine)
                  0000f04a    00000040     CommandInterface.obj (.text:AppInformation)
                  0000f08a    00000040     rts430.lib : div32s.obj (.text)
                  0000f0ca    0000003e     CircularBuffer.obj (.text:CircularBufferRead)
                  0000f108    0000003e     rts430.lib : asr32.obj (.text:l_asr_const)
                  0000f146    0000003e                : lsl32.obj (.text:l_lsl_const)
                  0000f184    0000003c     CommandInterface.obj (.text:ResponseResult)
                  0000f1c0    0000003c     Application.obj (.text:SetApplicationState)
                  0000f1fc    0000003a     TimerA.obj (.text:Timer0A3CCR0InterruptServiceRoutine)
                  0000f236    0000003a     TimerA.obj (.text:Timer1A3CCR0InterruptServiceRoutine)
                  0000f270    00000036     CommandInterface.obj (.text:GetParmLong)
                  0000f2a6    00000032     Application.obj (.text:Query_Current_Status)
                  0000f2d8    00000030     CommandInterface.obj (.text:CmdIF_SetDataValue)
                  0000f308    00000030     CommandInterface.obj (.text:GetParmWord)
                  0000f338    00000030     Callback.obj (.text:Timer1CCREventHandler)
                  0000f368    0000002e     Application.obj (.text:BlinkLED)
                  0000f396    0000002e     CommandInterface.obj (.text:GetParmByte)
                  0000f3c4    0000002e     Application.obj (.text:NodeIsInMyNet)
                  0000f3f2    0000002e     Radio.obj (.text:RadioSetInterruptEdge)
                  0000f420    0000002c     RadioOperation.obj (.text:StartTimeoutTimer)
                  0000f44c    0000002c     rts430.lib : asr16.obj (.text)
                  0000f478    0000002c                : lsl16.obj (.text)
                  0000f4a4    00000026     RadioOperation.obj (.text:CycleTimeoutAction)
                  0000f4ca    00000026     Radio.obj (.text:RadioReadRegister)
                  0000f4f0    00000026     rts430.lib : boot.obj (.text:_c_int00_noexit)
                  0000f516    00000024     CommandInterface.obj (.text:AttributeEnd)
                  0000f53a    00000024     CommandInterface.obj (.text:CmdIF_SetThisNodeID)
                  0000f55e    00000024     WatchdogTimerPlus.obj (.text:NonMaskableInterruptServiceRoutine)
                  0000f582    00000024     WatchdogTimerPlus.obj (.text:WatchdogTimerInterruptServiceRoutine)
                  0000f5a6    00000020     CommandInterface.obj (.text:CmdIF_RemoveNode)
                  0000f5c6    00000020     CommandInterface.obj (.text:CmdIF_SetPairingMask)
                  0000f5e6    00000020     Radio.obj (.text:RadioWriteRegister)
                  0000f606    0000001e     Application.obj (.text:SetPairingMask)
                  0000f624    0000001c     Radio.obj (.text:RadioDisableInterrupt)
                  0000f640    0000001c     Radio.obj (.text:RadioEnableInterrupt)
                  0000f65c    0000001c     Radio.obj (.text:RadioReadRXBuffer)
                  0000f678    0000001c     Communication.obj (.text:__hal_SPIDisableChipSelect)
                  0000f694    0000001c     Communication.obj (.text:__hal_SPIEnableChipSelect)
                  0000f6b0    00000018     Radio.obj (.text:RadioWakeUp)
                  0000f6c8    00000016     rts430.lib : div16u.obj (.text)
                  0000f6de    00000014                : mult16.obj (.text)
                  0000f6f2    00000012     DigitalIO.obj (.text:ClearDigitalIOOutputPort)
                  0000f704    00000012     Callback.obj (.text:SWTimer0EventHandler)
                  0000f716    00000012     DigitalIO.obj (.text:SetDigitalIOOutputPort)
                  0000f728    00000012     rts430.lib : memcpy.obj (.text:memcpy)
                  0000f73a    00000010     Callback.obj (.text:ADCEventHandler)
                  0000f74a    00000010     rts430.lib : lsl32.obj (.text:l_lsl)
                  0000f75a    00000010                : epilog.obj (.text)
                  0000f76a    0000000c     EventHandling.obj (.text:InterruptServiceRoutineExtension)
                  0000f776    00000006     rts430.lib : isr_trap.obj (.text:__TI_ISR_TRAP)
                  0000f77c    00000004     ADC10.obj (.text:ADC10DefaultEventHandler)
                  0000f780    00000004     DigitalIO.obj (.text:DigitalIOPort1DefaultEventHandler)
                  0000f784    00000004     DigitalIO.obj (.text:DigitalIOPort2DefaultEventHandler)
                  0000f788    00000004     WatchdogTimerPlus.obj (.text:NonMaskableInterruptDefaultEventHandler)
                  0000f78c    00000004     PushButton.obj (.text:PushButtonDefaultEventHandler)
                  0000f790    00000004     SoftwareTimer.obj (.text:SoftwareTimerDefaultEventHandler)
                  0000f794    00000004     TimerA.obj (.text:Timer0A3CCR0DefaultEventHandler)
                  0000f798    00000004     TimerA.obj (.text:Timer0A3CCR1DefaultEventHandler)
                  0000f79c    00000004     TimerA.obj (.text:Timer1A3CCR0DefaultEventHandler)
                  0000f7a0    00000004     TimerA.obj (.text:Timer1A3CCR1DefaultEventHandler)
                  0000f7a4    00000004     USCI.obj (.text:USCIAB0RXDefaultEventHandler)
                  0000f7a8    00000004     USCI.obj (.text:USCIAB0TXDefaultEventHandler)
                  0000f7ac    00000004     WatchdogTimerPlus.obj (.text:WatchdogTimerDefaultEventHandler)
                  0000f7b0    00000004     rts430.lib : pre_init.obj (.text:_system_pre_init)
                  0000f7b4    00000004                : exit.obj (.text:abort)
                  0000f7b8    00000002                : _lock.obj (.text:_nop)

.const     0    0000f7ba    0000064a     
                  0000f7ba    00000234     <whole-program> (.const:.string)
                  0000f9ee    0000014e     AIRRadioSettingFCC.lib : A110LR09SettingsFCC.obj (.const:.string)
                  0000fb3c    000000e0                            : A110LR09SettingsFCC.obj (.const:A110LR09RegisterSettingsFCC)
                  0000fc1c    00000066                            : A110LR09SettingsFCC.obj (.const:A110LR09ChannelListFCC)
                  0000fc82    0000003c     CommandInterface.obj (.const:CommandDefinitions)
                  0000fcbe    00000038     CommandInterface.obj (.const:NodeDataDefinitions)
                  0000fcf6    00000034     AIRRadioSettingFCC.lib : A110LR09SettingsFCC.obj (.const:A110LR09PowerListFCC)
                  0000fd2a    00000022                            : A110LR09SettingsFCC.obj (.const:A110LR09ConfigurationChannelsFCC0)
                  0000fd4c    00000022                            : A110LR09SettingsFCC.obj (.const:A110LR09ConfigurationChannelsFCC2)
                  0000fd6e    00000022                            : A110LR09SettingsFCC.obj (.const:A110LR09ConfigurationChannelsFCC3)
                  0000fd90    00000020                            : A110LR09SettingsFCC.obj (.const:A110LR09ConfigurationFCC)
                  0000fdb0    00000020     CommandInterface.obj (.const:Brackets)
                  0000fdd0    0000000c     AIRBoosterPackLite.obj (.const)
                  0000fddc    0000000c     RadioOperation.obj (.const:appRadio)
                  0000fde8    00000006     AIRRadioSettingFCC.lib : A110LR09SettingsFCC.obj (.const)
                  0000fdee    00000006     TimerA.obj (.const)
                  0000fdf4    00000004     USCI.obj (.const)
                  0000fdf8    00000004     WatchdogTimerPlus.obj (.const)
                  0000fdfc    00000003     CommandInterface.obj (.const)
                  0000fdff    00000002     DigitalIO.obj (.const)
                  0000fe01    00000001     ADC10.obj (.const)
                  0000fe02    00000001     RadioOperation.obj (.const)
                  0000fe03    00000001     SoftwareTimer.obj (.const)

.cinit     0    0000fe04    000000f2     
                  0000fe04    000000f0     <whole-program> (.cinit)
                  0000fef4    00000002     --HOLE-- [fill = 0]

.int00     0    0000ffe0    00000002     
                  0000ffe0    00000002     rts430.lib : int00.obj (.int00)

.int01     0    0000ffe2    00000002     
                  0000ffe2    00000002     rts430.lib : int01.obj (.int01)

.int02     0    0000ffe4    00000002     
                  0000ffe4    00000002     <whole-program> (.int02)

.int03     0    0000ffe6    00000002     
                  0000ffe6    00000002     <whole-program> (.int03)

.int04     0    0000ffe8    00000002     
                  0000ffe8    00000002     rts430.lib : int04.obj (.int04)

.int05     0    0000ffea    00000002     
                  0000ffea    00000002     <whole-program> (.int05)

.int06     0    0000ffec    00000002     
                  0000ffec    00000002     <whole-program> (.int06)

.int07     0    0000ffee    00000002     
                  0000ffee    00000002     <whole-program> (.int07)

.int08     0    0000fff0    00000002     
                  0000fff0    00000002     <whole-program> (.int08)

.int09     0    0000fff2    00000002     
                  0000fff2    00000002     <whole-program> (.int09)

.int10     0    0000fff4    00000002     
                  0000fff4    00000002     <whole-program> (.int10)

.int11     0    0000fff6    00000002     
                  0000fff6    00000002     rts430.lib : int11.obj (.int11)

.int12     0    0000fff8    00000002     
                  0000fff8    00000002     <whole-program> (.int12)

.int13     0    0000fffa    00000002     
                  0000fffa    00000002     <whole-program> (.int13)

.int14     0    0000fffc    00000002     
                  0000fffc    00000002     <whole-program> (.int14)

.reset     0    0000fffe    00000002     
                  0000fffe    00000002     rts430.lib : boot.obj (.reset)


GLOBAL SYMBOLS: SORTED ALPHABETICALLY BY Name 

address    name
--------   ----
00000200   .bss
0000c000   .text
0000fde8   A110LR09ArraySizesFCC
0000fc1c   A110LR09ChannelListFCC
0000fd2a   A110LR09ConfigurationChannelsFCC0
0000fd4c   A110LR09ConfigurationChannelsFCC2
0000fd6e   A110LR09ConfigurationChannelsFCC3
0000fd90   A110LR09ConfigurationFCC
0000fcf6   A110LR09PowerListFCC
0000fb3c   A110LR09RegisterSettingsFCC
0000004a   ADC10AE0
000001b0   ADC10CTL0
000001b2   ADC10CTL1
00000048   ADC10DTC0
00000049   ADC10DTC1
0000f77c   ADC10DefaultEventHandler
0000032e   ADC10Event
000001b4   ADC10MEM
000001bc   ADC10SA
00000302   ADCConversionDone
0000f73a   ADCEventHandler
0000d85e   AddNodeToNetwork
0000f04a   AppInformation
00000200   ApplicationState
0000f516   AttributeEnd
00000057   BCSCTL1
00000058   BCSCTL2
00000053   BCSCTL3
0000f368   BlinkLED
0000fdb0   Brackets
0000f7b4   C$$EXIT
00000059   CACTL1
0000005a   CACTL2
000010fb   CALBC1_12MHZ
000010f9   CALBC1_16MHZ
000010ff   CALBC1_1MHZ
000010fd   CALBC1_8MHZ
000010fa   CALDCO_12MHZ
000010f8   CALDCO_16MHZ
000010fe   CALDCO_1MHZ
000010fc   CALDCO_8MHZ
0000005b   CAPD
0000eeae   CC1101Read
0000e1f8   CC1101WakeUp
0000ec46   CC1101Write
0000c816   ChangeConfiguration
0000f0ca   CircularBufferRead
0000ee1a   CircularBufferWrite
0000f6f2   ClearDigitalIOOutputPort
000002e4   CmdIFCommandString
0000ca20   CmdIFProcess
0000ea7c   CmdIFResponse
0000da06   CmdIF_DataDefinitions
0000e004   CmdIF_GetAppStates
0000dd26   CmdIF_GetNodeIDs
0000f5a6   CmdIF_RemoveNode
0000ef84   CmdIF_SetAppState
0000e726   CmdIF_SetCycleUpdateRate
0000f2d8   CmdIF_SetDataValue
0000f5c6   CmdIF_SetPairingMask
0000f53a   CmdIF_SetThisNodeID
0000fc82   CommandDefinitions
0000029c   ConfigSettings
00000330   ConfigTimeout
0000c392   ConfigurationInfo
0000de9a   CreateDataPacket
0000f4a4   CycleTimeoutAction
00000056   DCOCTL
0000fdfe   DataDefCount
0000fdfc   DataDefinitions
0000d496   DataExchange
000002fd   DelayedResult
0000f780   DigitalIOPort1DefaultEventHandler
00000322   DigitalIOPort1Event
0000efc6   DigitalIOPort1InterruptServiceRoutine
0000f784   DigitalIOPort2DefaultEventHandler
00000324   DigitalIOPort2Event
0000f008   DigitalIOPort2InterruptServiceRoutine
0000d77e   ElemAttrUniv
00000128   FCTL1
0000012a   FCTL2
0000012c   FCTL3
00000290   Flags
0000e952   FrameListen
0000d28e   FrameSend
0000e3aa   GetCurrentPhysical
0000cf1e   GetFrame
0000f396   GetParmByte
0000f270   GetParmLong
0000e4bc   GetParmValue
0000f308   GetParmWord
0000e63c   HubWirelessOperation
00000000   IE1
00000001   IE2
00000002   IFG1
00000003   IFG2
0000f44c   I_ASR
0000f474   I_ASR_1
0000f462   I_ASR_10
0000f460   I_ASR_11
0000f45e   I_ASR_12
0000f45c   I_ASR_13
0000f45a   I_ASR_14
0000f458   I_ASR_15
0000f472   I_ASR_2
0000f470   I_ASR_3
0000f46e   I_ASR_4
0000f46c   I_ASR_5
0000f46a   I_ASR_6
0000f468   I_ASR_7
0000f466   I_ASR_8
0000f464   I_ASR_9
0000f478   I_LSL
0000f4a0   I_LSL_1
0000f48e   I_LSL_10
0000f48c   I_LSL_11
0000f48a   I_LSL_12
0000f488   I_LSL_13
0000f486   I_LSL_14
0000f484   I_LSL_15
0000f49e   I_LSL_2
0000f49c   I_LSL_3
0000f49a   I_LSL_4
0000f498   I_LSL_5
0000f496   I_LSL_6
0000f494   I_LSL_7
0000f492   I_LSL_8
0000f490   I_LSL_9
0000edce   I_LSR
0000ee14   I_LSR_1
0000edf0   I_LSR_10
0000edec   I_LSR_11
0000ede8   I_LSR_12
0000ede4   I_LSR_13
0000ede0   I_LSR_14
0000eddc   I_LSR_15
0000ee10   I_LSR_2
0000ee0c   I_LSR_3
0000ee08   I_LSR_4
0000ee04   I_LSR_5
0000ee00   I_LSR_6
0000edfc   I_LSR_7
0000edf8   I_LSR_8
0000edf4   I_LSR_9
000002e6   InCmdSeq
0000c000   InitSystem
0000f76a   InterruptServiceRoutineExtension
0000e798   LEDControl
0000f140   L_ASR_1
0000f11c   L_ASR_10
0000f118   L_ASR_11
0000f114   L_ASR_12
0000f110   L_ASR_13
0000f10c   L_ASR_14
0000f108   L_ASR_15
0000f13c   L_ASR_2
0000f138   L_ASR_3
0000f134   L_ASR_4
0000f130   L_ASR_5
0000f12c   L_ASR_6
0000f128   L_ASR_7
0000f124   L_ASR_8
0000f120   L_ASR_9
0000f74a   L_LSL
0000f17e   L_LSL_1
0000f15a   L_LSL_10
0000f156   L_LSL_11
0000f152   L_LSL_12
0000f14e   L_LSL_13
0000f14a   L_LSL_14
0000f146   L_LSL_15
0000f17a   L_LSL_2
0000f176   L_LSL_3
0000f172   L_LSL_4
0000f16e   L_LSL_5
0000f16a   L_LSL_6
0000f166   L_LSL_7
0000f162   L_LSL_8
0000f15e   L_LSL_9
0000d184   Listen
0000e9b6   MapSensorsFromHW
0000eb3a   ModuleInfo
00001000   MyFlashStorage
0000d074   NetworkValidation
0000e436   NodeAckPayload
0000fcbe   NodeDataDefinitions
0000f3c4   NodeIsInMyNet
00000206   Nodes
0000f788   NonMaskableInterruptDefaultEventHandler
0000fdfa   NonMaskableInterruptEvent
0000f55e   NonMaskableInterruptServiceRoutine
00000022   P1DIR
00000025   P1IE
00000024   P1IES
00000023   P1IFG
00000020   P1IN
00000021   P1OUT
00000027   P1REN
00000026   P1SEL
00000041   P1SEL2
0000002a   P2DIR
0000002d   P2IE
0000002c   P2IES
0000002b   P2IFG
00000028   P2IN
00000029   P2OUT
0000002f   P2REN
0000002e   P2SEL
00000042   P2SEL2
0000001a   P3DIR
00000018   P3IN
00000019   P3OUT
00000010   P3REN
0000001b   P3SEL
00000043   P3SEL2
00000236   Payloads
0000d590   PortEventHandler
0000eb96   PushButton1EventHandler
0000f78c   PushButtonDefaultEventHandler
000002d4   PushButtonEvent
0000f2a6   Query_Current_Status
0000c5e2   RXTXCycle
0000f624   RadioDisableInterrupt
0000f640   RadioEnableInterrupt
00000252   RadioLocal
0000f65c   RadioReadRXBuffer
0000f4ca   RadioReadRegister
0000f3f2   RadioSetInterruptEdge
0000f6b0   RadioWakeUp
0000f5e6   RadioWriteRegister
000002e8   RawCommand
0000e80a   ReceiveOn
0000e878   RemoveNodeFromNetwork
0000dad4   ReportData
0000eadc   ResponseCtrl
0000cdaa   ResponseNumber
0000e6b2   ResponseParameter
0000f184   ResponseResult
0000f704   SWTimer0EventHandler
000002d6   SWTimerEvent
0000e0b4   SendConfigPingSequence
0000e28a   SensorPayload
0000f1c0   SetApplicationState
0000e53c   SetCurrentPhysical
0000ec96   SetCycleTime
0000e5bc   SetDataValue
0000f716   SetDigitalIOOutputPort
0000df52   SetMyNodeID
0000f606   SetPairingMask
0000f790   SoftwareTimerDefaultEventHandler
0000f420   StartTimeoutTimer
00000172   TA0CCR0
00000174   TA0CCR1
00000176   TA0CCR2
00000162   TA0CCTL0
00000164   TA0CCTL1
00000166   TA0CCTL2
00000160   TA0CTL
0000012e   TA0IV
00000170   TA0R
00000192   TA1CCR0
00000194   TA1CCR1
00000196   TA1CCR2
00000182   TA1CCTL0
00000184   TA1CCTL1
00000186   TA1CCTL2
00000180   TA1CTL
0000011e   TA1IV
00000190   TA1R
000010db   TLV_ADC10_1_LEN
000010da   TLV_ADC10_1_TAG
000010c0   TLV_CHECKSUM
000010f7   TLV_DCO_30_LEN
000010f6   TLV_DCO_30_TAG
0000db9a   TagBegin
0000d936   TagEnd
0000f794   Timer0A3CCR0DefaultEventHandler
0000031c   Timer0A3CCR0Event
0000f1fc   Timer0A3CCR0InterruptServiceRoutine
0000f798   Timer0A3CCR1DefaultEventHandler
0000031e   Timer0A3CCR1Event
0000ece6   Timer0A3CCR1InterruptServiceRoutine
0000f79c   Timer1A3CCR0DefaultEventHandler
00000320   Timer1A3CCR0Event
0000f236   Timer1A3CCR0InterruptServiceRoutine
0000f7a0   Timer1A3CCR1DefaultEventHandler
0000fdee   Timer1A3CCR1Event
0000ed34   Timer1A3CCR1InterruptServiceRoutine
0000f338   Timer1CCREventHandler
0000dc60   Timer2CCREventHandler
0000ea1a   UARTRXEventHandler
0000005d   UCA0ABCTL
00000062   UCA0BR0
00000063   UCA0BR1
00000060   UCA0CTL0
00000061   UCA0CTL1
0000005f   UCA0IRRCTL
0000005e   UCA0IRTCTL
00000064   UCA0MCTL
00000066   UCA0RXBUF
00000065   UCA0STAT
00000067   UCA0TXBUF
0000006a   UCB0BR0
0000006b   UCB0BR1
00000068   UCB0CTL0
00000069   UCB0CTL1
0000006c   UCB0I2CIE
00000118   UCB0I2COA
0000011a   UCB0I2CSA
0000006e   UCB0RXBUF
0000006d   UCB0STAT
0000006f   UCB0TXBUF
000002a2   USCIA0Buffer
000002de   USCIA0RXBuffer
000002d8   USCIA0TXBuffer
0000f7a4   USCIAB0RXDefaultEventHandler
00000332   USCIAB0RXEvent
0000f7a8   USCIAB0TXDefaultEventHandler
0000fdf4   USCIAB0TXEvent
0000d688   UpdateSoftwareTimers
00000120   WDTCTL
0000f7ac   WatchdogTimerDefaultEventHandler
0000fdf8   WatchdogTimerEvent
0000f582   WatchdogTimerInterruptServiceRoutine
0000cc0a   WirelessOperation
000003fe   __STACK_END
000000be   __STACK_SIZE
0000f776   __TI_ISR_TRAP
00000001   __TI_args_main
00000001   __TI_auto_init
0000032a   __TI_cleanup_ptr
0000032c   __TI_dtors_ptr
00000001   __TI_exit
0000ffe0   __TI_int00
0000ffe2   __TI_int01
0000ffe4   __TI_int02
0000ffe6   __TI_int03
0000ffe8   __TI_int04
0000ffea   __TI_int05
0000ffec   __TI_int06
0000ffee   __TI_int07
0000fff0   __TI_int08
0000fff2   __TI_int09
0000fff4   __TI_int10
0000fff6   __TI_int11
0000fff8   __TI_int12
0000fffa   __TI_int13
0000fffc   __TI_int14
ffffffff   __binit__
00000200   __bss__
ffffffff   __c_args__
0000fe04   __cinit__
0000f08a   __divli
0000f6c8   __divu
0000ebee   __divul
00000334   __end__
0000f7ba   __etext__
0000ee64   __hal_ADC10InterruptServiceRoutine
0000e31c   __hal_FlashModuleWriteBuffer
0000dde0   __hal_GetRandomIntegerFromADC
0000de08   __hal_GetRandomIntegerFromVLO
0000ed82   __hal_SPIBurstRead
0000ef3e   __hal_SPIBurstWrite
0000f678   __hal_SPIDisableChipSelect
0000f694   __hal_SPIEnableChipSelect
0000e8e6   __hal_USCIAB0RXInterruptServiceRoutine
0000e160   __hal_USCIAB0TXInterruptServiceRoutine
0000f6de   __mpyi
ffffffff   __pinit__
0000f08a   __remli
0000f6c8   __remu
0000ebee   __remul
0000c000   __text__
0000eef6   _auto_init
0000f4f0   _c_int00
0000f4f0   _c_int00_noexit
00000326   _lock
0000f7b8   _nop
0000fffe   _reset_vector
00000340   _stack
0000f7b0   _system_pre_init
00000328   _unlock
0000f7b4   abort
0000fddc   appRadio
ffffffff   binit
000002f8   cFlags
0000fe04   cinit
000002c2   delayTimer
00000334   end
0000f7ba   etext
0000f766   func_epilog_1
0000f764   func_epilog_2
0000f762   func_epilog_3
0000f760   func_epilog_4
0000f75e   func_epilog_5
0000f75c   func_epilog_6
0000f75a   func_epilog_7
00000303   greenLEDStateControl
0000d394   main
0000f728   memcpy
00000202   pairingMask
ffffffff   pinit
00000300   pushButtonAction
000002ca   pushButtonTimer
000002fa   rFlags
0000030c   radio1
0000fdd8   radio1Connection
0000fe02   radio_Count
00000307   redLEDStateControl
0000fdd0   spiBus1
000002ba   swTimer
00000301   swTimerAction
000002fb   tFlags
00000314   userBuffer


GLOBAL SYMBOLS: SORTED BY Symbol Address 

address    name
--------   ----
00000000   IE1
00000001   IE2
00000001   __TI_args_main
00000001   __TI_auto_init
00000001   __TI_exit
00000002   IFG1
00000003   IFG2
00000010   P3REN
00000018   P3IN
00000019   P3OUT
0000001a   P3DIR
0000001b   P3SEL
00000020   P1IN
00000021   P1OUT
00000022   P1DIR
00000023   P1IFG
00000024   P1IES
00000025   P1IE
00000026   P1SEL
00000027   P1REN
00000028   P2IN
00000029   P2OUT
0000002a   P2DIR
0000002b   P2IFG
0000002c   P2IES
0000002d   P2IE
0000002e   P2SEL
0000002f   P2REN
00000041   P1SEL2
00000042   P2SEL2
00000043   P3SEL2
00000048   ADC10DTC0
00000049   ADC10DTC1
0000004a   ADC10AE0
00000053   BCSCTL3
00000056   DCOCTL
00000057   BCSCTL1
00000058   BCSCTL2
00000059   CACTL1
0000005a   CACTL2
0000005b   CAPD
0000005d   UCA0ABCTL
0000005e   UCA0IRTCTL
0000005f   UCA0IRRCTL
00000060   UCA0CTL0
00000061   UCA0CTL1
00000062   UCA0BR0
00000063   UCA0BR1
00000064   UCA0MCTL
00000065   UCA0STAT
00000066   UCA0RXBUF
00000067   UCA0TXBUF
00000068   UCB0CTL0
00000069   UCB0CTL1
0000006a   UCB0BR0
0000006b   UCB0BR1
0000006c   UCB0I2CIE
0000006d   UCB0STAT
0000006e   UCB0RXBUF
0000006f   UCB0TXBUF
000000be   __STACK_SIZE
00000118   UCB0I2COA
0000011a   UCB0I2CSA
0000011e   TA1IV
00000120   WDTCTL
00000128   FCTL1
0000012a   FCTL2
0000012c   FCTL3
0000012e   TA0IV
00000160   TA0CTL
00000162   TA0CCTL0
00000164   TA0CCTL1
00000166   TA0CCTL2
00000170   TA0R
00000172   TA0CCR0
00000174   TA0CCR1
00000176   TA0CCR2
00000180   TA1CTL
00000182   TA1CCTL0
00000184   TA1CCTL1
00000186   TA1CCTL2
00000190   TA1R
00000192   TA1CCR0
00000194   TA1CCR1
00000196   TA1CCR2
000001b0   ADC10CTL0
000001b2   ADC10CTL1
000001b4   ADC10MEM
000001bc   ADC10SA
00000200   .bss
00000200   ApplicationState
00000200   __bss__
00000202   pairingMask
00000206   Nodes
00000236   Payloads
00000252   RadioLocal
00000290   Flags
0000029c   ConfigSettings
000002a2   USCIA0Buffer
000002ba   swTimer
000002c2   delayTimer
000002ca   pushButtonTimer
000002d4   PushButtonEvent
000002d6   SWTimerEvent
000002d8   USCIA0TXBuffer
000002de   USCIA0RXBuffer
000002e4   CmdIFCommandString
000002e6   InCmdSeq
000002e8   RawCommand
000002f8   cFlags
000002fa   rFlags
000002fb   tFlags
000002fd   DelayedResult
00000300   pushButtonAction
00000301   swTimerAction
00000302   ADCConversionDone
00000303   greenLEDStateControl
00000307   redLEDStateControl
0000030c   radio1
00000314   userBuffer
0000031c   Timer0A3CCR0Event
0000031e   Timer0A3CCR1Event
00000320   Timer1A3CCR0Event
00000322   DigitalIOPort1Event
00000324   DigitalIOPort2Event
00000326   _lock
00000328   _unlock
0000032a   __TI_cleanup_ptr
0000032c   __TI_dtors_ptr
0000032e   ADC10Event
00000330   ConfigTimeout
00000332   USCIAB0RXEvent
00000334   __end__
00000334   end
00000340   _stack
000003fe   __STACK_END
00001000   MyFlashStorage
000010c0   TLV_CHECKSUM
000010da   TLV_ADC10_1_TAG
000010db   TLV_ADC10_1_LEN
000010f6   TLV_DCO_30_TAG
000010f7   TLV_DCO_30_LEN
000010f8   CALDCO_16MHZ
000010f9   CALBC1_16MHZ
000010fa   CALDCO_12MHZ
000010fb   CALBC1_12MHZ
000010fc   CALDCO_8MHZ
000010fd   CALBC1_8MHZ
000010fe   CALDCO_1MHZ
000010ff   CALBC1_1MHZ
0000c000   .text
0000c000   InitSystem
0000c000   __text__
0000c392   ConfigurationInfo
0000c5e2   RXTXCycle
0000c816   ChangeConfiguration
0000ca20   CmdIFProcess
0000cc0a   WirelessOperation
0000cdaa   ResponseNumber
0000cf1e   GetFrame
0000d074   NetworkValidation
0000d184   Listen
0000d28e   FrameSend
0000d394   main
0000d496   DataExchange
0000d590   PortEventHandler
0000d688   UpdateSoftwareTimers
0000d77e   ElemAttrUniv
0000d85e   AddNodeToNetwork
0000d936   TagEnd
0000da06   CmdIF_DataDefinitions
0000dad4   ReportData
0000db9a   TagBegin
0000dc60   Timer2CCREventHandler
0000dd26   CmdIF_GetNodeIDs
0000dde0   __hal_GetRandomIntegerFromADC
0000de08   __hal_GetRandomIntegerFromVLO
0000de9a   CreateDataPacket
0000df52   SetMyNodeID
0000e004   CmdIF_GetAppStates
0000e0b4   SendConfigPingSequence
0000e160   __hal_USCIAB0TXInterruptServiceRoutine
0000e1f8   CC1101WakeUp
0000e28a   SensorPayload
0000e31c   __hal_FlashModuleWriteBuffer
0000e3aa   GetCurrentPhysical
0000e436   NodeAckPayload
0000e4bc   GetParmValue
0000e53c   SetCurrentPhysical
0000e5bc   SetDataValue
0000e63c   HubWirelessOperation
0000e6b2   ResponseParameter
0000e726   CmdIF_SetCycleUpdateRate
0000e798   LEDControl
0000e80a   ReceiveOn
0000e878   RemoveNodeFromNetwork
0000e8e6   __hal_USCIAB0RXInterruptServiceRoutine
0000e952   FrameListen
0000e9b6   MapSensorsFromHW
0000ea1a   UARTRXEventHandler
0000ea7c   CmdIFResponse
0000eadc   ResponseCtrl
0000eb3a   ModuleInfo
0000eb96   PushButton1EventHandler
0000ebee   __divul
0000ebee   __remul
0000ec46   CC1101Write
0000ec96   SetCycleTime
0000ece6   Timer0A3CCR1InterruptServiceRoutine
0000ed34   Timer1A3CCR1InterruptServiceRoutine
0000ed82   __hal_SPIBurstRead
0000edce   I_LSR
0000eddc   I_LSR_15
0000ede0   I_LSR_14
0000ede4   I_LSR_13
0000ede8   I_LSR_12
0000edec   I_LSR_11
0000edf0   I_LSR_10
0000edf4   I_LSR_9
0000edf8   I_LSR_8
0000edfc   I_LSR_7
0000ee00   I_LSR_6
0000ee04   I_LSR_5
0000ee08   I_LSR_4
0000ee0c   I_LSR_3
0000ee10   I_LSR_2
0000ee14   I_LSR_1
0000ee1a   CircularBufferWrite
0000ee64   __hal_ADC10InterruptServiceRoutine
0000eeae   CC1101Read
0000eef6   _auto_init
0000ef3e   __hal_SPIBurstWrite
0000ef84   CmdIF_SetAppState
0000efc6   DigitalIOPort1InterruptServiceRoutine
0000f008   DigitalIOPort2InterruptServiceRoutine
0000f04a   AppInformation
0000f08a   __divli
0000f08a   __remli
0000f0ca   CircularBufferRead
0000f108   L_ASR_15
0000f10c   L_ASR_14
0000f110   L_ASR_13
0000f114   L_ASR_12
0000f118   L_ASR_11
0000f11c   L_ASR_10
0000f120   L_ASR_9
0000f124   L_ASR_8
0000f128   L_ASR_7
0000f12c   L_ASR_6
0000f130   L_ASR_5
0000f134   L_ASR_4
0000f138   L_ASR_3
0000f13c   L_ASR_2
0000f140   L_ASR_1
0000f146   L_LSL_15
0000f14a   L_LSL_14
0000f14e   L_LSL_13
0000f152   L_LSL_12
0000f156   L_LSL_11
0000f15a   L_LSL_10
0000f15e   L_LSL_9
0000f162   L_LSL_8
0000f166   L_LSL_7
0000f16a   L_LSL_6
0000f16e   L_LSL_5
0000f172   L_LSL_4
0000f176   L_LSL_3
0000f17a   L_LSL_2
0000f17e   L_LSL_1
0000f184   ResponseResult
0000f1c0   SetApplicationState
0000f1fc   Timer0A3CCR0InterruptServiceRoutine
0000f236   Timer1A3CCR0InterruptServiceRoutine
0000f270   GetParmLong
0000f2a6   Query_Current_Status
0000f2d8   CmdIF_SetDataValue
0000f308   GetParmWord
0000f338   Timer1CCREventHandler
0000f368   BlinkLED
0000f396   GetParmByte
0000f3c4   NodeIsInMyNet
0000f3f2   RadioSetInterruptEdge
0000f420   StartTimeoutTimer
0000f44c   I_ASR
0000f458   I_ASR_15
0000f45a   I_ASR_14
0000f45c   I_ASR_13
0000f45e   I_ASR_12
0000f460   I_ASR_11
0000f462   I_ASR_10
0000f464   I_ASR_9
0000f466   I_ASR_8
0000f468   I_ASR_7
0000f46a   I_ASR_6
0000f46c   I_ASR_5
0000f46e   I_ASR_4
0000f470   I_ASR_3
0000f472   I_ASR_2
0000f474   I_ASR_1
0000f478   I_LSL
0000f484   I_LSL_15
0000f486   I_LSL_14
0000f488   I_LSL_13
0000f48a   I_LSL_12
0000f48c   I_LSL_11
0000f48e   I_LSL_10
0000f490   I_LSL_9
0000f492   I_LSL_8
0000f494   I_LSL_7
0000f496   I_LSL_6
0000f498   I_LSL_5
0000f49a   I_LSL_4
0000f49c   I_LSL_3
0000f49e   I_LSL_2
0000f4a0   I_LSL_1
0000f4a4   CycleTimeoutAction
0000f4ca   RadioReadRegister
0000f4f0   _c_int00
0000f4f0   _c_int00_noexit
0000f516   AttributeEnd
0000f53a   CmdIF_SetThisNodeID
0000f55e   NonMaskableInterruptServiceRoutine
0000f582   WatchdogTimerInterruptServiceRoutine
0000f5a6   CmdIF_RemoveNode
0000f5c6   CmdIF_SetPairingMask
0000f5e6   RadioWriteRegister
0000f606   SetPairingMask
0000f624   RadioDisableInterrupt
0000f640   RadioEnableInterrupt
0000f65c   RadioReadRXBuffer
0000f678   __hal_SPIDisableChipSelect
0000f694   __hal_SPIEnableChipSelect
0000f6b0   RadioWakeUp
0000f6c8   __divu
0000f6c8   __remu
0000f6de   __mpyi
0000f6f2   ClearDigitalIOOutputPort
0000f704   SWTimer0EventHandler
0000f716   SetDigitalIOOutputPort
0000f728   memcpy
0000f73a   ADCEventHandler
0000f74a   L_LSL
0000f75a   func_epilog_7
0000f75c   func_epilog_6
0000f75e   func_epilog_5
0000f760   func_epilog_4
0000f762   func_epilog_3
0000f764   func_epilog_2
0000f766   func_epilog_1
0000f76a   InterruptServiceRoutineExtension
0000f776   __TI_ISR_TRAP
0000f77c   ADC10DefaultEventHandler
0000f780   DigitalIOPort1DefaultEventHandler
0000f784   DigitalIOPort2DefaultEventHandler
0000f788   NonMaskableInterruptDefaultEventHandler
0000f78c   PushButtonDefaultEventHandler
0000f790   SoftwareTimerDefaultEventHandler
0000f794   Timer0A3CCR0DefaultEventHandler
0000f798   Timer0A3CCR1DefaultEventHandler
0000f79c   Timer1A3CCR0DefaultEventHandler
0000f7a0   Timer1A3CCR1DefaultEventHandler
0000f7a4   USCIAB0RXDefaultEventHandler
0000f7a8   USCIAB0TXDefaultEventHandler
0000f7ac   WatchdogTimerDefaultEventHandler
0000f7b0   _system_pre_init
0000f7b4   C$$EXIT
0000f7b4   abort
0000f7b8   _nop
0000f7ba   __etext__
0000f7ba   etext
0000fb3c   A110LR09RegisterSettingsFCC
0000fc1c   A110LR09ChannelListFCC
0000fc82   CommandDefinitions
0000fcbe   NodeDataDefinitions
0000fcf6   A110LR09PowerListFCC
0000fd2a   A110LR09ConfigurationChannelsFCC0
0000fd4c   A110LR09ConfigurationChannelsFCC2
0000fd6e   A110LR09ConfigurationChannelsFCC3
0000fd90   A110LR09ConfigurationFCC
0000fdb0   Brackets
0000fdd0   spiBus1
0000fdd8   radio1Connection
0000fddc   appRadio
0000fde8   A110LR09ArraySizesFCC
0000fdee   Timer1A3CCR1Event
0000fdf4   USCIAB0TXEvent
0000fdf8   WatchdogTimerEvent
0000fdfa   NonMaskableInterruptEvent
0000fdfc   DataDefinitions
0000fdfe   DataDefCount
0000fe02   radio_Count
0000fe04   __cinit__
0000fe04   cinit
0000ffe0   __TI_int00
0000ffe2   __TI_int01
0000ffe4   __TI_int02
0000ffe6   __TI_int03
0000ffe8   __TI_int04
0000ffea   __TI_int05
0000ffec   __TI_int06
0000ffee   __TI_int07
0000fff0   __TI_int08
0000fff2   __TI_int09
0000fff4   __TI_int10
0000fff6   __TI_int11
0000fff8   __TI_int12
0000fffa   __TI_int13
0000fffc   __TI_int14
0000fffe   _reset_vector
ffffffff   __binit__
ffffffff   __c_args__
ffffffff   __pinit__
ffffffff   binit
ffffffff   pinit

[414 symbols]
