******************************************************************************
                  MSP430 Linker PC v4.4.2                      
******************************************************************************
>> Linked Fri Dec 26 00:30:04 2014

OUTPUT FILE NAME:   <MSP-EXP430G2_SimpliciTI_Anaren.out>
ENTRY POINT SYMBOL: "_c_int00_noargs_noexit"  address: 0000dc68


MEMORY CONFIGURATION

         name            origin    length      used     unused   attr    fill
----------------------  --------  ---------  --------  --------  ----  --------
  SFR                   00000000   00000010  00000000  00000010  RWIX
  PERIPHERALS_8BIT      00000010   000000f0  00000000  000000f0  RWIX
  PERIPHERALS_16BIT     00000100   00000100  00000000  00000100  RWIX
  RAM                   00000200   00000200  0000012d  000000d3  RWIX
  INFOD                 00001000   00000040  00000000  00000040  RWIX
  INFOC                 00001040   00000040  00000000  00000040  RWIX
  INFOB                 00001080   00000040  00000000  00000040  RWIX
  INFOA                 000010c0   00000040  00000000  00000040  RWIX
  FLASH                 0000c000   00003fe0  00001f2f  000020b1  RWIX
  INT00                 0000ffe0   00000002  00000002  00000000  RWIX
  INT01                 0000ffe2   00000002  00000000  00000002  RWIX
  INT02                 0000ffe4   00000002  00000002  00000000  RWIX
  INT03                 0000ffe6   00000002  00000002  00000000  RWIX
  INT04                 0000ffe8   00000002  00000000  00000002  RWIX
  INT05                 0000ffea   00000002  00000002  00000000  RWIX
  INT06                 0000ffec   00000002  00000002  00000000  RWIX
  INT07                 0000ffee   00000002  00000002  00000000  RWIX
  INT08                 0000fff0   00000002  00000002  00000000  RWIX
  INT09                 0000fff2   00000002  00000002  00000000  RWIX
  INT10                 0000fff4   00000002  00000002  00000000  RWIX
  INT11                 0000fff6   00000002  00000002  00000000  RWIX
  INT12                 0000fff8   00000002  00000002  00000000  RWIX
  INT13                 0000fffa   00000002  00000002  00000000  RWIX
  INT14                 0000fffc   00000002  00000002  00000000  RWIX
  RESET                 0000fffe   00000002  00000002  00000000  RWIX


SECTION ALLOCATION MAP

 output                                  attributes/
section   page    origin      length       input sections
--------  ----  ----------  ----------   ----------------
.bss       0    00000200    0000008a     UNINITIALIZED
                  00000200    00000034     (.common:sInFrameQ)
                  00000234    00000034     (.common:sOutFrameQ)
                  00000268    00000018     (.common:mrfiIncomingPacket)
                  00000280    00000004     (.common:sAPAddress)
                  00000284    00000004     (.common:sMyRAMAddress)
                  00000288    00000002     (.common:sServiceLinkID)

.data      0    0000028a    00000053     UNINITIALIZED
                  0000028a    00000026     nwk.obj (.data)
                  000002b0    00000009     mrfi.obj (.data)
                  000002b9    00000001     bsp.obj (.data)
                  000002ba    00000008     nwk_frame.obj (.data)
                  000002c2    00000007     nwk_join.obj (.data)
                  000002c9    00000001     nwk_api.obj (.data)
                  000002ca    00000007     nwk_link.obj (.data)
                  000002d1    00000001     nwk_globals.obj (.data)
                  000002d2    00000004     mrfi.obj (.data:mrfiRxFilterAddr)
                  000002d6    00000003     main.obj (.data)
                  000002d9    00000001     nwk_ping.obj (.data)
                  000002da    00000003     nwk_mgmt.obj (.data)

.TI.persistent 
*          0    0000028a    00000000     UNINITIALIZED

.stack     0    000003b0    00000050     UNINITIALIZED
                  000003b0    00000002     rts430_eabi.lib : boot.obj (.stack)
                  000003b2    0000004e     --HOLE--

.text      0    0000c000    00001eb0     
                  0000c000    000001d0     mrfi.obj (.text:MRFI_Init)
                  0000c1d0    00000198     nwk_link.obj (.text:smpl_send_link_reply)
                  0000c368    00000158     nwk_link.obj (.text:nwk_link)
                  0000c4c0    0000012a     nwk_QMgmt.obj (.text:nwk_QfindOldest)
                  0000c5ea    00000102     mrfi.obj (.text:MRFI_Transmit)
                  0000c6ec    000000fa     nwk_join.obj (.text:nwk_join)
                  0000c7e6    000000d8     mrfi.obj (.text:Mrfi_SyncPinRxIsr)
                  0000c8be    000000d8     nwk.obj (.text:nwk_allocateLocalRxPort)
                  0000c996    000000b2     nwk_frame.obj (.text:dispatchFrame)
                  0000ca48    000000b2     nwk_frame.obj (.text:nwk_retrieveFrame)
                  0000cafa    000000b0     nwk_api.obj (.text:SMPL_Ioctl)
                  0000cbaa    0000009e     nwk_frame.obj (.text:nwk_buildFrame)
                  0000cc48    00000092     main.obj (.text:linkTo)
                  0000ccda    0000008c     mrfi.obj (.text:spiBurstFifoAccess)
                  0000cd66    00000086     nwk.obj (.text:nwk_nwkInit)
                  0000cdec    00000082     nwk_QMgmt.obj (.text:nwk_QfindSlot)
                  0000ce6e    0000007e     nwk_api.obj (.text:SMPL_SendOpt)
                  0000ceec    00000078     nwk_ioctl.obj (.text:nwk_radioControl)
                  0000cf64    00000068     nwk.obj (.text:nwk_isConnectionValid)
                  0000cfcc    00000064     rts430_eabi.lib : copy_decompress_rle.obj (.text:__TI_decompress_rle_core)
                  0000d030    00000058                     : autoinit.obj (.text:_auto_init)
                  0000d088    00000058                     : div32u.obj (.text)
                  0000d0e0    00000058     main.obj (.text:sRxCallback)
                  0000d138    00000054     nwk_ioctl.obj (.text:nwk_rawSend)
                  0000d18c    00000050     nwk.obj (.text:nwk_getNextConnection)
                  0000d1dc    0000004e     mrfi.obj (.text:mrfiSpiCmdStrobe)
                  0000d22a    0000004c     nwk_api.obj (.text:SMPL_Receive)
                  0000d276    0000004c     rts430_eabi.lib : lsr16.obj (.text)
                  0000d2c2    00000048     mrfi.obj (.text:spiRegAccess)
                  0000d30a    00000046     mrfi.obj (.text:MRFI_RxAddrIsFiltered)
                  0000d350    00000046     nwk.obj (.text:nwk_isLinkDuplicate)
                  0000d396    00000046     nwk_ping.obj (.text:smpl_send_ping_reply)
                  0000d3dc    00000044     mrfi.obj (.text:MRFI_Rssi)
                  0000d420    00000042     mrfi.obj (.text:mrfiSpiInit)
                  0000d462    0000003e     nwk.obj (.text:initializeConnection)
                  0000d4a0    0000003c     mrfi.obj (.text:MRFI_ReplyDelay)
                  0000d4dc    0000003c     nwk.obj (.text:nwk_putNumObjectIntoMsg)
                  0000d518    0000003a     nwk.obj (.text:nwk_isValidReply)
                  0000d552    0000003a     nwk_mgmt.obj (.text:nwk_processMgmt)
                  0000d58c    00000036     mrfi.obj (.text:MRFI_WakeUp)
                  0000d5c2    00000034     mrfi.obj (.text:MRFI_SetRFPwr)
                  0000d5f6    00000034     mrfi.obj (.text:MRFI_SetRxAddrFilter)
                  0000d62a    00000034     nwk_api.obj (.text:SMPL_Init)
                  0000d65e    00000034     nwk_ioctl.obj (.text:nwk_deviceAddress)
                  0000d692    00000032     mrfi.obj (.text:MRFI_SetLogicalChannel)
                  0000d6c4    00000032     main.obj (.text:main)
                  0000d6f6    00000032     nwk_QMgmt.obj (.text:nwk_QadjustOrder)
                  0000d728    00000032     nwk.obj (.text:nwk_getConnInfo)
                  0000d75a    00000032     nwk_link.obj (.text:nwk_linkInit)
                  0000d78c    00000030     mrfi.obj (.text:Mrfi_DelayUsecSem)
                  0000d7bc    00000030     nwk.obj (.text:map_lid2idx)
                  0000d7ec    00000030     nwk_ioctl.obj (.text:nwk_rawReceive)
                  0000d81c    00000030     nwk_frame.obj (.text:nwk_sendFrame)
                  0000d84c    0000002e     mrfi.obj (.text:Mrfi_CalculateRssi)
                  0000d87a    0000002c     mrfi.obj (.text:Mrfi_RxModeOff)
                  0000d8a6    0000002c     rts430_eabi.lib : div16s.obj (.text)
                  0000d8d2    0000002a     mrfi.obj (.text:Mrfi_DelayUsec)
                  0000d8fc    0000002a     nwk.obj (.text:nwk_checkConnInfo)
                  0000d926    00000028     nwk_ping.obj (.text:nwk_processPing)
                  0000d94e    00000026     mrfi.obj (.text:Mrfi_RandomBackoffDelay)
                  0000d974    00000026     nwk_ioctl.obj (.text:nwk_connectionControl)
                  0000d99a    00000026     nwk_globals.obj (.text:nwk_globalsInit)
                  0000d9c0    00000026     nwk_join.obj (.text:nwk_joinInit)
                  0000d9e6    00000026     nwk_link.obj (.text:nwk_processLink)
                  0000da0c    00000026     rts430_eabi.lib : mult32.obj (.text)
                  0000da32    00000024     mrfi.obj (.text:MRFI_Sleep)
                  0000da56    00000022     mrfi.obj (.text:MRFI_EnableRxAddrFilter)
                  0000da78    00000022     mrfi.obj (.text:MRFI_RxOn)
                  0000da9a    00000022     rts430_eabi.lib : memcmp.obj (.text:memcmp)
                  0000dabc    00000020     bsp.obj (.text:BSP_Init)
                  0000dadc    00000020     bsp.obj (.text:BSP_InitBoard)
                  0000dafc    00000020     nwk_frame.obj (.text:MRFI_RxCompleteISR)
                  0000db1c    00000020     mrfi.obj (.text:MRFI_RxIdle)
                  0000db3c    00000020     nwk_link.obj (.text:handleLinkRequest)
                  0000db5c    00000020     rts430_eabi.lib : memmov.obj (.text:memmove)
                  0000db7c    00000020     nwk_frame.obj (.text:nwk_frameInit)
                  0000db9c    00000020     nwk_join.obj (.text:nwk_processJoin)
                  0000dbbc    0000001e     bsp.obj (.text:BSP_Delay)
                  0000dbda    0000001e     mrfi.obj (.text:mrfiSpiReadReg)
                  0000dbf8    0000001e     nwk_QMgmt.obj (.text:nwk_QInit)
                  0000dc16    0000001c     mrfi.obj (.text:MRFI_GpioIsr)
                  0000dc32    0000001c     nwk_globals.obj (.text:nwk_setMyAddress)
                  0000dc4e    0000001a     mrfi.obj (.text:BSP_GpioPort1Isr)
                  0000dc68    0000001a     rts430_eabi.lib : boot_special.obj (.text:_c_int00_noargs_noexit)
                  0000dc82    0000001a     mrfi.obj (.text:mrfiSpiWriteReg)
                  0000dc9c    00000018     mrfi.obj (.text:MRFI_DelayMs)
                  0000dcb4    00000016     bsp.obj (.text:BSP_InitLeds)
                  0000dcca    00000016     mrfi.obj (.text:MRFI_RandomByte)
                  0000dce0    00000016     mrfi.obj (.text:Mrfi_RxModeOn)
                  0000dcf6    00000016     rts430_eabi.lib : div16u.obj (.text)
                  0000dd0c    00000016     main.obj (.text:toggleLED)
                  0000dd22    00000014     rts430_eabi.lib : copy_zero_init.obj (.text:decompress:ZI:__TI_zero_init)
                  0000dd36    00000014     nwk_api.obj (.text:ioctlPreInitAccessIsOK)
                  0000dd4a    00000014     rts430_eabi.lib : memset.obj (.text:memset)
                  0000dd5e    00000014                     : mult16.obj (.text)
                  0000dd72    00000012                     : copy_decompress_none.obj (.text:decompress:none:__TI_decompress_none)
                  0000dd84    00000012                     : memcpy.obj (.text:memcpy)
                  0000dd96    00000012     nwk_globals.obj (.text:nwk_getMyAddress)
                  0000dda8    00000012     nwk_link.obj (.text:nwk_setLinkToken)
                  0000ddba    00000010     rts430_eabi.lib : asr32.obj (.text:l_asr)
                  0000ddca    00000010                     : epilog.obj (.text)
                  0000ddda    0000000e     mrfi.obj (.text:MRFI_Receive)
                  0000dde8    0000000e     mrfi.obj (.text:mrfiSpiWriteTxFifo)
                  0000ddf6    0000000e     nwk.obj (.text:nwk_getNumObjectFromMsg)
                  0000de04    0000000e     nwk_globals.obj (.text:nwk_setAPAddress)
                  0000de12    0000000c     mrfi.obj (.text:MRFI_PostKillSem)
                  0000de1e    0000000c     nwk_ping.obj (.text:handlePingRequest)
                  0000de2a    0000000c     mrfi.obj (.text:mrfiSpiReadRxFifo)
                  0000de36    0000000a     bsp.obj (.text:BSP_InitButtons)
                  0000de40    0000000a     bsp.obj (.text:BSP_InitDrivers)
                  0000de4a    0000000a     bsp.obj (.text:_system_pre_init)
                  0000de54    0000000a     nwk_mgmt.obj (.text:nwk_mgmtInit)
                  0000de5e    0000000a     nwk_ping.obj (.text:nwk_pingInit)
                  0000de68    00000008     nwk_api.obj (.text:SMPL_Send)
                  0000de70    00000006     mrfi.obj (.text:MRFI_GetRadioState)
                  0000de76    00000006     rts430_eabi.lib : isr_trap.obj (.text:_isr:__TI_ISR_TRAP)
                  0000de7c    00000006                     : copy_decompress_rle.obj (.text:decompress:rle24:__TI_decompress_rle24)
                  0000de82    00000006     nwk.obj (.text:nwk_freeConnection)
                  0000de88    00000006     nwk_globals.obj (.text:nwk_getBCastAddress)
                  0000de8e    00000006     nwk_globals.obj (.text:nwk_getFWVersion)
                  0000de94    00000006     nwk_frame.obj (.text:nwk_getMyRxType)
                  0000de9a    00000006     nwk_globals.obj (.text:nwk_getProtocolVersion)
                  0000dea0    00000004     rts430_eabi.lib : exit.obj (.text:abort)
                  0000dea4    00000004     nwk_freq.obj (.text:nwk_processFreq)
                  0000dea8    00000004     nwk_security.obj (.text:nwk_processSecurity)
                  0000deac    00000002     nwk_freq.obj (.text:nwk_freqInit)
                  0000deae    00000002     nwk_security.obj (.text:nwk_securityInit)

.const     0    0000deb0    0000005f     
                  0000deb0    0000003e     mrfi.obj (.const:mrfiRadioCfg)
                  0000deee    0000000c     nwk_frame.obj (.const:func)
                  0000defa    00000009     nwk_globals.obj (.const)
                  0000df03    00000001     --HOLE-- [fill = 0]
                  0000df04    00000004     mrfi.obj (.const:.string:mrfiBroadcastAddr)
                  0000df08    00000004     mrfi.obj (.const:.string:mrfiLogicalChanTable)
                  0000df0c    00000003     mrfi.obj (.const:.string:mrfiRFPowerTable)

.cinit     0    0000df10    00000020     
                  0000df10    0000000e     (.cinit..data.load) [load image, compression = rle]
                  0000df1e    00000006     (__TI_handler_table)
                  0000df24    00000004     (.cinit..bss.load) [load image, compression = zero_init]
                  0000df28    00000008     (__TI_cinit_table)

.init_array 
*          0    0000c000    00000000     UNINITIALIZED

TRAPINT    0    0000ffe0    00000002     
                  0000ffe0    00000002     rts430_eabi.lib : int00.obj (.int00)

PORT1      0    0000ffe4    00000002     
                  0000ffe4    00000002     rts430_eabi.lib : int02.obj (.int02)

PORT2      0    0000ffe6    00000002     
                  0000ffe6    00000002     mrfi.obj (.int03)

ADC10      0    0000ffea    00000002     
                  0000ffea    00000002     rts430_eabi.lib : int05.obj (.int05)

USCIAB0TX 
*          0    0000ffec    00000002     
                  0000ffec    00000002     rts430_eabi.lib : int06.obj (.int06)

USCIAB0RX 
*          0    0000ffee    00000002     
                  0000ffee    00000002     rts430_eabi.lib : int07.obj (.int07)

TIMER0_A1 
*          0    0000fff0    00000002     
                  0000fff0    00000002     rts430_eabi.lib : int08.obj (.int08)

TIMER0_A0 
*          0    0000fff2    00000002     
                  0000fff2    00000002     rts430_eabi.lib : int09.obj (.int09)

WDT        0    0000fff4    00000002     
                  0000fff4    00000002     rts430_eabi.lib : int10.obj (.int10)

COMPARATORA 
*          0    0000fff6    00000002     
                  0000fff6    00000002     rts430_eabi.lib : int11.obj (.int11)

TIMER1_A1 
*          0    0000fff8    00000002     
                  0000fff8    00000002     rts430_eabi.lib : int12.obj (.int12)

TIMER1_A0 
*          0    0000fffa    00000002     
                  0000fffa    00000002     rts430_eabi.lib : int13.obj (.int13)

NMI        0    0000fffc    00000002     
                  0000fffc    00000002     rts430_eabi.lib : int14.obj (.int14)

.reset     0    0000fffe    00000002     
                  0000fffe    00000002     rts430_eabi.lib : boot.obj (.reset)


LINKER GENERATED COPY TABLES

__TI_cinit_table @ 0000df28 records: 2, size/record: 4, table size: 8
	.data: load addr=0000df10, load size=0000000e bytes, run addr=0000028a, run size=00000053 bytes, compression=rle
	.bss: load addr=0000df24, load size=00000004 bytes, run addr=00000200, run size=0000008a bytes, compression=zero_init


LINKER GENERATED HANDLER TABLE

__TI_handler_table @ 0000df1e records: 3, size/record: 2, table size: 6
	index: 0, handler: __TI_zero_init
	index: 1, handler: __TI_decompress_rle24
	index: 2, handler: __TI_decompress_none


GLOBAL SYMBOLS: SORTED ALPHABETICALLY BY Name 

address   name                    
-------   ----                    
0000004a  ADC10AE0                
000001b0  ADC10CTL0               
000001b2  ADC10CTL1               
00000048  ADC10DTC0               
00000049  ADC10DTC1               
000001b4  ADC10MEM                
000001bc  ADC10SA                 
00000057  BCSCTL1                 
00000058  BCSCTL2                 
00000053  BCSCTL3                 
0000dbbc  BSP_Delay               
0000dc4e  BSP_GpioPort1Isr        
0000dabc  BSP_Init                
0000dadc  BSP_InitBoard           
0000de36  BSP_InitButtons         
0000de40  BSP_InitDrivers         
0000dcb4  BSP_InitLeds            
0000dea0  C$$EXIT                 
00000059  CACTL1                  
0000005a  CACTL2                  
000010fb  CALBC1_12MHZ            
000010f9  CALBC1_16MHZ            
000010ff  CALBC1_1MHZ             
000010fd  CALBC1_8MHZ             
000010fa  CALDCO_12MHZ            
000010f8  CALDCO_16MHZ            
000010fe  CALDCO_1MHZ             
000010fc  CALDCO_8MHZ             
0000005b  CAPD                    
00000056  DCOCTL                  
00000128  FCTL1                   
0000012a  FCTL2                   
0000012c  FCTL3                   
00000000  IE1                     
00000001  IE2                     
00000002  IFG1                    
00000003  IFG2                    
0000dc9c  MRFI_DelayMs            
0000da56  MRFI_EnableRxAddrFilter 
0000de70  MRFI_GetRadioState      
0000dc16  MRFI_GpioIsr            
0000c000  MRFI_Init               
0000de12  MRFI_PostKillSem        
0000dcca  MRFI_RandomByte         
0000ddda  MRFI_Receive            
0000d4a0  MRFI_ReplyDelay         
0000d3dc  MRFI_Rssi               
0000d30a  MRFI_RxAddrIsFiltered   
0000dafc  MRFI_RxCompleteISR      
0000db1c  MRFI_RxIdle             
0000da78  MRFI_RxOn               
0000d692  MRFI_SetLogicalChannel  
0000d5c2  MRFI_SetRFPwr           
0000d5f6  MRFI_SetRxAddrFilter    
0000da32  MRFI_Sleep              
0000c5ea  MRFI_Transmit           
0000d58c  MRFI_WakeUp             
00000022  P1DIR                   
00000025  P1IE                    
00000024  P1IES                   
00000023  P1IFG                   
00000020  P1IN                    
00000021  P1OUT                   
00000027  P1REN                   
00000026  P1SEL                   
00000041  P1SEL2                  
0000002a  P2DIR                   
0000002d  P2IE                    
0000002c  P2IES                   
0000002b  P2IFG                   
00000028  P2IN                    
00000029  P2OUT                   
0000002f  P2REN                   
0000002e  P2SEL                   
00000042  P2SEL2                  
0000001a  P3DIR                   
00000018  P3IN                    
00000019  P3OUT                   
00000010  P3REN                   
0000001b  P3SEL                   
00000043  P3SEL2                  
0000d62a  SMPL_Init               
0000cafa  SMPL_Ioctl              
0000c368  SMPL_Link               
0000d22a  SMPL_Receive            
0000de68  SMPL_Send               
0000ce6e  SMPL_SendOpt            
00000172  TA0CCR0                 
00000174  TA0CCR1                 
00000176  TA0CCR2                 
00000162  TA0CCTL0                
00000164  TA0CCTL1                
00000166  TA0CCTL2                
00000160  TA0CTL                  
0000012e  TA0IV                   
00000170  TA0R                    
00000192  TA1CCR0                 
00000194  TA1CCR1                 
00000196  TA1CCR2                 
00000182  TA1CCTL0                
00000184  TA1CCTL1                
00000186  TA1CCTL2                
00000180  TA1CTL                  
0000011e  TA1IV                   
00000190  TA1R                    
000010db  TLV_ADC10_1_LEN         
000010da  TLV_ADC10_1_TAG         
000010c0  TLV_CHECKSUM            
000010f7  TLV_DCO_30_LEN          
000010f6  TLV_DCO_30_TAG          
0000005d  UCA0ABCTL               
00000062  UCA0BR0                 
00000063  UCA0BR1                 
00000060  UCA0CTL0                
00000061  UCA0CTL1                
0000005f  UCA0IRRCTL              
0000005e  UCA0IRTCTL              
00000064  UCA0MCTL                
00000066  UCA0RXBUF               
00000065  UCA0STAT                
00000067  UCA0TXBUF               
0000006a  UCB0BR0                 
0000006b  UCB0BR1                 
00000068  UCB0CTL0                
00000069  UCB0CTL1                
0000006c  UCB0I2CIE               
00000118  UCB0I2COA               
0000011a  UCB0I2CSA               
0000006e  UCB0RXBUF               
0000006d  UCB0STAT                
0000006f  UCB0TXBUF               
00000120  WDTCTL                  
00000400  __STACK_END             
00000050  __STACK_SIZE            
0000df28  __TI_CINIT_Base         
0000df30  __TI_CINIT_Limit        
0000df1e  __TI_Handler_Table_Base 
0000df24  __TI_Handler_Table_Limit
UNDEFED   __TI_INITARRAY_Base     
UNDEFED   __TI_INITARRAY_Limit    
0000de76  __TI_ISR_TRAP           
0000dd72  __TI_decompress_none    
0000de7c  __TI_decompress_rle24   
0000ffe0  __TI_int00              
0000ffe4  __TI_int02              
0000ffe6  __TI_int03              
0000ffea  __TI_int05              
0000ffec  __TI_int06              
0000ffee  __TI_int07              
0000fff0  __TI_int08              
0000fff2  __TI_int09              
0000fff4  __TI_int10              
0000fff6  __TI_int11              
0000fff8  __TI_int12              
0000fffa  __TI_int13              
0000fffc  __TI_int14              
0000dd22  __TI_zero_init          
ffffffff  __binit__               
ffffffff  __c_args__              
0000d8a6  __mspabi_divi           
0000dcf6  __mspabi_divu           
0000d088  __mspabi_divul          
0000ddd6  __mspabi_func_epilog_1  
0000ddd4  __mspabi_func_epilog_2  
0000ddd2  __mspabi_func_epilog_3  
0000ddd0  __mspabi_func_epilog_4  
0000ddce  __mspabi_func_epilog_5  
0000ddcc  __mspabi_func_epilog_6  
0000ddca  __mspabi_func_epilog_7  
0000dd5e  __mspabi_mpyi           
0000dd5e  __mspabi_mpyi_sw        
0000da0c  __mspabi_mpyl           
0000da0c  __mspabi_mpyl_sw        
0000d8a6  __mspabi_remi           
0000dcf6  __mspabi_remu           
0000d088  __mspabi_remul          
0000ddba  __mspabi_sral           
0000d276  __mspabi_srli           
0000d2bc  __mspabi_srli_1         
0000d298  __mspabi_srli_10        
0000d294  __mspabi_srli_11        
0000d290  __mspabi_srli_12        
0000d28c  __mspabi_srli_13        
0000d288  __mspabi_srli_14        
0000d284  __mspabi_srli_15        
0000d2b8  __mspabi_srli_2         
0000d2b4  __mspabi_srli_3         
0000d2b0  __mspabi_srli_4         
0000d2ac  __mspabi_srli_5         
0000d2a8  __mspabi_srli_6         
0000d2a4  __mspabi_srli_7         
0000d2a0  __mspabi_srli_8         
0000d29c  __mspabi_srli_9         
0000d030  _auto_init              
0000dc68  _c_int00_noargs_noexit  
0000fffe  _reset_vector           
000003b0  _stack                  
0000de4a  _system_pre_init        
0000dea0  abort                   
ffffffff  binit                   
0000d6c4  main                    
0000da9a  memcmp                  
0000dd84  memcpy                  
0000db5c  memmove                 
0000dd4a  memset                  
0000df04  mrfiBroadcastAddr       
0000d1dc  mrfiSpiCmdStrobe        
0000d420  mrfiSpiInit             
0000dbda  mrfiSpiReadReg          
0000de2a  mrfiSpiReadRxFifo       
0000dc82  mrfiSpiWriteReg         
0000dde8  mrfiSpiWriteTxFifo      
0000dbf8  nwk_QInit               
0000d6f6  nwk_QadjustOrder        
0000c4c0  nwk_QfindOldest         
0000cdec  nwk_QfindSlot           
0000c8be  nwk_allocateLocalRxPort 
0000cbaa  nwk_buildFrame          
0000d8fc  nwk_checkConnInfo       
0000d974  nwk_connectionControl   
0000d65e  nwk_deviceAddress       
0000db7c  nwk_frameInit           
0000de82  nwk_freeConnection      
0000deac  nwk_freqInit            
0000de88  nwk_getBCastAddress     
0000d728  nwk_getConnInfo         
0000de8e  nwk_getFWVersion        
0000dd96  nwk_getMyAddress        
0000de94  nwk_getMyRxType         
0000d18c  nwk_getNextConnection   
0000ddf6  nwk_getNumObjectFromMsg 
0000de9a  nwk_getProtocolVersion  
0000d99a  nwk_globalsInit         
0000cf64  nwk_isConnectionValid   
0000d350  nwk_isLinkDuplicate     
0000d518  nwk_isValidReply        
0000c6ec  nwk_join                
0000d9c0  nwk_joinInit            
0000c368  nwk_link                
0000d75a  nwk_linkInit            
0000de54  nwk_mgmtInit            
0000cd66  nwk_nwkInit             
0000de5e  nwk_pingInit            
0000dea4  nwk_processFreq         
0000db9c  nwk_processJoin         
0000d9e6  nwk_processLink         
0000d552  nwk_processMgmt         
0000d926  nwk_processPing         
0000dea8  nwk_processSecurity     
0000d4dc  nwk_putNumObjectIntoMsg 
0000ceec  nwk_radioControl        
0000d7ec  nwk_rawReceive          
0000d138  nwk_rawSend             
0000ca48  nwk_retrieveFrame       
0000deae  nwk_securityInit        
0000d81c  nwk_sendFrame           
0000de04  nwk_setAPAddress        
0000dda8  nwk_setLinkToken        
0000dc32  nwk_setMyAddress        
0000dd0c  toggleLED               


GLOBAL SYMBOLS: SORTED BY Symbol Address 

address   name                    
-------   ----                    
00000000  IE1                     
00000001  IE2                     
00000002  IFG1                    
00000003  IFG2                    
00000010  P3REN                   
00000018  P3IN                    
00000019  P3OUT                   
0000001a  P3DIR                   
0000001b  P3SEL                   
00000020  P1IN                    
00000021  P1OUT                   
00000022  P1DIR                   
00000023  P1IFG                   
00000024  P1IES                   
00000025  P1IE                    
00000026  P1SEL                   
00000027  P1REN                   
00000028  P2IN                    
00000029  P2OUT                   
0000002a  P2DIR                   
0000002b  P2IFG                   
0000002c  P2IES                   
0000002d  P2IE                    
0000002e  P2SEL                   
0000002f  P2REN                   
00000041  P1SEL2                  
00000042  P2SEL2                  
00000043  P3SEL2                  
00000048  ADC10DTC0               
00000049  ADC10DTC1               
0000004a  ADC10AE0                
00000050  __STACK_SIZE            
00000053  BCSCTL3                 
00000056  DCOCTL                  
00000057  BCSCTL1                 
00000058  BCSCTL2                 
00000059  CACTL1                  
0000005a  CACTL2                  
0000005b  CAPD                    
0000005d  UCA0ABCTL               
0000005e  UCA0IRTCTL              
0000005f  UCA0IRRCTL              
00000060  UCA0CTL0                
00000061  UCA0CTL1                
00000062  UCA0BR0                 
00000063  UCA0BR1                 
00000064  UCA0MCTL                
00000065  UCA0STAT                
00000066  UCA0RXBUF               
00000067  UCA0TXBUF               
00000068  UCB0CTL0                
00000069  UCB0CTL1                
0000006a  UCB0BR0                 
0000006b  UCB0BR1                 
0000006c  UCB0I2CIE               
0000006d  UCB0STAT                
0000006e  UCB0RXBUF               
0000006f  UCB0TXBUF               
00000118  UCB0I2COA               
0000011a  UCB0I2CSA               
0000011e  TA1IV                   
00000120  WDTCTL                  
00000128  FCTL1                   
0000012a  FCTL2                   
0000012c  FCTL3                   
0000012e  TA0IV                   
00000160  TA0CTL                  
00000162  TA0CCTL0                
00000164  TA0CCTL1                
00000166  TA0CCTL2                
00000170  TA0R                    
00000172  TA0CCR0                 
00000174  TA0CCR1                 
00000176  TA0CCR2                 
00000180  TA1CTL                  
00000182  TA1CCTL0                
00000184  TA1CCTL1                
00000186  TA1CCTL2                
00000190  TA1R                    
00000192  TA1CCR0                 
00000194  TA1CCR1                 
00000196  TA1CCR2                 
000001b0  ADC10CTL0               
000001b2  ADC10CTL1               
000001b4  ADC10MEM                
000001bc  ADC10SA                 
000003b0  _stack                  
00000400  __STACK_END             
000010c0  TLV_CHECKSUM            
000010da  TLV_ADC10_1_TAG         
000010db  TLV_ADC10_1_LEN         
000010f6  TLV_DCO_30_TAG          
000010f7  TLV_DCO_30_LEN          
000010f8  CALDCO_16MHZ            
000010f9  CALBC1_16MHZ            
000010fa  CALDCO_12MHZ            
000010fb  CALBC1_12MHZ            
000010fc  CALDCO_8MHZ             
000010fd  CALBC1_8MHZ             
000010fe  CALDCO_1MHZ             
000010ff  CALBC1_1MHZ             
0000c000  MRFI_Init               
0000c368  SMPL_Link               
0000c368  nwk_link                
0000c4c0  nwk_QfindOldest         
0000c5ea  MRFI_Transmit           
0000c6ec  nwk_join                
0000c8be  nwk_allocateLocalRxPort 
0000ca48  nwk_retrieveFrame       
0000cafa  SMPL_Ioctl              
0000cbaa  nwk_buildFrame          
0000cd66  nwk_nwkInit             
0000cdec  nwk_QfindSlot           
0000ce6e  SMPL_SendOpt            
0000ceec  nwk_radioControl        
0000cf64  nwk_isConnectionValid   
0000d030  _auto_init              
0000d088  __mspabi_divul          
0000d088  __mspabi_remul          
0000d138  nwk_rawSend             
0000d18c  nwk_getNextConnection   
0000d1dc  mrfiSpiCmdStrobe        
0000d22a  SMPL_Receive            
0000d276  __mspabi_srli           
0000d284  __mspabi_srli_15        
0000d288  __mspabi_srli_14        
0000d28c  __mspabi_srli_13        
0000d290  __mspabi_srli_12        
0000d294  __mspabi_srli_11        
0000d298  __mspabi_srli_10        
0000d29c  __mspabi_srli_9         
0000d2a0  __mspabi_srli_8         
0000d2a4  __mspabi_srli_7         
0000d2a8  __mspabi_srli_6         
0000d2ac  __mspabi_srli_5         
0000d2b0  __mspabi_srli_4         
0000d2b4  __mspabi_srli_3         
0000d2b8  __mspabi_srli_2         
0000d2bc  __mspabi_srli_1         
0000d30a  MRFI_RxAddrIsFiltered   
0000d350  nwk_isLinkDuplicate     
0000d3dc  MRFI_Rssi               
0000d420  mrfiSpiInit             
0000d4a0  MRFI_ReplyDelay         
0000d4dc  nwk_putNumObjectIntoMsg 
0000d518  nwk_isValidReply        
0000d552  nwk_processMgmt         
0000d58c  MRFI_WakeUp             
0000d5c2  MRFI_SetRFPwr           
0000d5f6  MRFI_SetRxAddrFilter    
0000d62a  SMPL_Init               
0000d65e  nwk_deviceAddress       
0000d692  MRFI_SetLogicalChannel  
0000d6c4  main                    
0000d6f6  nwk_QadjustOrder        
0000d728  nwk_getConnInfo         
0000d75a  nwk_linkInit            
0000d7ec  nwk_rawReceive          
0000d81c  nwk_sendFrame           
0000d8a6  __mspabi_divi           
0000d8a6  __mspabi_remi           
0000d8fc  nwk_checkConnInfo       
0000d926  nwk_processPing         
0000d974  nwk_connectionControl   
0000d99a  nwk_globalsInit         
0000d9c0  nwk_joinInit            
0000d9e6  nwk_processLink         
0000da0c  __mspabi_mpyl           
0000da0c  __mspabi_mpyl_sw        
0000da32  MRFI_Sleep              
0000da56  MRFI_EnableRxAddrFilter 
0000da78  MRFI_RxOn               
0000da9a  memcmp                  
0000dabc  BSP_Init                
0000dadc  BSP_InitBoard           
0000dafc  MRFI_RxCompleteISR      
0000db1c  MRFI_RxIdle             
0000db5c  memmove                 
0000db7c  nwk_frameInit           
0000db9c  nwk_processJoin         
0000dbbc  BSP_Delay               
0000dbda  mrfiSpiReadReg          
0000dbf8  nwk_QInit               
0000dc16  MRFI_GpioIsr            
0000dc32  nwk_setMyAddress        
0000dc4e  BSP_GpioPort1Isr        
0000dc68  _c_int00_noargs_noexit  
0000dc82  mrfiSpiWriteReg         
0000dc9c  MRFI_DelayMs            
0000dcb4  BSP_InitLeds            
0000dcca  MRFI_RandomByte         
0000dcf6  __mspabi_divu           
0000dcf6  __mspabi_remu           
0000dd0c  toggleLED               
0000dd22  __TI_zero_init          
0000dd4a  memset                  
0000dd5e  __mspabi_mpyi           
0000dd5e  __mspabi_mpyi_sw        
0000dd72  __TI_decompress_none    
0000dd84  memcpy                  
0000dd96  nwk_getMyAddress        
0000dda8  nwk_setLinkToken        
0000ddba  __mspabi_sral           
0000ddca  __mspabi_func_epilog_7  
0000ddcc  __mspabi_func_epilog_6  
0000ddce  __mspabi_func_epilog_5  
0000ddd0  __mspabi_func_epilog_4  
0000ddd2  __mspabi_func_epilog_3  
0000ddd4  __mspabi_func_epilog_2  
0000ddd6  __mspabi_func_epilog_1  
0000ddda  MRFI_Receive            
0000dde8  mrfiSpiWriteTxFifo      
0000ddf6  nwk_getNumObjectFromMsg 
0000de04  nwk_setAPAddress        
0000de12  MRFI_PostKillSem        
0000de2a  mrfiSpiReadRxFifo       
0000de36  BSP_InitButtons         
0000de40  BSP_InitDrivers         
0000de4a  _system_pre_init        
0000de54  nwk_mgmtInit            
0000de5e  nwk_pingInit            
0000de68  SMPL_Send               
0000de70  MRFI_GetRadioState      
0000de76  __TI_ISR_TRAP           
0000de7c  __TI_decompress_rle24   
0000de82  nwk_freeConnection      
0000de88  nwk_getBCastAddress     
0000de8e  nwk_getFWVersion        
0000de94  nwk_getMyRxType         
0000de9a  nwk_getProtocolVersion  
0000dea0  C$$EXIT                 
0000dea0  abort                   
0000dea4  nwk_processFreq         
0000dea8  nwk_processSecurity     
0000deac  nwk_freqInit            
0000deae  nwk_securityInit        
0000df04  mrfiBroadcastAddr       
0000df1e  __TI_Handler_Table_Base 
0000df24  __TI_Handler_Table_Limit
0000df28  __TI_CINIT_Base         
0000df30  __TI_CINIT_Limit        
0000ffe0  __TI_int00              
0000ffe4  __TI_int02              
0000ffe6  __TI_int03              
0000ffea  __TI_int05              
0000ffec  __TI_int06              
0000ffee  __TI_int07              
0000fff0  __TI_int08              
0000fff2  __TI_int09              
0000fff4  __TI_int10              
0000fff6  __TI_int11              
0000fff8  __TI_int12              
0000fffa  __TI_int13              
0000fffc  __TI_int14              
0000fffe  _reset_vector           
ffffffff  __binit__               
ffffffff  __c_args__              
ffffffff  binit                   
UNDEFED   __TI_INITARRAY_Base     
UNDEFED   __TI_INITARRAY_Limit    

[260 symbols]
