<?xml version="1.0"?>
<link_info>
   <banner>MSP430 Linker PC v4.4.2</banner>
   <copyright>Copyright (c) 2003-2014 Texas Instruments Incorporated</copyright>
   <link_time>0x549d006c</link_time>
   <link_errors>0x0</link_errors>
   <output_file>MSP-EXP430G2_SimpliciTI_Anaren.out</output_file>
   <entry_point>
      <name>_c_int00_noargs_noexit</name>
      <address>0xdc68</address>
   </entry_point>
   <input_file_list>
      <input_file id="fl-2">
         <path>.\</path>
         <kind>object</kind>
         <file>main.obj</file>
         <name>main.obj</name>
      </input_file>
      <input_file id="fl-3">
         <path>.\Components\nwk_applications\</path>
         <kind>object</kind>
         <file>nwk_freq.obj</file>
         <name>nwk_freq.obj</name>
      </input_file>
      <input_file id="fl-4">
         <path>.\Components\nwk_applications\</path>
         <kind>object</kind>
         <file>nwk_ioctl.obj</file>
         <name>nwk_ioctl.obj</name>
      </input_file>
      <input_file id="fl-5">
         <path>.\Components\nwk_applications\</path>
         <kind>object</kind>
         <file>nwk_join.obj</file>
         <name>nwk_join.obj</name>
      </input_file>
      <input_file id="fl-6">
         <path>.\Components\nwk_applications\</path>
         <kind>object</kind>
         <file>nwk_link.obj</file>
         <name>nwk_link.obj</name>
      </input_file>
      <input_file id="fl-7">
         <path>.\Components\nwk_applications\</path>
         <kind>object</kind>
         <file>nwk_mgmt.obj</file>
         <name>nwk_mgmt.obj</name>
      </input_file>
      <input_file id="fl-8">
         <path>.\Components\nwk_applications\</path>
         <kind>object</kind>
         <file>nwk_ping.obj</file>
         <name>nwk_ping.obj</name>
      </input_file>
      <input_file id="fl-9">
         <path>.\Components\nwk_applications\</path>
         <kind>object</kind>
         <file>nwk_security.obj</file>
         <name>nwk_security.obj</name>
      </input_file>
      <input_file id="fl-a">
         <path>.\Components\nwk\</path>
         <kind>object</kind>
         <file>nwk.obj</file>
         <name>nwk.obj</name>
      </input_file>
      <input_file id="fl-b">
         <path>.\Components\nwk\</path>
         <kind>object</kind>
         <file>nwk_QMgmt.obj</file>
         <name>nwk_QMgmt.obj</name>
      </input_file>
      <input_file id="fl-c">
         <path>.\Components\nwk\</path>
         <kind>object</kind>
         <file>nwk_api.obj</file>
         <name>nwk_api.obj</name>
      </input_file>
      <input_file id="fl-d">
         <path>.\Components\nwk\</path>
         <kind>object</kind>
         <file>nwk_frame.obj</file>
         <name>nwk_frame.obj</name>
      </input_file>
      <input_file id="fl-e">
         <path>.\Components\nwk\</path>
         <kind>object</kind>
         <file>nwk_globals.obj</file>
         <name>nwk_globals.obj</name>
      </input_file>
      <input_file id="fl-f">
         <path>.\Components\mrfi\</path>
         <kind>object</kind>
         <file>mrfi.obj</file>
         <name>mrfi.obj</name>
      </input_file>
      <input_file id="fl-10">
         <path>.\Components\bsp\</path>
         <kind>object</kind>
         <file>bsp.obj</file>
         <name>bsp.obj</name>
      </input_file>
      <input_file id="fl-3f">
         <path>c:\ti\ccsv6\tools\compiler\ti-cgt-msp430_4.4.2\lib\</path>
         <kind>archive</kind>
         <file>rts430_eabi.lib</file>
         <name>asr32.obj</name>
      </input_file>
      <input_file id="fl-40">
         <path>c:\ti\ccsv6\tools\compiler\ti-cgt-msp430_4.4.2\lib\</path>
         <kind>archive</kind>
         <file>rts430_eabi.lib</file>
         <name>boot.obj</name>
      </input_file>
      <input_file id="fl-41">
         <path>c:\ti\ccsv6\tools\compiler\ti-cgt-msp430_4.4.2\lib\</path>
         <kind>archive</kind>
         <file>rts430_eabi.lib</file>
         <name>boot_special.obj</name>
      </input_file>
      <input_file id="fl-42">
         <path>c:\ti\ccsv6\tools\compiler\ti-cgt-msp430_4.4.2\lib\</path>
         <kind>archive</kind>
         <file>rts430_eabi.lib</file>
         <name>copy_decompress_none.obj</name>
      </input_file>
      <input_file id="fl-43">
         <path>c:\ti\ccsv6\tools\compiler\ti-cgt-msp430_4.4.2\lib\</path>
         <kind>archive</kind>
         <file>rts430_eabi.lib</file>
         <name>copy_decompress_rle.obj</name>
      </input_file>
      <input_file id="fl-44">
         <path>c:\ti\ccsv6\tools\compiler\ti-cgt-msp430_4.4.2\lib\</path>
         <kind>archive</kind>
         <file>rts430_eabi.lib</file>
         <name>copy_zero_init.obj</name>
      </input_file>
      <input_file id="fl-45">
         <path>c:\ti\ccsv6\tools\compiler\ti-cgt-msp430_4.4.2\lib\</path>
         <kind>archive</kind>
         <file>rts430_eabi.lib</file>
         <name>div16s.obj</name>
      </input_file>
      <input_file id="fl-46">
         <path>c:\ti\ccsv6\tools\compiler\ti-cgt-msp430_4.4.2\lib\</path>
         <kind>archive</kind>
         <file>rts430_eabi.lib</file>
         <name>div16u.obj</name>
      </input_file>
      <input_file id="fl-47">
         <path>c:\ti\ccsv6\tools\compiler\ti-cgt-msp430_4.4.2\lib\</path>
         <kind>archive</kind>
         <file>rts430_eabi.lib</file>
         <name>div32u.obj</name>
      </input_file>
      <input_file id="fl-48">
         <path>c:\ti\ccsv6\tools\compiler\ti-cgt-msp430_4.4.2\lib\</path>
         <kind>archive</kind>
         <file>rts430_eabi.lib</file>
         <name>epilog.obj</name>
      </input_file>
      <input_file id="fl-49">
         <path>c:\ti\ccsv6\tools\compiler\ti-cgt-msp430_4.4.2\lib\</path>
         <kind>archive</kind>
         <file>rts430_eabi.lib</file>
         <name>exit.obj</name>
      </input_file>
      <input_file id="fl-4a">
         <path>c:\ti\ccsv6\tools\compiler\ti-cgt-msp430_4.4.2\lib\</path>
         <kind>archive</kind>
         <file>rts430_eabi.lib</file>
         <name>int00.obj</name>
      </input_file>
      <input_file id="fl-4b">
         <path>c:\ti\ccsv6\tools\compiler\ti-cgt-msp430_4.4.2\lib\</path>
         <kind>archive</kind>
         <file>rts430_eabi.lib</file>
         <name>int02.obj</name>
      </input_file>
      <input_file id="fl-4c">
         <path>c:\ti\ccsv6\tools\compiler\ti-cgt-msp430_4.4.2\lib\</path>
         <kind>archive</kind>
         <file>rts430_eabi.lib</file>
         <name>int05.obj</name>
      </input_file>
      <input_file id="fl-4d">
         <path>c:\ti\ccsv6\tools\compiler\ti-cgt-msp430_4.4.2\lib\</path>
         <kind>archive</kind>
         <file>rts430_eabi.lib</file>
         <name>int06.obj</name>
      </input_file>
      <input_file id="fl-4e">
         <path>c:\ti\ccsv6\tools\compiler\ti-cgt-msp430_4.4.2\lib\</path>
         <kind>archive</kind>
         <file>rts430_eabi.lib</file>
         <name>int07.obj</name>
      </input_file>
      <input_file id="fl-4f">
         <path>c:\ti\ccsv6\tools\compiler\ti-cgt-msp430_4.4.2\lib\</path>
         <kind>archive</kind>
         <file>rts430_eabi.lib</file>
         <name>int08.obj</name>
      </input_file>
      <input_file id="fl-50">
         <path>c:\ti\ccsv6\tools\compiler\ti-cgt-msp430_4.4.2\lib\</path>
         <kind>archive</kind>
         <file>rts430_eabi.lib</file>
         <name>int09.obj</name>
      </input_file>
      <input_file id="fl-51">
         <path>c:\ti\ccsv6\tools\compiler\ti-cgt-msp430_4.4.2\lib\</path>
         <kind>archive</kind>
         <file>rts430_eabi.lib</file>
         <name>int10.obj</name>
      </input_file>
      <input_file id="fl-52">
         <path>c:\ti\ccsv6\tools\compiler\ti-cgt-msp430_4.4.2\lib\</path>
         <kind>archive</kind>
         <file>rts430_eabi.lib</file>
         <name>int11.obj</name>
      </input_file>
      <input_file id="fl-53">
         <path>c:\ti\ccsv6\tools\compiler\ti-cgt-msp430_4.4.2\lib\</path>
         <kind>archive</kind>
         <file>rts430_eabi.lib</file>
         <name>int12.obj</name>
      </input_file>
      <input_file id="fl-54">
         <path>c:\ti\ccsv6\tools\compiler\ti-cgt-msp430_4.4.2\lib\</path>
         <kind>archive</kind>
         <file>rts430_eabi.lib</file>
         <name>int13.obj</name>
      </input_file>
      <input_file id="fl-55">
         <path>c:\ti\ccsv6\tools\compiler\ti-cgt-msp430_4.4.2\lib\</path>
         <kind>archive</kind>
         <file>rts430_eabi.lib</file>
         <name>int14.obj</name>
      </input_file>
      <input_file id="fl-56">
         <path>c:\ti\ccsv6\tools\compiler\ti-cgt-msp430_4.4.2\lib\</path>
         <kind>archive</kind>
         <file>rts430_eabi.lib</file>
         <name>isr_trap.obj</name>
      </input_file>
      <input_file id="fl-57">
         <path>c:\ti\ccsv6\tools\compiler\ti-cgt-msp430_4.4.2\lib\</path>
         <kind>archive</kind>
         <file>rts430_eabi.lib</file>
         <name>_lock.obj</name>
      </input_file>
      <input_file id="fl-58">
         <path>c:\ti\ccsv6\tools\compiler\ti-cgt-msp430_4.4.2\lib\</path>
         <kind>archive</kind>
         <file>rts430_eabi.lib</file>
         <name>lsr16.obj</name>
      </input_file>
      <input_file id="fl-59">
         <path>c:\ti\ccsv6\tools\compiler\ti-cgt-msp430_4.4.2\lib\</path>
         <kind>archive</kind>
         <file>rts430_eabi.lib</file>
         <name>memcmp.obj</name>
      </input_file>
      <input_file id="fl-5a">
         <path>c:\ti\ccsv6\tools\compiler\ti-cgt-msp430_4.4.2\lib\</path>
         <kind>archive</kind>
         <file>rts430_eabi.lib</file>
         <name>memcpy.obj</name>
      </input_file>
      <input_file id="fl-5b">
         <path>c:\ti\ccsv6\tools\compiler\ti-cgt-msp430_4.4.2\lib\</path>
         <kind>archive</kind>
         <file>rts430_eabi.lib</file>
         <name>memmov.obj</name>
      </input_file>
      <input_file id="fl-5c">
         <path>c:\ti\ccsv6\tools\compiler\ti-cgt-msp430_4.4.2\lib\</path>
         <kind>archive</kind>
         <file>rts430_eabi.lib</file>
         <name>memset.obj</name>
      </input_file>
      <input_file id="fl-5d">
         <path>c:\ti\ccsv6\tools\compiler\ti-cgt-msp430_4.4.2\lib\</path>
         <kind>archive</kind>
         <file>rts430_eabi.lib</file>
         <name>mpu_init.obj</name>
      </input_file>
      <input_file id="fl-5e">
         <path>c:\ti\ccsv6\tools\compiler\ti-cgt-msp430_4.4.2\lib\</path>
         <kind>archive</kind>
         <file>rts430_eabi.lib</file>
         <name>mult16.obj</name>
      </input_file>
      <input_file id="fl-5f">
         <path>c:\ti\ccsv6\tools\compiler\ti-cgt-msp430_4.4.2\lib\</path>
         <kind>archive</kind>
         <file>rts430_eabi.lib</file>
         <name>mult32.obj</name>
      </input_file>
      <input_file id="fl-60">
         <path>c:\ti\ccsv6\tools\compiler\ti-cgt-msp430_4.4.2\lib\</path>
         <kind>archive</kind>
         <file>rts430_eabi.lib</file>
         <name>args_main.obj</name>
      </input_file>
      <input_file id="fl-61">
         <path>c:\ti\ccsv6\tools\compiler\ti-cgt-msp430_4.4.2\lib\</path>
         <kind>archive</kind>
         <file>rts430_eabi.lib</file>
         <name>autoinit.obj</name>
      </input_file>
   </input_file_list>
   <object_component_list>
      <object_component id="oc-40b">
         <name>.common:sServiceLinkID</name>
         <uninitialized>true</uninitialized>
         <run_address>0x288</run_address>
         <size>0x2</size>
      </object_component>
      <object_component id="oc-3fc">
         <name>.common:sInFrameQ</name>
         <uninitialized>true</uninitialized>
         <run_address>0x200</run_address>
         <size>0x34</size>
      </object_component>
      <object_component id="oc-3ff">
         <name>.common:sOutFrameQ</name>
         <uninitialized>true</uninitialized>
         <run_address>0x234</run_address>
         <size>0x34</size>
      </object_component>
      <object_component id="oc-3f0">
         <name>.common:sAPAddress</name>
         <uninitialized>true</uninitialized>
         <run_address>0x280</run_address>
         <size>0x4</size>
      </object_component>
      <object_component id="oc-2d0">
         <name>.common:sMyRAMAddress</name>
         <uninitialized>true</uninitialized>
         <run_address>0x284</run_address>
         <size>0x4</size>
      </object_component>
      <object_component id="oc-1ef">
         <name>.common:mrfiIncomingPacket</name>
         <uninitialized>true</uninitialized>
         <run_address>0x268</run_address>
         <size>0x18</size>
      </object_component>
      <object_component id="oc-8c">
         <name>.stack</name>
         <uninitialized>true</uninitialized>
         <run_address>0x3b0</run_address>
         <size>0x2</size>
         <input_file_ref idref="fl-40"/>
      </object_component>
      <object_component id="oc-565">
         <name>.stack</name>
         <uninitialized>true</uninitialized>
         <run_address>0x3b0</run_address>
         <size>0x0</size>
      </object_component>
      <object_component id="oc-19a">
         <name>.text:MRFI_Init</name>
         <load_address>0xc000</load_address>
         <run_address>0xc000</run_address>
         <size>0x1d0</size>
         <input_file_ref idref="fl-f"/>
      </object_component>
      <object_component id="oc-514">
         <name>.text:smpl_send_link_reply</name>
         <load_address>0xc1d0</load_address>
         <run_address>0xc1d0</run_address>
         <size>0x198</size>
         <input_file_ref idref="fl-6"/>
      </object_component>
      <object_component id="oc-1c7">
         <name>.text:nwk_link</name>
         <load_address>0xc368</load_address>
         <run_address>0xc368</run_address>
         <size>0x158</size>
         <input_file_ref idref="fl-6"/>
      </object_component>
      <object_component id="oc-3bd">
         <name>.text:nwk_QfindOldest</name>
         <load_address>0xc4c0</load_address>
         <run_address>0xc4c0</run_address>
         <size>0x12a</size>
         <input_file_ref idref="fl-b"/>
      </object_component>
      <object_component id="oc-4a4">
         <name>.text:MRFI_Transmit</name>
         <load_address>0xc5ea</load_address>
         <run_address>0xc5ea</run_address>
         <size>0x102</size>
         <input_file_ref idref="fl-f"/>
      </object_component>
      <object_component id="oc-1be">
         <name>.text:nwk_join</name>
         <load_address>0xc6ec</load_address>
         <run_address>0xc6ec</run_address>
         <size>0xfa</size>
         <input_file_ref idref="fl-5"/>
      </object_component>
      <object_component id="oc-14e">
         <name>.text:Mrfi_SyncPinRxIsr</name>
         <load_address>0xc7e6</load_address>
         <run_address>0xc7e6</run_address>
         <size>0xd8</size>
         <input_file_ref idref="fl-f"/>
      </object_component>
      <object_component id="oc-331">
         <name>.text:nwk_allocateLocalRxPort</name>
         <load_address>0xc8be</load_address>
         <run_address>0xc8be</run_address>
         <size>0xd8</size>
         <input_file_ref idref="fl-a"/>
      </object_component>
      <object_component id="oc-3a3">
         <name>.text:dispatchFrame</name>
         <load_address>0xc996</load_address>
         <run_address>0xc996</run_address>
         <size>0xb2</size>
         <input_file_ref idref="fl-d"/>
      </object_component>
      <object_component id="oc-23a">
         <name>.text:nwk_retrieveFrame</name>
         <load_address>0xca48</load_address>
         <run_address>0xca48</run_address>
         <size>0xb2</size>
         <input_file_ref idref="fl-d"/>
      </object_component>
      <object_component id="oc-1cd">
         <name>.text:SMPL_Ioctl</name>
         <load_address>0xcafa</load_address>
         <run_address>0xcafa</run_address>
         <size>0xb0</size>
         <input_file_ref idref="fl-c"/>
      </object_component>
      <object_component id="oc-45b">
         <name>.text:nwk_buildFrame</name>
         <load_address>0xcbaa</load_address>
         <run_address>0xcbaa</run_address>
         <size>0x9e</size>
         <input_file_ref idref="fl-d"/>
      </object_component>
      <object_component id="oc-143">
         <name>.text:linkTo</name>
         <load_address>0xcc48</load_address>
         <run_address>0xcc48</run_address>
         <size>0x92</size>
         <input_file_ref idref="fl-2"/>
      </object_component>
      <object_component id="oc-385">
         <name>.text:spiBurstFifoAccess</name>
         <load_address>0xccda</load_address>
         <run_address>0xccda</run_address>
         <size>0x8c</size>
         <input_file_ref idref="fl-f"/>
      </object_component>
      <object_component id="oc-1a0">
         <name>.text:nwk_nwkInit</name>
         <load_address>0xcd66</load_address>
         <run_address>0xcd66</run_address>
         <size>0x86</size>
         <input_file_ref idref="fl-a"/>
      </object_component>
      <object_component id="oc-397">
         <name>.text:nwk_QfindSlot</name>
         <load_address>0xcdec</load_address>
         <run_address>0xcdec</run_address>
         <size>0x82</size>
         <input_file_ref idref="fl-b"/>
      </object_component>
      <object_component id="oc-375">
         <name>.text:SMPL_SendOpt</name>
         <load_address>0xce6e</load_address>
         <run_address>0xce6e</run_address>
         <size>0x7e</size>
         <input_file_ref idref="fl-c"/>
      </object_component>
      <object_component id="oc-361">
         <name>.text:nwk_radioControl</name>
         <load_address>0xceec</load_address>
         <run_address>0xceec</run_address>
         <size>0x78</size>
         <input_file_ref idref="fl-4"/>
      </object_component>
      <object_component id="oc-479">
         <name>.text:nwk_isConnectionValid</name>
         <load_address>0xcf64</load_address>
         <run_address>0xcf64</run_address>
         <size>0x68</size>
         <input_file_ref idref="fl-a"/>
      </object_component>
      <object_component id="oc-9d">
         <name>.text:__TI_decompress_rle_core</name>
         <load_address>0xcfcc</load_address>
         <run_address>0xcfcc</run_address>
         <size>0x64</size>
         <input_file_ref idref="fl-43"/>
      </object_component>
      <object_component id="oc-c2">
         <name>.text:_auto_init</name>
         <load_address>0xd030</load_address>
         <run_address>0xd030</run_address>
         <size>0x58</size>
         <input_file_ref idref="fl-61"/>
      </object_component>
      <object_component id="oc-27b">
         <name>.text</name>
         <load_address>0xd088</load_address>
         <run_address>0xd088</run_address>
         <size>0x58</size>
         <input_file_ref idref="fl-47"/>
      </object_component>
      <object_component id="oc-131">
         <name>.text:sRxCallback</name>
         <load_address>0xd0e0</load_address>
         <run_address>0xd0e0</run_address>
         <size>0x58</size>
         <input_file_ref idref="fl-2"/>
      </object_component>
      <object_component id="oc-367">
         <name>.text:nwk_rawSend</name>
         <load_address>0xd138</load_address>
         <run_address>0xd138</run_address>
         <size>0x54</size>
         <input_file_ref idref="fl-4"/>
      </object_component>
      <object_component id="oc-32b">
         <name>.text:nwk_getNextConnection</name>
         <load_address>0xd18c</load_address>
         <run_address>0xd18c</run_address>
         <size>0x50</size>
         <input_file_ref idref="fl-a"/>
      </object_component>
      <object_component id="oc-20a">
         <name>.text:mrfiSpiCmdStrobe</name>
         <load_address>0xd1dc</load_address>
         <run_address>0xd1dc</run_address>
         <size>0x4e</size>
         <input_file_ref idref="fl-f"/>
      </object_component>
      <object_component id="oc-18a">
         <name>.text:SMPL_Receive</name>
         <load_address>0xd22a</load_address>
         <run_address>0xd22a</run_address>
         <size>0x4c</size>
         <input_file_ref idref="fl-c"/>
      </object_component>
      <object_component id="oc-280">
         <name>.text</name>
         <load_address>0xd276</load_address>
         <run_address>0xd276</run_address>
         <size>0x4c</size>
         <input_file_ref idref="fl-58"/>
      </object_component>
      <object_component id="oc-37e">
         <name>.text:spiRegAccess</name>
         <load_address>0xd2c2</load_address>
         <run_address>0xd2c2</run_address>
         <size>0x48</size>
         <input_file_ref idref="fl-f"/>
      </object_component>
      <object_component id="oc-1f8">
         <name>.text:MRFI_RxAddrIsFiltered</name>
         <load_address>0xd30a</load_address>
         <run_address>0xd30a</run_address>
         <size>0x46</size>
         <input_file_ref idref="fl-f"/>
      </object_component>
      <object_component id="oc-524">
         <name>.text:nwk_isLinkDuplicate</name>
         <load_address>0xd350</load_address>
         <run_address>0xd350</run_address>
         <size>0x46</size>
         <input_file_ref idref="fl-a"/>
      </object_component>
      <object_component id="oc-50d">
         <name>.text:smpl_send_ping_reply</name>
         <load_address>0xd396</load_address>
         <run_address>0xd396</run_address>
         <size>0x46</size>
         <input_file_ref idref="fl-8"/>
      </object_component>
      <object_component id="oc-454">
         <name>.text:MRFI_Rssi</name>
         <load_address>0xd3dc</load_address>
         <run_address>0xd3dc</run_address>
         <size>0x44</size>
         <input_file_ref idref="fl-f"/>
      </object_component>
      <object_component id="oc-24a">
         <name>.text:mrfiSpiInit</name>
         <load_address>0xd420</load_address>
         <run_address>0xd420</run_address>
         <size>0x42</size>
         <input_file_ref idref="fl-f"/>
      </object_component>
      <object_component id="oc-435">
         <name>.text:initializeConnection</name>
         <load_address>0xd462</load_address>
         <run_address>0xd462</run_address>
         <size>0x3e</size>
         <input_file_ref idref="fl-a"/>
      </object_component>
      <object_component id="oc-2fa">
         <name>.text:MRFI_ReplyDelay</name>
         <load_address>0xd4a0</load_address>
         <run_address>0xd4a0</run_address>
         <size>0x3c</size>
         <input_file_ref idref="fl-f"/>
      </object_component>
      <object_component id="oc-2e8">
         <name>.text:nwk_putNumObjectIntoMsg</name>
         <load_address>0xd4dc</load_address>
         <run_address>0xd4dc</run_address>
         <size>0x3c</size>
         <input_file_ref idref="fl-a"/>
      </object_component>
      <object_component id="oc-4f0">
         <name>.text:nwk_isValidReply</name>
         <load_address>0xd518</load_address>
         <run_address>0xd518</run_address>
         <size>0x3a</size>
         <input_file_ref idref="fl-a"/>
      </object_component>
      <object_component id="oc-4ca">
         <name>.text:nwk_processMgmt</name>
         <load_address>0xd552</load_address>
         <run_address>0xd552</run_address>
         <size>0x3a</size>
         <input_file_ref idref="fl-7"/>
      </object_component>
      <object_component id="oc-1a6">
         <name>.text:MRFI_WakeUp</name>
         <load_address>0xd58c</load_address>
         <run_address>0xd58c</run_address>
         <size>0x36</size>
         <input_file_ref idref="fl-f"/>
      </object_component>
      <object_component id="oc-265">
         <name>.text:MRFI_SetRFPwr</name>
         <load_address>0xd5c2</load_address>
         <run_address>0xd5c2</run_address>
         <size>0x34</size>
         <input_file_ref idref="fl-f"/>
      </object_component>
      <object_component id="oc-1b2">
         <name>.text:MRFI_SetRxAddrFilter</name>
         <load_address>0xd5f6</load_address>
         <run_address>0xd5f6</run_address>
         <size>0x34</size>
         <input_file_ref idref="fl-f"/>
      </object_component>
      <object_component id="oc-137">
         <name>.text:SMPL_Init</name>
         <load_address>0xd62a</load_address>
         <run_address>0xd62a</run_address>
         <size>0x34</size>
         <input_file_ref idref="fl-c"/>
      </object_component>
      <object_component id="oc-35b">
         <name>.text:nwk_deviceAddress</name>
         <load_address>0xd65e</load_address>
         <run_address>0xd65e</run_address>
         <size>0x34</size>
         <input_file_ref idref="fl-4"/>
      </object_component>
      <object_component id="oc-25f">
         <name>.text:MRFI_SetLogicalChannel</name>
         <load_address>0xd692</load_address>
         <run_address>0xd692</run_address>
         <size>0x32</size>
         <input_file_ref idref="fl-f"/>
      </object_component>
      <object_component id="oc-dc">
         <name>.text:main</name>
         <load_address>0xd6c4</load_address>
         <run_address>0xd6c4</run_address>
         <size>0x32</size>
         <input_file_ref idref="fl-2"/>
      </object_component>
      <object_component id="oc-3c3">
         <name>.text:nwk_QadjustOrder</name>
         <load_address>0xd6f6</load_address>
         <run_address>0xd6f6</run_address>
         <size>0x32</size>
         <input_file_ref idref="fl-b"/>
      </object_component>
      <object_component id="oc-22e">
         <name>.text:nwk_getConnInfo</name>
         <load_address>0xd728</load_address>
         <run_address>0xd728</run_address>
         <size>0x32</size>
         <input_file_ref idref="fl-a"/>
      </object_component>
      <object_component id="oc-2b8">
         <name>.text:nwk_linkInit</name>
         <load_address>0xd75a</load_address>
         <run_address>0xd75a</run_address>
         <size>0x32</size>
         <input_file_ref idref="fl-6"/>
      </object_component>
      <object_component id="oc-427">
         <name>.text:Mrfi_DelayUsecSem</name>
         <load_address>0xd78c</load_address>
         <run_address>0xd78c</run_address>
         <size>0x30</size>
         <input_file_ref idref="fl-f"/>
      </object_component>
      <object_component id="oc-3b5">
         <name>.text:map_lid2idx</name>
         <load_address>0xd7bc</load_address>
         <run_address>0xd7bc</run_address>
         <size>0x30</size>
         <input_file_ref idref="fl-a"/>
      </object_component>
      <object_component id="oc-36d">
         <name>.text:nwk_rawReceive</name>
         <load_address>0xd7ec</load_address>
         <run_address>0xd7ec</run_address>
         <size>0x30</size>
         <input_file_ref idref="fl-4"/>
      </object_component>
      <object_component id="oc-461">
         <name>.text:nwk_sendFrame</name>
         <load_address>0xd81c</load_address>
         <run_address>0xd81c</run_address>
         <size>0x30</size>
         <input_file_ref idref="fl-d"/>
      </object_component>
      <object_component id="oc-1fe">
         <name>.text:Mrfi_CalculateRssi</name>
         <load_address>0xd84c</load_address>
         <run_address>0xd84c</run_address>
         <size>0x2e</size>
         <input_file_ref idref="fl-f"/>
      </object_component>
      <object_component id="oc-26b">
         <name>.text:Mrfi_RxModeOff</name>
         <load_address>0xd87a</load_address>
         <run_address>0xd87a</run_address>
         <size>0x2c</size>
         <input_file_ref idref="fl-f"/>
      </object_component>
      <object_component id="oc-391">
         <name>.text</name>
         <load_address>0xd8a6</load_address>
         <run_address>0xd8a6</run_address>
         <size>0x2c</size>
         <input_file_ref idref="fl-45"/>
      </object_component>
      <object_component id="oc-250">
         <name>.text:Mrfi_DelayUsec</name>
         <load_address>0xd8d2</load_address>
         <run_address>0xd8d2</run_address>
         <size>0x2a</size>
         <input_file_ref idref="fl-f"/>
      </object_component>
      <object_component id="oc-234">
         <name>.text:nwk_checkConnInfo</name>
         <load_address>0xd8fc</load_address>
         <run_address>0xd8fc</run_address>
         <size>0x2a</size>
         <input_file_ref idref="fl-a"/>
      </object_component>
      <object_component id="oc-4ac">
         <name>.text:nwk_processPing</name>
         <load_address>0xd926</load_address>
         <run_address>0xd926</run_address>
         <size>0x28</size>
         <input_file_ref idref="fl-8"/>
      </object_component>
      <object_component id="oc-4e9">
         <name>.text:Mrfi_RandomBackoffDelay</name>
         <load_address>0xd94e</load_address>
         <run_address>0xd94e</run_address>
         <size>0x26</size>
         <input_file_ref idref="fl-f"/>
      </object_component>
      <object_component id="oc-355">
         <name>.text:nwk_connectionControl</name>
         <load_address>0xd974</load_address>
         <run_address>0xd974</run_address>
         <size>0x26</size>
         <input_file_ref idref="fl-4"/>
      </object_component>
      <object_component id="oc-28e">
         <name>.text:nwk_globalsInit</name>
         <load_address>0xd99a</load_address>
         <run_address>0xd99a</run_address>
         <size>0x26</size>
         <input_file_ref idref="fl-e"/>
      </object_component>
      <object_component id="oc-2ac">
         <name>.text:nwk_joinInit</name>
         <load_address>0xd9c0</load_address>
         <run_address>0xd9c0</run_address>
         <size>0x26</size>
         <input_file_ref idref="fl-5"/>
      </object_component>
      <object_component id="oc-4b2">
         <name>.text:nwk_processLink</name>
         <load_address>0xd9e6</load_address>
         <run_address>0xd9e6</run_address>
         <size>0x26</size>
         <input_file_ref idref="fl-6"/>
      </object_component>
      <object_component id="oc-276">
         <name>.text</name>
         <load_address>0xda0c</load_address>
         <run_address>0xda0c</run_address>
         <size>0x26</size>
         <input_file_ref idref="fl-5f"/>
      </object_component>
      <object_component id="oc-306">
         <name>.text:MRFI_Sleep</name>
         <load_address>0xda32</load_address>
         <run_address>0xda32</run_address>
         <size>0x24</size>
         <input_file_ref idref="fl-f"/>
      </object_component>
      <object_component id="oc-1b8">
         <name>.text:MRFI_EnableRxAddrFilter</name>
         <load_address>0xda56</load_address>
         <run_address>0xda56</run_address>
         <size>0x22</size>
         <input_file_ref idref="fl-f"/>
      </object_component>
      <object_component id="oc-2f4">
         <name>.text:MRFI_RxOn</name>
         <load_address>0xda78</load_address>
         <run_address>0xda78</run_address>
         <size>0x22</size>
         <input_file_ref idref="fl-f"/>
      </object_component>
      <object_component id="oc-43c">
         <name>.text:memcmp</name>
         <load_address>0xda9a</load_address>
         <run_address>0xda9a</run_address>
         <size>0x22</size>
         <input_file_ref idref="fl-59"/>
      </object_component>
      <object_component id="oc-12b">
         <name>.text:BSP_Init</name>
         <load_address>0xdabc</load_address>
         <run_address>0xdabc</run_address>
         <size>0x20</size>
         <input_file_ref idref="fl-10"/>
      </object_component>
      <object_component id="oc-175">
         <name>.text:BSP_InitBoard</name>
         <load_address>0xdadc</load_address>
         <run_address>0xdadc</run_address>
         <size>0x20</size>
         <input_file_ref idref="fl-10"/>
      </object_component>
      <object_component id="oc-204">
         <name>.text:MRFI_RxCompleteISR</name>
         <load_address>0xdafc</load_address>
         <run_address>0xdafc</run_address>
         <size>0x20</size>
         <input_file_ref idref="fl-d"/>
      </object_component>
      <object_component id="oc-300">
         <name>.text:MRFI_RxIdle</name>
         <load_address>0xdb1c</load_address>
         <run_address>0xdb1c</run_address>
         <size>0x20</size>
         <input_file_ref idref="fl-f"/>
      </object_component>
      <object_component id="oc-4fd">
         <name>.text:handleLinkRequest</name>
         <load_address>0xdb3c</load_address>
         <run_address>0xdb3c</run_address>
         <size>0x20</size>
         <input_file_ref idref="fl-6"/>
      </object_component>
      <object_component id="oc-41e">
         <name>.text:memmove</name>
         <load_address>0xdb5c</load_address>
         <run_address>0xdb5c</run_address>
         <size>0x20</size>
         <input_file_ref idref="fl-5b"/>
      </object_component>
      <object_component id="oc-294">
         <name>.text:nwk_frameInit</name>
         <load_address>0xdb7c</load_address>
         <run_address>0xdb7c</run_address>
         <size>0x20</size>
         <input_file_ref idref="fl-d"/>
      </object_component>
      <object_component id="oc-4b8">
         <name>.text:nwk_processJoin</name>
         <load_address>0xdb9c</load_address>
         <run_address>0xdb9c</run_address>
         <size>0x20</size>
         <input_file_ref idref="fl-5"/>
      </object_component>
      <object_component id="oc-3cb">
         <name>.text:BSP_Delay</name>
         <load_address>0xdbbc</load_address>
         <run_address>0xdbbc</run_address>
         <size>0x1e</size>
         <input_file_ref idref="fl-10"/>
      </object_component>
      <object_component id="oc-1e3">
         <name>.text:mrfiSpiReadReg</name>
         <load_address>0xdbda</load_address>
         <run_address>0xdbda</run_address>
         <size>0x1e</size>
         <input_file_ref idref="fl-f"/>
      </object_component>
      <object_component id="oc-29a">
         <name>.text:nwk_QInit</name>
         <load_address>0xdbf8</load_address>
         <run_address>0xdbf8</run_address>
         <size>0x1e</size>
         <input_file_ref idref="fl-b"/>
      </object_component>
      <object_component id="oc-10e">
         <name>.text:MRFI_GpioIsr</name>
         <load_address>0xdc16</load_address>
         <run_address>0xdc16</run_address>
         <size>0x1c</size>
         <input_file_ref idref="fl-f"/>
      </object_component>
      <object_component id="oc-44d">
         <name>.text:nwk_setMyAddress</name>
         <load_address>0xdc32</load_address>
         <run_address>0xdc32</run_address>
         <size>0x1c</size>
         <input_file_ref idref="fl-e"/>
      </object_component>
      <object_component id="oc-af">
         <name>.text:BSP_GpioPort1Isr</name>
         <load_address>0xdc4e</load_address>
         <run_address>0xdc4e</run_address>
         <size>0x1a</size>
         <input_file_ref idref="fl-f"/>
      </object_component>
      <object_component id="oc-68">
         <name>.text:_c_int00_noargs_noexit</name>
         <load_address>0xdc68</load_address>
         <run_address>0xdc68</run_address>
         <size>0x1a</size>
         <input_file_ref idref="fl-41"/>
      </object_component>
      <object_component id="oc-256">
         <name>.text:mrfiSpiWriteReg</name>
         <load_address>0xdc82</load_address>
         <run_address>0xdc82</run_address>
         <size>0x1a</size>
         <input_file_ref idref="fl-f"/>
      </object_component>
      <object_component id="oc-1d3">
         <name>.text:MRFI_DelayMs</name>
         <load_address>0xdc9c</load_address>
         <run_address>0xdc9c</run_address>
         <size>0x18</size>
         <input_file_ref idref="fl-f"/>
      </object_component>
      <object_component id="oc-21f">
         <name>.text:BSP_InitLeds</name>
         <load_address>0xdcb4</load_address>
         <run_address>0xdcb4</run_address>
         <size>0x16</size>
         <input_file_ref idref="fl-10"/>
      </object_component>
      <object_component id="oc-3f5">
         <name>.text:MRFI_RandomByte</name>
         <load_address>0xdcca</load_address>
         <run_address>0xdcca</run_address>
         <size>0x16</size>
         <input_file_ref idref="fl-f"/>
      </object_component>
      <object_component id="oc-3d8">
         <name>.text:Mrfi_RxModeOn</name>
         <load_address>0xdce0</load_address>
         <run_address>0xdce0</run_address>
         <size>0x16</size>
         <input_file_ref idref="fl-f"/>
      </object_component>
      <object_component id="oc-46e">
         <name>.text</name>
         <load_address>0xdcf6</load_address>
         <run_address>0xdcf6</run_address>
         <size>0x16</size>
         <input_file_ref idref="fl-46"/>
      </object_component>
      <object_component id="oc-13d">
         <name>.text:toggleLED</name>
         <load_address>0xdd0c</load_address>
         <run_address>0xdd0c</run_address>
         <size>0x16</size>
         <input_file_ref idref="fl-2"/>
      </object_component>
      <object_component id="oc-4a">
         <name>.text:decompress:ZI:__TI_zero_init</name>
         <load_address>0xdd22</load_address>
         <run_address>0xdd22</run_address>
         <size>0x14</size>
         <input_file_ref idref="fl-44"/>
      </object_component>
      <object_component id="oc-349">
         <name>.text:ioctlPreInitAccessIsOK</name>
         <load_address>0xdd36</load_address>
         <run_address>0xdd36</run_address>
         <size>0x14</size>
         <input_file_ref idref="fl-c"/>
      </object_component>
      <object_component id="oc-1f2">
         <name>.text:memset</name>
         <load_address>0xdd4a</load_address>
         <run_address>0xdd4a</run_address>
         <size>0x14</size>
         <input_file_ref idref="fl-5c"/>
      </object_component>
      <object_component id="oc-285">
         <name>.text</name>
         <load_address>0xdd5e</load_address>
         <run_address>0xdd5e</run_address>
         <size>0x14</size>
         <input_file_ref idref="fl-5e"/>
      </object_component>
      <object_component id="oc-31">
         <name>.text:decompress:none:__TI_decompress_none</name>
         <load_address>0xdd72</load_address>
         <run_address>0xdd72</run_address>
         <size>0x12</size>
         <input_file_ref idref="fl-42"/>
      </object_component>
      <object_component id="oc-90">
         <name>.text:memcpy</name>
         <load_address>0xdd84</load_address>
         <run_address>0xdd84</run_address>
         <size>0x12</size>
         <input_file_ref idref="fl-5a"/>
      </object_component>
      <object_component id="oc-1ac">
         <name>.text:nwk_getMyAddress</name>
         <load_address>0xdd96</load_address>
         <run_address>0xdd96</run_address>
         <size>0x12</size>
         <input_file_ref idref="fl-e"/>
      </object_component>
      <object_component id="oc-30c">
         <name>.text:nwk_setLinkToken</name>
         <load_address>0xdda8</load_address>
         <run_address>0xdda8</run_address>
         <size>0x12</size>
         <input_file_ref idref="fl-6"/>
      </object_component>
      <object_component id="oc-271">
         <name>.text:l_asr</name>
         <load_address>0xddba</load_address>
         <run_address>0xddba</run_address>
         <size>0x10</size>
         <input_file_ref idref="fl-3f"/>
      </object_component>
      <object_component id="oc-105">
         <name>.text</name>
         <load_address>0xddca</load_address>
         <run_address>0xddca</run_address>
         <size>0x10</size>
         <input_file_ref idref="fl-48"/>
      </object_component>
      <object_component id="oc-39d">
         <name>.text:MRFI_Receive</name>
         <load_address>0xddda</load_address>
         <run_address>0xddda</run_address>
         <size>0xe</size>
         <input_file_ref idref="fl-f"/>
      </object_component>
      <object_component id="oc-4e3">
         <name>.text:mrfiSpiWriteTxFifo</name>
         <load_address>0xdde8</load_address>
         <run_address>0xdde8</run_address>
         <size>0xe</size>
         <input_file_ref idref="fl-f"/>
      </object_component>
      <object_component id="oc-51e">
         <name>.text:nwk_getNumObjectFromMsg</name>
         <load_address>0xddf6</load_address>
         <run_address>0xddf6</run_address>
         <size>0xe</size>
         <input_file_ref idref="fl-a"/>
      </object_component>
      <object_component id="oc-312">
         <name>.text:nwk_setAPAddress</name>
         <load_address>0xde04</load_address>
         <run_address>0xde04</run_address>
         <size>0xe</size>
         <input_file_ref idref="fl-e"/>
      </object_component>
      <object_component id="oc-4d2">
         <name>.text:MRFI_PostKillSem</name>
         <load_address>0xde12</load_address>
         <run_address>0xde12</run_address>
         <size>0xc</size>
         <input_file_ref idref="fl-f"/>
      </object_component>
      <object_component id="oc-4f6">
         <name>.text:handlePingRequest</name>
         <load_address>0xde1e</load_address>
         <run_address>0xde1e</run_address>
         <size>0xc</size>
         <input_file_ref idref="fl-8"/>
      </object_component>
      <object_component id="oc-1e9">
         <name>.text:mrfiSpiReadRxFifo</name>
         <load_address>0xde2a</load_address>
         <run_address>0xde2a</run_address>
         <size>0xc</size>
         <input_file_ref idref="fl-f"/>
      </object_component>
      <object_component id="oc-225">
         <name>.text:BSP_InitButtons</name>
         <load_address>0xde36</load_address>
         <run_address>0xde36</run_address>
         <size>0xa</size>
         <input_file_ref idref="fl-10"/>
      </object_component>
      <object_component id="oc-17b">
         <name>.text:BSP_InitDrivers</name>
         <load_address>0xde40</load_address>
         <run_address>0xde40</run_address>
         <size>0xa</size>
         <input_file_ref idref="fl-10"/>
      </object_component>
      <object_component id="oc-bc">
         <name>.text:_system_pre_init</name>
         <load_address>0xde4a</load_address>
         <run_address>0xde4a</run_address>
         <size>0xa</size>
         <input_file_ref idref="fl-10"/>
      </object_component>
      <object_component id="oc-2b2">
         <name>.text:nwk_mgmtInit</name>
         <load_address>0xde54</load_address>
         <run_address>0xde54</run_address>
         <size>0xa</size>
         <input_file_ref idref="fl-7"/>
      </object_component>
      <object_component id="oc-2a6">
         <name>.text:nwk_pingInit</name>
         <load_address>0xde5e</load_address>
         <run_address>0xde5e</run_address>
         <size>0xa</size>
         <input_file_ref idref="fl-8"/>
      </object_component>
      <object_component id="oc-1d9">
         <name>.text:SMPL_Send</name>
         <load_address>0xde68</load_address>
         <run_address>0xde68</run_address>
         <size>0x8</size>
         <input_file_ref idref="fl-c"/>
      </object_component>
      <object_component id="oc-2df">
         <name>.text:MRFI_GetRadioState</name>
         <load_address>0xde70</load_address>
         <run_address>0xde70</run_address>
         <size>0x6</size>
         <input_file_ref idref="fl-f"/>
      </object_component>
      <object_component id="oc-aa">
         <name>.text:_isr:__TI_ISR_TRAP</name>
         <load_address>0xde76</load_address>
         <run_address>0xde76</run_address>
         <size>0x6</size>
         <input_file_ref idref="fl-56"/>
      </object_component>
      <object_component id="oc-37">
         <name>.text:decompress:rle24:__TI_decompress_rle24</name>
         <load_address>0xde7c</load_address>
         <run_address>0xde7c</run_address>
         <size>0x6</size>
         <input_file_ref idref="fl-43"/>
      </object_component>
      <object_component id="oc-337">
         <name>.text:nwk_freeConnection</name>
         <load_address>0xde82</load_address>
         <run_address>0xde82</run_address>
         <size>0x6</size>
         <input_file_ref idref="fl-a"/>
      </object_component>
      <object_component id="oc-2c4">
         <name>.text:nwk_getBCastAddress</name>
         <load_address>0xde88</load_address>
         <run_address>0xde88</run_address>
         <size>0x6</size>
         <input_file_ref idref="fl-e"/>
      </object_component>
      <object_component id="oc-34f">
         <name>.text:nwk_getFWVersion</name>
         <load_address>0xde8e</load_address>
         <run_address>0xde8e</run_address>
         <size>0x6</size>
         <input_file_ref idref="fl-e"/>
      </object_component>
      <object_component id="oc-340">
         <name>.text:nwk_getMyRxType</name>
         <load_address>0xde94</load_address>
         <run_address>0xde94</run_address>
         <size>0x6</size>
         <input_file_ref idref="fl-d"/>
      </object_component>
      <object_component id="oc-2ee">
         <name>.text:nwk_getProtocolVersion</name>
         <load_address>0xde9a</load_address>
         <run_address>0xde9a</run_address>
         <size>0x6</size>
         <input_file_ref idref="fl-e"/>
      </object_component>
      <object_component id="oc-e4">
         <name>.text:abort</name>
         <load_address>0xdea0</load_address>
         <run_address>0xdea0</run_address>
         <size>0x4</size>
         <input_file_ref idref="fl-49"/>
      </object_component>
      <object_component id="oc-4c4">
         <name>.text:nwk_processFreq</name>
         <load_address>0xdea4</load_address>
         <run_address>0xdea4</run_address>
         <size>0x4</size>
         <input_file_ref idref="fl-3"/>
      </object_component>
      <object_component id="oc-4be">
         <name>.text:nwk_processSecurity</name>
         <load_address>0xdea8</load_address>
         <run_address>0xdea8</run_address>
         <size>0x4</size>
         <input_file_ref idref="fl-9"/>
      </object_component>
      <object_component id="oc-2a0">
         <name>.text:nwk_freqInit</name>
         <load_address>0xdeac</load_address>
         <run_address>0xdeac</run_address>
         <size>0x2</size>
         <input_file_ref idref="fl-3"/>
      </object_component>
      <object_component id="oc-2be">
         <name>.text:nwk_securityInit</name>
         <load_address>0xdeae</load_address>
         <run_address>0xdeae</run_address>
         <size>0x2</size>
         <input_file_ref idref="fl-9"/>
      </object_component>
      <object_component id="oc-564">
         <name>.cinit..data.load</name>
         <load_address>0xdf10</load_address>
         <run_address>0xdf10</run_address>
         <size>0xe</size>
      </object_component>
      <object_component id="oc-561">
         <name>__TI_handler_table</name>
         <load_address>0xdf1e</load_address>
         <run_address>0xdf1e</run_address>
         <size>0x6</size>
      </object_component>
      <object_component id="oc-563">
         <name>.cinit..bss.load</name>
         <load_address>0xdf24</load_address>
         <run_address>0xdf24</run_address>
         <size>0x4</size>
      </object_component>
      <object_component id="oc-562">
         <name>__TI_cinit_table</name>
         <load_address>0xdf28</load_address>
         <run_address>0xdf28</run_address>
         <size>0x8</size>
      </object_component>
      <object_component id="oc-25c">
         <name>.const:mrfiRadioCfg</name>
         <load_address>0xdeb0</load_address>
         <run_address>0xdeb0</run_address>
         <size>0x3e</size>
         <input_file_ref idref="fl-f"/>
      </object_component>
      <object_component id="oc-476">
         <name>.const:func</name>
         <load_address>0xdeee</load_address>
         <run_address>0xdeee</run_address>
         <size>0xc</size>
         <input_file_ref idref="fl-d"/>
      </object_component>
      <object_component id="oc-2d3">
         <name>.const</name>
         <load_address>0xdefa</load_address>
         <run_address>0xdefa</run_address>
         <size>0x9</size>
         <input_file_ref idref="fl-e"/>
      </object_component>
      <object_component id="oc-2d7">
         <name>.const:.string:mrfiBroadcastAddr</name>
         <load_address>0xdf04</load_address>
         <run_address>0xdf04</run_address>
         <size>0x4</size>
         <input_file_ref idref="fl-f"/>
      </object_component>
      <object_component id="oc-3d5">
         <name>.const:.string:mrfiLogicalChanTable</name>
         <load_address>0xdf08</load_address>
         <run_address>0xdf08</run_address>
         <size>0x4</size>
         <input_file_ref idref="fl-f"/>
      </object_component>
      <object_component id="oc-3df">
         <name>.const:.string:mrfiRFPowerTable</name>
         <load_address>0xdf0c</load_address>
         <run_address>0xdf0c</run_address>
         <size>0x3</size>
         <input_file_ref idref="fl-f"/>
      </object_component>
      <object_component id="oc-3d">
         <name>.int00</name>
         <load_address>0xffe0</load_address>
         <run_address>0xffe0</run_address>
         <size>0x2</size>
         <input_file_ref idref="fl-4a"/>
      </object_component>
      <object_component id="oc-3e">
         <name>.int02</name>
         <load_address>0xffe4</load_address>
         <run_address>0xffe4</run_address>
         <size>0x2</size>
         <input_file_ref idref="fl-4b"/>
      </object_component>
      <object_component id="oc-3f">
         <name>.int03</name>
         <load_address>0xffe6</load_address>
         <run_address>0xffe6</run_address>
         <size>0x2</size>
         <input_file_ref idref="fl-f"/>
      </object_component>
      <object_component id="oc-40">
         <name>.int05</name>
         <load_address>0xffea</load_address>
         <run_address>0xffea</run_address>
         <size>0x2</size>
         <input_file_ref idref="fl-4c"/>
      </object_component>
      <object_component id="oc-41">
         <name>.int06</name>
         <load_address>0xffec</load_address>
         <run_address>0xffec</run_address>
         <size>0x2</size>
         <input_file_ref idref="fl-4d"/>
      </object_component>
      <object_component id="oc-42">
         <name>.int07</name>
         <load_address>0xffee</load_address>
         <run_address>0xffee</run_address>
         <size>0x2</size>
         <input_file_ref idref="fl-4e"/>
      </object_component>
      <object_component id="oc-43">
         <name>.int08</name>
         <load_address>0xfff0</load_address>
         <run_address>0xfff0</run_address>
         <size>0x2</size>
         <input_file_ref idref="fl-4f"/>
      </object_component>
      <object_component id="oc-44">
         <name>.int09</name>
         <load_address>0xfff2</load_address>
         <run_address>0xfff2</run_address>
         <size>0x2</size>
         <input_file_ref idref="fl-50"/>
      </object_component>
      <object_component id="oc-45">
         <name>.int10</name>
         <load_address>0xfff4</load_address>
         <run_address>0xfff4</run_address>
         <size>0x2</size>
         <input_file_ref idref="fl-51"/>
      </object_component>
      <object_component id="oc-46">
         <name>.int11</name>
         <load_address>0xfff6</load_address>
         <run_address>0xfff6</run_address>
         <size>0x2</size>
         <input_file_ref idref="fl-52"/>
      </object_component>
      <object_component id="oc-47">
         <name>.int12</name>
         <load_address>0xfff8</load_address>
         <run_address>0xfff8</run_address>
         <size>0x2</size>
         <input_file_ref idref="fl-53"/>
      </object_component>
      <object_component id="oc-48">
         <name>.int13</name>
         <load_address>0xfffa</load_address>
         <run_address>0xfffa</run_address>
         <size>0x2</size>
         <input_file_ref idref="fl-54"/>
      </object_component>
      <object_component id="oc-49">
         <name>.int14</name>
         <load_address>0xfffc</load_address>
         <run_address>0xfffc</run_address>
         <size>0x2</size>
         <input_file_ref idref="fl-55"/>
      </object_component>
      <object_component id="oc-8f">
         <name>.reset</name>
         <load_address>0xfffe</load_address>
         <run_address>0xfffe</run_address>
         <size>0x2</size>
         <input_file_ref idref="fl-40"/>
      </object_component>
      <object_component id="oc-187">
         <name>.data</name>
         <load_address>0x2d6</load_address>
         <run_address>0x2d6</run_address>
         <size>0x3</size>
         <input_file_ref idref="fl-2"/>
      </object_component>
      <object_component id="oc-2e5">
         <name>.data</name>
         <load_address>0x2c2</load_address>
         <run_address>0x2c2</run_address>
         <size>0x7</size>
         <input_file_ref idref="fl-5"/>
      </object_component>
      <object_component id="oc-33d">
         <name>.data</name>
         <load_address>0x2ca</load_address>
         <run_address>0x2ca</run_address>
         <size>0x7</size>
         <input_file_ref idref="fl-6"/>
      </object_component>
      <object_component id="oc-407">
         <name>.data</name>
         <load_address>0x2da</load_address>
         <run_address>0x2da</run_address>
         <size>0x3</size>
         <input_file_ref idref="fl-7"/>
      </object_component>
      <object_component id="oc-402">
         <name>.data</name>
         <load_address>0x2d9</load_address>
         <run_address>0x2d9</run_address>
         <size>0x1</size>
         <input_file_ref idref="fl-8"/>
      </object_component>
      <object_component id="oc-28b">
         <name>.data</name>
         <load_address>0x28a</load_address>
         <run_address>0x28a</run_address>
         <size>0x26</size>
         <input_file_ref idref="fl-a"/>
      </object_component>
      <object_component id="oc-197">
         <name>.data</name>
         <load_address>0x2c9</load_address>
         <run_address>0x2c9</run_address>
         <size>0x1</size>
         <input_file_ref idref="fl-c"/>
      </object_component>
      <object_component id="oc-3f2">
         <name>.data</name>
         <load_address>0x2ba</load_address>
         <run_address>0x2ba</run_address>
         <size>0x8</size>
         <input_file_ref idref="fl-d"/>
      </object_component>
      <object_component id="oc-2cd">
         <name>.data</name>
         <load_address>0x2d1</load_address>
         <run_address>0x2d1</run_address>
         <size>0x1</size>
         <input_file_ref idref="fl-e"/>
      </object_component>
      <object_component id="oc-1e0">
         <name>.data</name>
         <load_address>0x2b0</load_address>
         <run_address>0x2b0</run_address>
         <size>0x9</size>
         <input_file_ref idref="fl-f"/>
      </object_component>
      <object_component id="oc-2da">
         <name>.data:mrfiRxFilterAddr</name>
         <load_address>0x2d2</load_address>
         <run_address>0x2d2</run_address>
         <size>0x4</size>
         <input_file_ref idref="fl-f"/>
      </object_component>
      <object_component id="oc-21b">
         <name>.data</name>
         <load_address>0x2b9</load_address>
         <run_address>0x2b9</run_address>
         <size>0x1</size>
         <input_file_ref idref="fl-10"/>
      </object_component>
      <object_component id="oc-196">
         <name>.debug_info</name>
         <load_address>0x0</load_address>
         <run_address>0x0</run_address>
         <size>0x2f2</size>
         <input_file_ref idref="fl-2"/>
      </object_component>
      <object_component id="oc-188">
         <name>.debug_info</name>
         <load_address>0x2f2</load_address>
         <run_address>0x2f2</run_address>
         <size>0x107</size>
         <input_file_ref idref="fl-2"/>
      </object_component>
      <object_component id="oc-dd">
         <name>.debug_info</name>
         <load_address>0x3f9</load_address>
         <run_address>0x3f9</run_address>
         <size>0x138</size>
         <input_file_ref idref="fl-2"/>
      </object_component>
      <object_component id="oc-144">
         <name>.debug_info</name>
         <load_address>0x531</load_address>
         <run_address>0x531</run_address>
         <size>0x1d2</size>
         <input_file_ref idref="fl-2"/>
      </object_component>
      <object_component id="oc-13e">
         <name>.debug_info</name>
         <load_address>0x703</load_address>
         <run_address>0x703</run_address>
         <size>0x122</size>
         <input_file_ref idref="fl-2"/>
      </object_component>
      <object_component id="oc-132">
         <name>.debug_info</name>
         <load_address>0x825</load_address>
         <run_address>0x825</run_address>
         <size>0x187</size>
         <input_file_ref idref="fl-2"/>
      </object_component>
      <object_component id="oc-243">
         <name>.debug_info</name>
         <load_address>0x9ac</load_address>
         <run_address>0x9ac</run_address>
         <size>0x5e</size>
         <input_file_ref idref="fl-2"/>
      </object_component>
      <object_component id="oc-191">
         <name>.debug_info</name>
         <load_address>0xa0a</load_address>
         <run_address>0xa0a</run_address>
         <size>0x692</size>
         <input_file_ref idref="fl-2"/>
      </object_component>
      <object_component id="oc-f2">
         <name>.debug_info</name>
         <load_address>0x109c</load_address>
         <run_address>0x109c</run_address>
         <size>0x84</size>
         <input_file_ref idref="fl-2"/>
      </object_component>
      <object_component id="oc-182">
         <name>.debug_info</name>
         <load_address>0x1120</load_address>
         <run_address>0x1120</run_address>
         <size>0x6d</size>
         <input_file_ref idref="fl-2"/>
      </object_component>
      <object_component id="oc-211">
         <name>.debug_info</name>
         <load_address>0x118d</load_address>
         <run_address>0x118d</run_address>
         <size>0x2c</size>
         <input_file_ref idref="fl-2"/>
      </object_component>
      <object_component id="oc-434">
         <name>.debug_info</name>
         <load_address>0x11b9</load_address>
         <run_address>0x11b9</run_address>
         <size>0x1c6</size>
         <input_file_ref idref="fl-3"/>
      </object_component>
      <object_component id="oc-2a1">
         <name>.debug_info</name>
         <load_address>0x137f</load_address>
         <run_address>0x137f</run_address>
         <size>0x1fb</size>
         <input_file_ref idref="fl-3"/>
      </object_component>
      <object_component id="oc-4c5">
         <name>.debug_info</name>
         <load_address>0x157a</load_address>
         <run_address>0x157a</run_address>
         <size>0x218</size>
         <input_file_ref idref="fl-3"/>
      </object_component>
      <object_component id="oc-326">
         <name>.debug_info</name>
         <load_address>0x1792</load_address>
         <run_address>0x1792</run_address>
         <size>0xc2</size>
         <input_file_ref idref="fl-3"/>
      </object_component>
      <object_component id="oc-321">
         <name>.debug_info</name>
         <load_address>0x1854</load_address>
         <run_address>0x1854</run_address>
         <size>0xb1</size>
         <input_file_ref idref="fl-3"/>
      </object_component>
      <object_component id="oc-f9">
         <name>.debug_info</name>
         <load_address>0x1905</load_address>
         <run_address>0x1905</run_address>
         <size>0x2c</size>
         <input_file_ref idref="fl-3"/>
      </object_component>
      <object_component id="oc-44c">
         <name>.debug_info</name>
         <load_address>0x1931</load_address>
         <run_address>0x1931</run_address>
         <size>0x451</size>
         <input_file_ref idref="fl-4"/>
      </object_component>
      <object_component id="oc-368">
         <name>.debug_info</name>
         <load_address>0x1d82</load_address>
         <run_address>0x1d82</run_address>
         <size>0x281</size>
         <input_file_ref idref="fl-4"/>
      </object_component>
      <object_component id="oc-36e">
         <name>.debug_info</name>
         <load_address>0x2003</load_address>
         <run_address>0x2003</run_address>
         <size>0x24d</size>
         <input_file_ref idref="fl-4"/>
      </object_component>
      <object_component id="oc-362">
         <name>.debug_info</name>
         <load_address>0x2250</load_address>
         <run_address>0x2250</run_address>
         <size>0x314</size>
         <input_file_ref idref="fl-4"/>
      </object_component>
      <object_component id="oc-35c">
         <name>.debug_info</name>
         <load_address>0x2564</load_address>
         <run_address>0x2564</run_address>
         <size>0x2a0</size>
         <input_file_ref idref="fl-4"/>
      </object_component>
      <object_component id="oc-356">
         <name>.debug_info</name>
         <load_address>0x2804</load_address>
         <run_address>0x2804</run_address>
         <size>0x2af</size>
         <input_file_ref idref="fl-4"/>
      </object_component>
      <object_component id="oc-319">
         <name>.debug_info</name>
         <load_address>0x2ab3</load_address>
         <run_address>0x2ab3</run_address>
         <size>0x4e3</size>
         <input_file_ref idref="fl-5"/>
      </object_component>
      <object_component id="oc-2e6">
         <name>.debug_info</name>
         <load_address>0x2f96</load_address>
         <run_address>0x2f96</run_address>
         <size>0x161</size>
         <input_file_ref idref="fl-5"/>
      </object_component>
      <object_component id="oc-2ad">
         <name>.debug_info</name>
         <load_address>0x30f7</load_address>
         <run_address>0x30f7</run_address>
         <size>0x228</size>
         <input_file_ref idref="fl-5"/>
      </object_component>
      <object_component id="oc-1bf">
         <name>.debug_info</name>
         <load_address>0x331f</load_address>
         <run_address>0x331f</run_address>
         <size>0x3c2</size>
         <input_file_ref idref="fl-5"/>
      </object_component>
      <object_component id="oc-4b9">
         <name>.debug_info</name>
         <load_address>0x36e1</load_address>
         <run_address>0x36e1</run_address>
         <size>0x253</size>
         <input_file_ref idref="fl-5"/>
      </object_component>
      <object_component id="oc-31a">
         <name>.debug_info</name>
         <load_address>0x3934</load_address>
         <run_address>0x3934</run_address>
         <size>0x62</size>
         <input_file_ref idref="fl-5"/>
      </object_component>
      <object_component id="oc-347">
         <name>.debug_info</name>
         <load_address>0x3996</load_address>
         <run_address>0x3996</run_address>
         <size>0x76c</size>
         <input_file_ref idref="fl-6"/>
      </object_component>
      <object_component id="oc-33e">
         <name>.debug_info</name>
         <load_address>0x4102</load_address>
         <run_address>0x4102</run_address>
         <size>0x18d</size>
         <input_file_ref idref="fl-6"/>
      </object_component>
      <object_component id="oc-2b9">
         <name>.debug_info</name>
         <load_address>0x428f</load_address>
         <run_address>0x428f</run_address>
         <size>0x21b</size>
         <input_file_ref idref="fl-6"/>
      </object_component>
      <object_component id="oc-30d">
         <name>.debug_info</name>
         <load_address>0x44aa</load_address>
         <run_address>0x44aa</run_address>
         <size>0x226</size>
         <input_file_ref idref="fl-6"/>
      </object_component>
      <object_component id="oc-1c8">
         <name>.debug_info</name>
         <load_address>0x46d0</load_address>
         <run_address>0x46d0</run_address>
         <size>0x412</size>
         <input_file_ref idref="fl-6"/>
      </object_component>
      <object_component id="oc-515">
         <name>.debug_info</name>
         <load_address>0x4ae2</load_address>
         <run_address>0x4ae2</run_address>
         <size>0x437</size>
         <input_file_ref idref="fl-6"/>
      </object_component>
      <object_component id="oc-4b3">
         <name>.debug_info</name>
         <load_address>0x4f19</load_address>
         <run_address>0x4f19</run_address>
         <size>0x27e</size>
         <input_file_ref idref="fl-6"/>
      </object_component>
      <object_component id="oc-4fe">
         <name>.debug_info</name>
         <load_address>0x5197</load_address>
         <run_address>0x5197</run_address>
         <size>0x256</size>
         <input_file_ref idref="fl-6"/>
      </object_component>
      <object_component id="oc-496">
         <name>.debug_info</name>
         <load_address>0x53ed</load_address>
         <run_address>0x53ed</run_address>
         <size>0x36b</size>
         <input_file_ref idref="fl-7"/>
      </object_component>
      <object_component id="oc-408">
         <name>.debug_info</name>
         <load_address>0x5758</load_address>
         <run_address>0x5758</run_address>
         <size>0x137</size>
         <input_file_ref idref="fl-7"/>
      </object_component>
      <object_component id="oc-2b3">
         <name>.debug_info</name>
         <load_address>0x588f</load_address>
         <run_address>0x588f</run_address>
         <size>0x20e</size>
         <input_file_ref idref="fl-7"/>
      </object_component>
      <object_component id="oc-4cb">
         <name>.debug_info</name>
         <load_address>0x5a9d</load_address>
         <run_address>0x5a9d</run_address>
         <size>0x287</size>
         <input_file_ref idref="fl-7"/>
      </object_component>
      <object_component id="oc-493">
         <name>.debug_info</name>
         <load_address>0x5d24</load_address>
         <run_address>0x5d24</run_address>
         <size>0x44c</size>
         <input_file_ref idref="fl-8"/>
      </object_component>
      <object_component id="oc-403">
         <name>.debug_info</name>
         <load_address>0x6170</load_address>
         <run_address>0x6170</run_address>
         <size>0x119</size>
         <input_file_ref idref="fl-8"/>
      </object_component>
      <object_component id="oc-2a7">
         <name>.debug_info</name>
         <load_address>0x6289</load_address>
         <run_address>0x6289</run_address>
         <size>0x20e</size>
         <input_file_ref idref="fl-8"/>
      </object_component>
      <object_component id="oc-50e">
         <name>.debug_info</name>
         <load_address>0x6497</load_address>
         <run_address>0x6497</run_address>
         <size>0x27e</size>
         <input_file_ref idref="fl-8"/>
      </object_component>
      <object_component id="oc-4ad">
         <name>.debug_info</name>
         <load_address>0x6715</load_address>
         <run_address>0x6715</run_address>
         <size>0x27c</size>
         <input_file_ref idref="fl-8"/>
      </object_component>
      <object_component id="oc-4f7">
         <name>.debug_info</name>
         <load_address>0x6991</load_address>
         <run_address>0x6991</run_address>
         <size>0x245</size>
         <input_file_ref idref="fl-8"/>
      </object_component>
      <object_component id="oc-506">
         <name>.debug_info</name>
         <load_address>0x6bd6</load_address>
         <run_address>0x6bd6</run_address>
         <size>0x1ca</size>
         <input_file_ref idref="fl-9"/>
      </object_component>
      <object_component id="oc-2bf">
         <name>.debug_info</name>
         <load_address>0x6da0</load_address>
         <run_address>0x6da0</run_address>
         <size>0x20c</size>
         <input_file_ref idref="fl-9"/>
      </object_component>
      <object_component id="oc-4bf">
         <name>.debug_info</name>
         <load_address>0x6fac</load_address>
         <run_address>0x6fac</run_address>
         <size>0x229</size>
         <input_file_ref idref="fl-9"/>
      </object_component>
      <object_component id="oc-2cb">
         <name>.debug_info</name>
         <load_address>0x71d5</load_address>
         <run_address>0x71d5</run_address>
         <size>0x481</size>
         <input_file_ref idref="fl-a"/>
      </object_component>
      <object_component id="oc-28c">
         <name>.debug_info</name>
         <load_address>0x7656</load_address>
         <run_address>0x7656</run_address>
         <size>0x117</size>
         <input_file_ref idref="fl-a"/>
      </object_component>
      <object_component id="oc-1a1">
         <name>.debug_info</name>
         <load_address>0x776d</load_address>
         <run_address>0x776d</run_address>
         <size>0x2be</size>
         <input_file_ref idref="fl-a"/>
      </object_component>
      <object_component id="oc-32c">
         <name>.debug_info</name>
         <load_address>0x7a2b</load_address>
         <run_address>0x7a2b</run_address>
         <size>0x23b</size>
         <input_file_ref idref="fl-a"/>
      </object_component>
      <object_component id="oc-436">
         <name>.debug_info</name>
         <load_address>0x7c66</load_address>
         <run_address>0x7c66</run_address>
         <size>0x235</size>
         <input_file_ref idref="fl-a"/>
      </object_component>
      <object_component id="oc-338">
         <name>.debug_info</name>
         <load_address>0x7e9b</load_address>
         <run_address>0x7e9b</run_address>
         <size>0x1fb</size>
         <input_file_ref idref="fl-a"/>
      </object_component>
      <object_component id="oc-22f">
         <name>.debug_info</name>
         <load_address>0x8096</load_address>
         <run_address>0x8096</run_address>
         <size>0x22e</size>
         <input_file_ref idref="fl-a"/>
      </object_component>
      <object_component id="oc-525">
         <name>.debug_info</name>
         <load_address>0x82c4</load_address>
         <run_address>0x82c4</run_address>
         <size>0x25a</size>
         <input_file_ref idref="fl-a"/>
      </object_component>
      <object_component id="oc-235">
         <name>.debug_info</name>
         <load_address>0x851e</load_address>
         <run_address>0x851e</run_address>
         <size>0x228</size>
         <input_file_ref idref="fl-a"/>
      </object_component>
      <object_component id="oc-47a">
         <name>.debug_info</name>
         <load_address>0x8746</load_address>
         <run_address>0x8746</run_address>
         <size>0x27b</size>
         <input_file_ref idref="fl-a"/>
      </object_component>
      <object_component id="oc-332">
         <name>.debug_info</name>
         <load_address>0x89c1</load_address>
         <run_address>0x89c1</run_address>
         <size>0x288</size>
         <input_file_ref idref="fl-a"/>
      </object_component>
      <object_component id="oc-4f1">
         <name>.debug_info</name>
         <load_address>0x8c49</load_address>
         <run_address>0x8c49</run_address>
         <size>0x2b6</size>
         <input_file_ref idref="fl-a"/>
      </object_component>
      <object_component id="oc-3b6">
         <name>.debug_info</name>
         <load_address>0x8eff</load_address>
         <run_address>0x8eff</run_address>
         <size>0x21c</size>
         <input_file_ref idref="fl-a"/>
      </object_component>
      <object_component id="oc-51f">
         <name>.debug_info</name>
         <load_address>0x911b</load_address>
         <run_address>0x911b</run_address>
         <size>0x257</size>
         <input_file_ref idref="fl-a"/>
      </object_component>
      <object_component id="oc-2e9">
         <name>.debug_info</name>
         <load_address>0x9372</load_address>
         <run_address>0x9372</run_address>
         <size>0x286</size>
         <input_file_ref idref="fl-a"/>
      </object_component>
      <object_component id="oc-3eb">
         <name>.debug_info</name>
         <load_address>0x95f8</load_address>
         <run_address>0x95f8</run_address>
         <size>0xbc</size>
         <input_file_ref idref="fl-a"/>
      </object_component>
      <object_component id="oc-3fd">
         <name>.debug_info</name>
         <load_address>0x96b4</load_address>
         <run_address>0x96b4</run_address>
         <size>0x355</size>
         <input_file_ref idref="fl-b"/>
      </object_component>
      <object_component id="oc-29b">
         <name>.debug_info</name>
         <load_address>0x9a09</load_address>
         <run_address>0x9a09</run_address>
         <size>0x1e8</size>
         <input_file_ref idref="fl-b"/>
      </object_component>
      <object_component id="oc-398">
         <name>.debug_info</name>
         <load_address>0x9bf1</load_address>
         <run_address>0x9bf1</run_address>
         <size>0x29c</size>
         <input_file_ref idref="fl-b"/>
      </object_component>
      <object_component id="oc-3c4">
         <name>.debug_info</name>
         <load_address>0x9e8d</load_address>
         <run_address>0x9e8d</run_address>
         <size>0x26a</size>
         <input_file_ref idref="fl-b"/>
      </object_component>
      <object_component id="oc-3be">
         <name>.debug_info</name>
         <load_address>0xa0f7</load_address>
         <run_address>0xa0f7</run_address>
         <size>0x36b</size>
         <input_file_ref idref="fl-b"/>
      </object_component>
      <object_component id="oc-1c5">
         <name>.debug_info</name>
         <load_address>0xa462</load_address>
         <run_address>0xa462</run_address>
         <size>0x755</size>
         <input_file_ref idref="fl-c"/>
      </object_component>
      <object_component id="oc-198">
         <name>.debug_info</name>
         <load_address>0xabb7</load_address>
         <run_address>0xabb7</run_address>
         <size>0x117</size>
         <input_file_ref idref="fl-c"/>
      </object_component>
      <object_component id="oc-138">
         <name>.debug_info</name>
         <load_address>0xacce</load_address>
         <run_address>0xacce</run_address>
         <size>0x282</size>
         <input_file_ref idref="fl-c"/>
      </object_component>
      <object_component id="oc-1da">
         <name>.debug_info</name>
         <load_address>0xaf50</load_address>
         <run_address>0xaf50</run_address>
         <size>0x20c</size>
         <input_file_ref idref="fl-c"/>
      </object_component>
      <object_component id="oc-376">
         <name>.debug_info</name>
         <load_address>0xb15c</load_address>
         <run_address>0xb15c</run_address>
         <size>0x30a</size>
         <input_file_ref idref="fl-c"/>
      </object_component>
      <object_component id="oc-18b">
         <name>.debug_info</name>
         <load_address>0xb466</load_address>
         <run_address>0xb466</run_address>
         <size>0x2a7</size>
         <input_file_ref idref="fl-c"/>
      </object_component>
      <object_component id="oc-1ce">
         <name>.debug_info</name>
         <load_address>0xb70d</load_address>
         <run_address>0xb70d</run_address>
         <size>0x320</size>
         <input_file_ref idref="fl-c"/>
      </object_component>
      <object_component id="oc-34a">
         <name>.debug_info</name>
         <load_address>0xba2d</load_address>
         <run_address>0xba2d</run_address>
         <size>0x20a</size>
         <input_file_ref idref="fl-c"/>
      </object_component>
      <object_component id="oc-3aa">
         <name>.debug_info</name>
         <load_address>0xbc37</load_address>
         <run_address>0xbc37</run_address>
         <size>0x598</size>
         <input_file_ref idref="fl-d"/>
      </object_component>
      <object_component id="oc-477">
         <name>.debug_info</name>
         <load_address>0xc1cf</load_address>
         <run_address>0xc1cf</run_address>
         <size>0x10d</size>
         <input_file_ref idref="fl-d"/>
      </object_component>
      <object_component id="oc-3f3">
         <name>.debug_info</name>
         <load_address>0xc2dc</load_address>
         <run_address>0xc2dc</run_address>
         <size>0x19b</size>
         <input_file_ref idref="fl-d"/>
      </object_component>
      <object_component id="oc-295">
         <name>.debug_info</name>
         <load_address>0xc477</load_address>
         <run_address>0xc477</run_address>
         <size>0x21d</size>
         <input_file_ref idref="fl-d"/>
      </object_component>
      <object_component id="oc-45c">
         <name>.debug_info</name>
         <load_address>0xc694</load_address>
         <run_address>0xc694</run_address>
         <size>0x2a3</size>
         <input_file_ref idref="fl-d"/>
      </object_component>
      <object_component id="oc-205">
         <name>.debug_info</name>
         <load_address>0xc937</load_address>
         <run_address>0xc937</run_address>
         <size>0x237</size>
         <input_file_ref idref="fl-d"/>
      </object_component>
      <object_component id="oc-23b">
         <name>.debug_info</name>
         <load_address>0xcb6e</load_address>
         <run_address>0xcb6e</run_address>
         <size>0x334</size>
         <input_file_ref idref="fl-d"/>
      </object_component>
      <object_component id="oc-3a4">
         <name>.debug_info</name>
         <load_address>0xcea2</load_address>
         <run_address>0xcea2</run_address>
         <size>0x273</size>
         <input_file_ref idref="fl-d"/>
      </object_component>
      <object_component id="oc-462">
         <name>.debug_info</name>
         <load_address>0xd115</load_address>
         <run_address>0xd115</run_address>
         <size>0x251</size>
         <input_file_ref idref="fl-d"/>
      </object_component>
      <object_component id="oc-341">
         <name>.debug_info</name>
         <load_address>0xd366</load_address>
         <run_address>0xd366</run_address>
         <size>0x1e1</size>
         <input_file_ref idref="fl-d"/>
      </object_component>
      <object_component id="oc-2d1">
         <name>.debug_info</name>
         <load_address>0xd547</load_address>
         <run_address>0xd547</run_address>
         <size>0x2ef</size>
         <input_file_ref idref="fl-e"/>
      </object_component>
      <object_component id="oc-2d4">
         <name>.debug_info</name>
         <load_address>0xd836</load_address>
         <run_address>0xd836</run_address>
         <size>0x149</size>
         <input_file_ref idref="fl-e"/>
      </object_component>
      <object_component id="oc-2ce">
         <name>.debug_info</name>
         <load_address>0xd97f</load_address>
         <run_address>0xd97f</run_address>
         <size>0x127</size>
         <input_file_ref idref="fl-e"/>
      </object_component>
      <object_component id="oc-28f">
         <name>.debug_info</name>
         <load_address>0xdaa6</load_address>
         <run_address>0xdaa6</run_address>
         <size>0x1fa</size>
         <input_file_ref idref="fl-e"/>
      </object_component>
      <object_component id="oc-1ad">
         <name>.debug_info</name>
         <load_address>0xdca0</load_address>
         <run_address>0xdca0</run_address>
         <size>0x1e6</size>
         <input_file_ref idref="fl-e"/>
      </object_component>
      <object_component id="oc-350">
         <name>.debug_info</name>
         <load_address>0xde86</load_address>
         <run_address>0xde86</run_address>
         <size>0x1e6</size>
         <input_file_ref idref="fl-e"/>
      </object_component>
      <object_component id="oc-2ef">
         <name>.debug_info</name>
         <load_address>0xe06c</load_address>
         <run_address>0xe06c</run_address>
         <size>0x1f2</size>
         <input_file_ref idref="fl-e"/>
      </object_component>
      <object_component id="oc-44e">
         <name>.debug_info</name>
         <load_address>0xe25e</load_address>
         <run_address>0xe25e</run_address>
         <size>0x222</size>
         <input_file_ref idref="fl-e"/>
      </object_component>
      <object_component id="oc-313">
         <name>.debug_info</name>
         <load_address>0xe480</load_address>
         <run_address>0xe480</run_address>
         <size>0x211</size>
         <input_file_ref idref="fl-e"/>
      </object_component>
      <object_component id="oc-2c5">
         <name>.debug_info</name>
         <load_address>0xe691</load_address>
         <run_address>0xe691</run_address>
         <size>0x1ed</size>
         <input_file_ref idref="fl-e"/>
[...]
      </symbol>
      <symbol id="sm-2da">
         <name>nwk_isValidReply</name>
         <value>0xd518</value>
         <object_component_ref idref="oc-4f0"/>
      </symbol>
      <symbol id="sm-2db">
         <name>nwk_putNumObjectIntoMsg</name>
         <value>0xd4dc</value>
         <object_component_ref idref="oc-2e8"/>
      </symbol>
      <symbol id="sm-2dc">
         <name>nwk_allocateLocalRxPort</name>
         <value>0xc8be</value>
         <object_component_ref idref="oc-331"/>
      </symbol>
      <symbol id="sm-2dd">
         <name>nwk_nwkInit</name>
         <value>0xcd66</value>
         <object_component_ref idref="oc-1a0"/>
      </symbol>
      <symbol id="sm-2de">
         <name>nwk_getConnInfo</name>
         <value>0xd728</value>
         <object_component_ref idref="oc-22e"/>
      </symbol>
      <symbol id="sm-2df">
         <name>nwk_getNumObjectFromMsg</name>
         <value>0xddf6</value>
         <object_component_ref idref="oc-51e"/>
      </symbol>
      <symbol id="sm-326">
         <name>nwk_QadjustOrder</name>
         <value>0xd6f6</value>
         <object_component_ref idref="oc-3c3"/>
      </symbol>
      <symbol id="sm-327">
         <name>nwk_QfindSlot</name>
         <value>0xcdec</value>
         <object_component_ref idref="oc-397"/>
      </symbol>
      <symbol id="sm-328">
         <name>nwk_QInit</name>
         <value>0xdbf8</value>
         <object_component_ref idref="oc-29a"/>
      </symbol>
      <symbol id="sm-329">
         <name>nwk_QfindOldest</name>
         <value>0xc4c0</value>
         <object_component_ref idref="oc-3bd"/>
      </symbol>
      <symbol id="sm-379">
         <name>SMPL_Receive</name>
         <value>0xd22a</value>
         <object_component_ref idref="oc-18a"/>
      </symbol>
      <symbol id="sm-37a">
         <name>SMPL_Send</name>
         <value>0xde68</value>
         <object_component_ref idref="oc-1d9"/>
      </symbol>
      <symbol id="sm-37b">
         <name>SMPL_Init</name>
         <value>0xd62a</value>
         <object_component_ref idref="oc-137"/>
      </symbol>
      <symbol id="sm-37c">
         <name>SMPL_SendOpt</name>
         <value>0xce6e</value>
         <object_component_ref idref="oc-375"/>
      </symbol>
      <symbol id="sm-37d">
         <name>SMPL_Ioctl</name>
         <value>0xcafa</value>
         <object_component_ref idref="oc-1cd"/>
      </symbol>
      <symbol id="sm-3da">
         <name>nwk_buildFrame</name>
         <value>0xcbaa</value>
         <object_component_ref idref="oc-45b"/>
      </symbol>
      <symbol id="sm-3db">
         <name>nwk_sendFrame</name>
         <value>0xd81c</value>
         <object_component_ref idref="oc-461"/>
      </symbol>
      <symbol id="sm-3dc">
         <name>nwk_getMyRxType</name>
         <value>0xde94</value>
         <object_component_ref idref="oc-340"/>
      </symbol>
      <symbol id="sm-3dd">
         <name>nwk_frameInit</name>
         <value>0xdb7c</value>
         <object_component_ref idref="oc-294"/>
      </symbol>
      <symbol id="sm-3de">
         <name>nwk_retrieveFrame</name>
         <value>0xca48</value>
         <object_component_ref idref="oc-23a"/>
      </symbol>
      <symbol id="sm-3df">
         <name>MRFI_RxCompleteISR</name>
         <value>0xdafc</value>
         <object_component_ref idref="oc-204"/>
      </symbol>
      <symbol id="sm-429">
         <name>nwk_getProtocolVersion</name>
         <value>0xde9a</value>
         <object_component_ref idref="oc-2ee"/>
      </symbol>
      <symbol id="sm-42a">
         <name>nwk_getFWVersion</name>
         <value>0xde8e</value>
         <object_component_ref idref="oc-34f"/>
      </symbol>
      <symbol id="sm-42b">
         <name>nwk_globalsInit</name>
         <value>0xd99a</value>
         <object_component_ref idref="oc-28e"/>
      </symbol>
      <symbol id="sm-42c">
         <name>nwk_setAPAddress</name>
         <value>0xde04</value>
         <object_component_ref idref="oc-312"/>
      </symbol>
      <symbol id="sm-42d">
         <name>nwk_setMyAddress</name>
         <value>0xdc32</value>
         <object_component_ref idref="oc-44d"/>
      </symbol>
      <symbol id="sm-42e">
         <name>nwk_getBCastAddress</name>
         <value>0xde88</value>
         <object_component_ref idref="oc-2c4"/>
      </symbol>
      <symbol id="sm-42f">
         <name>nwk_getMyAddress</name>
         <value>0xdd96</value>
         <object_component_ref idref="oc-1ac"/>
      </symbol>
      <symbol id="sm-5dc">
         <name>MRFI_Sleep</name>
         <value>0xda32</value>
         <object_component_ref idref="oc-306"/>
      </symbol>
      <symbol id="sm-5dd">
         <name>MRFI_PostKillSem</name>
         <value>0xde12</value>
         <object_component_ref idref="oc-4d2"/>
      </symbol>
      <symbol id="sm-5de">
         <name>MRFI_SetLogicalChannel</name>
         <value>0xd692</value>
         <object_component_ref idref="oc-25f"/>
      </symbol>
      <symbol id="sm-5df">
         <name>MRFI_Rssi</name>
         <value>0xd3dc</value>
         <object_component_ref idref="oc-454"/>
      </symbol>
      <symbol id="sm-5e0">
         <name>MRFI_Init</name>
         <value>0xc000</value>
         <object_component_ref idref="oc-19a"/>
      </symbol>
      <symbol id="sm-5e1">
         <name>mrfiSpiCmdStrobe</name>
         <value>0xd1dc</value>
         <object_component_ref idref="oc-20a"/>
      </symbol>
      <symbol id="sm-5e2">
         <name>__TI_int03</name>
         <value>0xffe6</value>
         <object_component_ref idref="oc-3f"/>
      </symbol>
      <symbol id="sm-5e3">
         <name>MRFI_RxAddrIsFiltered</name>
         <value>0xd30a</value>
         <object_component_ref idref="oc-1f8"/>
      </symbol>
      <symbol id="sm-5e4">
         <name>MRFI_SetRxAddrFilter</name>
         <value>0xd5f6</value>
         <object_component_ref idref="oc-1b2"/>
      </symbol>
      <symbol id="sm-5e5">
         <name>MRFI_RandomByte</name>
         <value>0xdcca</value>
         <object_component_ref idref="oc-3f5"/>
      </symbol>
      <symbol id="sm-5e6">
         <name>MRFI_RxOn</name>
         <value>0xda78</value>
         <object_component_ref idref="oc-2f4"/>
      </symbol>
      <symbol id="sm-5e7">
         <name>MRFI_GpioIsr</name>
         <value>0xdc16</value>
         <object_component_ref idref="oc-10e"/>
      </symbol>
      <symbol id="sm-5e8">
         <name>mrfiBroadcastAddr</name>
         <value>0xdf04</value>
         <object_component_ref idref="oc-2d7"/>
      </symbol>
      <symbol id="sm-5e9">
         <name>mrfiSpiReadReg</name>
         <value>0xdbda</value>
         <object_component_ref idref="oc-1e3"/>
      </symbol>
      <symbol id="sm-5ea">
         <name>mrfiSpiReadRxFifo</name>
         <value>0xde2a</value>
         <object_component_ref idref="oc-1e9"/>
      </symbol>
      <symbol id="sm-5eb">
         <name>MRFI_ReplyDelay</name>
         <value>0xd4a0</value>
         <object_component_ref idref="oc-2fa"/>
      </symbol>
      <symbol id="sm-5ec">
         <name>MRFI_WakeUp</name>
         <value>0xd58c</value>
         <object_component_ref idref="oc-1a6"/>
      </symbol>
      <symbol id="sm-5ed">
         <name>MRFI_Transmit</name>
         <value>0xc5ea</value>
         <object_component_ref idref="oc-4a4"/>
      </symbol>
      <symbol id="sm-5ee">
         <name>mrfiSpiWriteReg</name>
         <value>0xdc82</value>
         <object_component_ref idref="oc-256"/>
      </symbol>
      <symbol id="sm-5ef">
         <name>mrfiSpiWriteTxFifo</name>
         <value>0xdde8</value>
         <object_component_ref idref="oc-4e3"/>
      </symbol>
      <symbol id="sm-5f0">
         <name>MRFI_RxIdle</name>
         <value>0xdb1c</value>
         <object_component_ref idref="oc-300"/>
      </symbol>
      <symbol id="sm-5f1">
         <name>MRFI_GetRadioState</name>
         <value>0xde70</value>
         <object_component_ref idref="oc-2df"/>
      </symbol>
      <symbol id="sm-5f2">
         <name>MRFI_DelayMs</name>
         <value>0xdc9c</value>
         <object_component_ref idref="oc-1d3"/>
      </symbol>
      <symbol id="sm-5f3">
         <name>MRFI_EnableRxAddrFilter</name>
         <value>0xda56</value>
         <object_component_ref idref="oc-1b8"/>
      </symbol>
      <symbol id="sm-5f4">
         <name>MRFI_SetRFPwr</name>
         <value>0xd5c2</value>
         <object_component_ref idref="oc-265"/>
      </symbol>
      <symbol id="sm-5f5">
         <name>mrfiSpiInit</name>
         <value>0xd420</value>
         <object_component_ref idref="oc-24a"/>
      </symbol>
      <symbol id="sm-5f6">
         <name>MRFI_Receive</name>
         <value>0xddda</value>
         <object_component_ref idref="oc-39d"/>
      </symbol>
      <symbol id="sm-5f7">
         <name>BSP_GpioPort1Isr</name>
         <value>0xdc4e</value>
         <object_component_ref idref="oc-af"/>
      </symbol>
      <symbol id="sm-636">
         <name>BSP_Init</name>
         <value>0xdabc</value>
         <object_component_ref idref="oc-12b"/>
      </symbol>
      <symbol id="sm-637">
         <name>BSP_InitButtons</name>
         <value>0xde36</value>
         <object_component_ref idref="oc-225"/>
      </symbol>
      <symbol id="sm-638">
         <name>BSP_InitBoard</name>
         <value>0xdadc</value>
         <object_component_ref idref="oc-175"/>
      </symbol>
      <symbol id="sm-639">
         <name>BSP_InitLeds</name>
         <value>0xdcb4</value>
         <object_component_ref idref="oc-21f"/>
      </symbol>
      <symbol id="sm-63a">
         <name>BSP_Delay</name>
         <value>0xdbbc</value>
         <object_component_ref idref="oc-3cb"/>
      </symbol>
      <symbol id="sm-63b">
         <name>BSP_InitDrivers</name>
         <value>0xde40</value>
         <object_component_ref idref="oc-17b"/>
      </symbol>
      <symbol id="sm-63c">
         <name>_system_pre_init</name>
         <value>0xde4a</value>
         <object_component_ref idref="oc-bc"/>
      </symbol>
      <symbol id="sm-646">
         <name>__mspabi_sral</name>
         <value>0xddba</value>
         <object_component_ref idref="oc-271"/>
      </symbol>
      <symbol id="sm-64f">
         <name>_stack</name>
         <value>0x3b0</value>
         <object_component_ref idref="oc-8c"/>
      </symbol>
      <symbol id="sm-650">
         <name>_reset_vector</name>
         <value>0xfffe</value>
         <object_component_ref idref="oc-8f"/>
      </symbol>
      <symbol id="sm-65b">
         <name>_c_int00_noargs_noexit</name>
         <value>0xdc68</value>
         <object_component_ref idref="oc-68"/>
      </symbol>
      <symbol id="sm-671">
         <name>__TI_decompress_none</name>
         <value>0xdd72</value>
         <object_component_ref idref="oc-31"/>
      </symbol>
      <symbol id="sm-693">
         <name>__TI_decompress_rle24</name>
         <value>0xde7c</value>
         <object_component_ref idref="oc-37"/>
      </symbol>
      <symbol id="sm-6a6">
         <name>__TI_zero_init</name>
         <value>0xdd22</value>
         <object_component_ref idref="oc-4a"/>
      </symbol>
      <symbol id="sm-6b2">
         <name>__mspabi_remi</name>
         <value>0xd8a6</value>
         <object_component_ref idref="oc-391"/>
      </symbol>
      <symbol id="sm-6b3">
         <name>__mspabi_divi</name>
         <value>0xd8a6</value>
         <object_component_ref idref="oc-391"/>
      </symbol>
      <symbol id="sm-6bd">
         <name>__mspabi_remu</name>
         <value>0xdcf6</value>
         <object_component_ref idref="oc-46e"/>
      </symbol>
      <symbol id="sm-6be">
         <name>__mspabi_divu</name>
         <value>0xdcf6</value>
         <object_component_ref idref="oc-46e"/>
      </symbol>
      <symbol id="sm-6cd">
         <name>__mspabi_remul</name>
         <value>0xd088</value>
         <object_component_ref idref="oc-27b"/>
      </symbol>
      <symbol id="sm-6ce">
         <name>__mspabi_divul</name>
         <value>0xd088</value>
         <object_component_ref idref="oc-27b"/>
      </symbol>
      <symbol id="sm-6d7">
         <name>__mspabi_func_epilog_2</name>
         <value>0xddd4</value>
         <object_component_ref idref="oc-105"/>
      </symbol>
      <symbol id="sm-6d8">
         <name>__mspabi_func_epilog_3</name>
         <value>0xddd2</value>
         <object_component_ref idref="oc-105"/>
      </symbol>
      <symbol id="sm-6d9">
         <name>__mspabi_func_epilog_1</name>
         <value>0xddd6</value>
         <object_component_ref idref="oc-105"/>
      </symbol>
      <symbol id="sm-6da">
         <name>__mspabi_func_epilog_6</name>
         <value>0xddcc</value>
         <object_component_ref idref="oc-105"/>
      </symbol>
      <symbol id="sm-6db">
         <name>__mspabi_func_epilog_7</name>
         <value>0xddca</value>
         <object_component_ref idref="oc-105"/>
      </symbol>
      <symbol id="sm-6dc">
         <name>__mspabi_func_epilog_4</name>
         <value>0xddd0</value>
         <object_component_ref idref="oc-105"/>
      </symbol>
      <symbol id="sm-6dd">
         <name>__mspabi_func_epilog_5</name>
         <value>0xddce</value>
         <object_component_ref idref="oc-105"/>
      </symbol>
      <symbol id="sm-6e8">
         <name>C$$EXIT</name>
         <value>0xdea0</value>
         <object_component_ref idref="oc-e4"/>
      </symbol>
      <symbol id="sm-6e9">
         <name>abort</name>
         <value>0xdea0</value>
         <object_component_ref idref="oc-e4"/>
      </symbol>
      <symbol id="sm-6ec">
         <name>__TI_int00</name>
         <value>0xffe0</value>
         <object_component_ref idref="oc-3d"/>
      </symbol>
      <symbol id="sm-6ef">
         <name>__TI_int02</name>
         <value>0xffe4</value>
         <object_component_ref idref="oc-3e"/>
      </symbol>
      <symbol id="sm-6f2">
         <name>__TI_int05</name>
         <value>0xffea</value>
         <object_component_ref idref="oc-40"/>
      </symbol>
      <symbol id="sm-6f5">
         <name>__TI_int06</name>
         <value>0xffec</value>
         <object_component_ref idref="oc-41"/>
      </symbol>
      <symbol id="sm-6f8">
         <name>__TI_int07</name>
         <value>0xffee</value>
         <object_component_ref idref="oc-42"/>
      </symbol>
      <symbol id="sm-6fb">
         <name>__TI_int08</name>
         <value>0xfff0</value>
         <object_component_ref idref="oc-43"/>
      </symbol>
      <symbol id="sm-6fe">
         <name>__TI_int09</name>
         <value>0xfff2</value>
         <object_component_ref idref="oc-44"/>
      </symbol>
      <symbol id="sm-701">
         <name>__TI_int10</name>
         <value>0xfff4</value>
         <object_component_ref idref="oc-45"/>
      </symbol>
      <symbol id="sm-704">
         <name>__TI_int11</name>
         <value>0xfff6</value>
         <object_component_ref idref="oc-46"/>
      </symbol>
      <symbol id="sm-707">
         <name>__TI_int12</name>
         <value>0xfff8</value>
         <object_component_ref idref="oc-47"/>
      </symbol>
      <symbol id="sm-70a">
         <name>__TI_int13</name>
         <value>0xfffa</value>
         <object_component_ref idref="oc-48"/>
      </symbol>
      <symbol id="sm-70d">
         <name>__TI_int14</name>
         <value>0xfffc</value>
         <object_component_ref idref="oc-49"/>
      </symbol>
      <symbol id="sm-715">
         <name>__TI_ISR_TRAP</name>
         <value>0xde76</value>
         <object_component_ref idref="oc-aa"/>
      </symbol>
      <symbol id="sm-71e">
         <name>__mspabi_srli_8</name>
         <value>0xd2a0</value>
         <object_component_ref idref="oc-280"/>
      </symbol>
      <symbol id="sm-71f">
         <name>__mspabi_srli_9</name>
         <value>0xd29c</value>
         <object_component_ref idref="oc-280"/>
      </symbol>
      <symbol id="sm-720">
         <name>__mspabi_srli_6</name>
         <value>0xd2a8</value>
         <object_component_ref idref="oc-280"/>
      </symbol>
      <symbol id="sm-721">
         <name>__mspabi_srli_7</name>
         <value>0xd2a4</value>
         <object_component_ref idref="oc-280"/>
      </symbol>
      <symbol id="sm-722">
         <name>__mspabi_srli_4</name>
         <value>0xd2b0</value>
         <object_component_ref idref="oc-280"/>
      </symbol>
      <symbol id="sm-723">
         <name>__mspabi_srli_5</name>
         <value>0xd2ac</value>
         <object_component_ref idref="oc-280"/>
      </symbol>
      <symbol id="sm-724">
         <name>__mspabi_srli_2</name>
         <value>0xd2b8</value>
         <object_component_ref idref="oc-280"/>
      </symbol>
      <symbol id="sm-725">
         <name>__mspabi_srli_3</name>
         <value>0xd2b4</value>
         <object_component_ref idref="oc-280"/>
      </symbol>
      <symbol id="sm-726">
         <name>__mspabi_srli_1</name>
         <value>0xd2bc</value>
         <object_component_ref idref="oc-280"/>
      </symbol>
      <symbol id="sm-727">
         <name>__mspabi_srli</name>
         <value>0xd276</value>
         <object_component_ref idref="oc-280"/>
      </symbol>
      <symbol id="sm-728">
         <name>__mspabi_srli_15</name>
         <value>0xd284</value>
         <object_component_ref idref="oc-280"/>
      </symbol>
      <symbol id="sm-729">
         <name>__mspabi_srli_14</name>
         <value>0xd288</value>
         <object_component_ref idref="oc-280"/>
      </symbol>
      <symbol id="sm-72a">
         <name>__mspabi_srli_13</name>
         <value>0xd28c</value>
         <object_component_ref idref="oc-280"/>
      </symbol>
      <symbol id="sm-72b">
         <name>__mspabi_srli_12</name>
         <value>0xd290</value>
         <object_component_ref idref="oc-280"/>
      </symbol>
      <symbol id="sm-72c">
         <name>__mspabi_srli_11</name>
         <value>0xd294</value>
         <object_component_ref idref="oc-280"/>
      </symbol>
      <symbol id="sm-72d">
         <name>__mspabi_srli_10</name>
         <value>0xd298</value>
         <object_component_ref idref="oc-280"/>
      </symbol>
      <symbol id="sm-73c">
         <name>memcmp</name>
         <value>0xda9a</value>
         <object_component_ref idref="oc-43c"/>
      </symbol>
      <symbol id="sm-74a">
         <name>memcpy</name>
         <value>0xdd84</value>
         <object_component_ref idref="oc-90"/>
      </symbol>
      <symbol id="sm-759">
         <name>memmove</name>
         <value>0xdb5c</value>
         <object_component_ref idref="oc-41e"/>
      </symbol>
      <symbol id="sm-767">
         <name>memset</name>
         <value>0xdd4a</value>
         <object_component_ref idref="oc-1f2"/>
      </symbol>
      <symbol id="sm-772">
         <name>__mspabi_mpyi_sw</name>
         <value>0xdd5e</value>
         <object_component_ref idref="oc-285"/>
      </symbol>
      <symbol id="sm-773">
         <name>__mspabi_mpyi</name>
         <value>0xdd5e</value>
         <object_component_ref idref="oc-285"/>
      </symbol>
      <symbol id="sm-77d">
         <name>__mspabi_mpyl_sw</name>
         <value>0xda0c</value>
         <object_component_ref idref="oc-276"/>
      </symbol>
      <symbol id="sm-77e">
         <name>__mspabi_mpyl</name>
         <value>0xda0c</value>
         <object_component_ref idref="oc-276"/>
      </symbol>
      <symbol id="sm-797">
         <name>_auto_init</name>
         <value>0xd030</value>
         <object_component_ref idref="oc-c2"/>
      </symbol>
      <symbol id="sm-799">
         <name>__TI_INITARRAY_Base</name>
         <value>0x0</value>
      </symbol>
      <symbol id="sm-79a">
         <name>__TI_INITARRAY_Limit</name>
         <value>0x0</value>
      </symbol>
      <symbol id="sm-79b">
         <name>SMPL_Link</name>
         <value>0xc368</value>
      </symbol>
   </symbol_table>
   <title>Link successful</title>
</link_info>
